Archive member included to satisfy reference by file (symbol)

/usr/lib/gcc/arm-none-eabi/4.9.3/armv7e-m/libgcc.a(_arm_addsubdf3.o)
                              obj/3dmain.o (__aeabi_i2d)
/usr/lib/gcc/arm-none-eabi/4.9.3/armv7e-m/libgcc.a(_arm_muldivdf3.o)
                              obj/3dmain.o (__aeabi_dmul)
/usr/lib/gcc/arm-none-eabi/4.9.3/armv7e-m/libgcc.a(_arm_truncdfsf2.o)
                              obj/3dmain.o (__aeabi_d2f)
/usr/lib/gcc/arm-none-eabi/4.9.3/../../../arm-none-eabi/lib/armv7e-m/libm.a(lib_a-s_cos.o)
                              obj/3dmain.o (cos)
/usr/lib/gcc/arm-none-eabi/4.9.3/../../../arm-none-eabi/lib/armv7e-m/libm.a(lib_a-s_sin.o)
                              obj/3dmain.o (sin)
/usr/lib/gcc/arm-none-eabi/4.9.3/../../../arm-none-eabi/lib/armv7e-m/libm.a(lib_a-sf_sin.o)
                              obj/matrix4.o (sinf)
/usr/lib/gcc/arm-none-eabi/4.9.3/../../../arm-none-eabi/lib/armv7e-m/libm.a(lib_a-sf_tan.o)
                              obj/matrix4.o (tanf)
/usr/lib/gcc/arm-none-eabi/4.9.3/../../../arm-none-eabi/lib/armv7e-m/libm.a(lib_a-wf_sqrt.o)
                              obj/fvector3.o (sqrtf)
/usr/lib/gcc/arm-none-eabi/4.9.3/../../../arm-none-eabi/lib/armv7e-m/libm.a(lib_a-e_rem_pio2.o)
                              /usr/lib/gcc/arm-none-eabi/4.9.3/../../../arm-none-eabi/lib/armv7e-m/libm.a(lib_a-s_cos.o) (__ieee754_rem_pio2)
/usr/lib/gcc/arm-none-eabi/4.9.3/../../../arm-none-eabi/lib/armv7e-m/libm.a(lib_a-ef_rem_pio2.o)
                              /usr/lib/gcc/arm-none-eabi/4.9.3/../../../arm-none-eabi/lib/armv7e-m/libm.a(lib_a-sf_sin.o) (__ieee754_rem_pio2f)
/usr/lib/gcc/arm-none-eabi/4.9.3/../../../arm-none-eabi/lib/armv7e-m/libm.a(lib_a-ef_sqrt.o)
                              /usr/lib/gcc/arm-none-eabi/4.9.3/../../../arm-none-eabi/lib/armv7e-m/libm.a(lib_a-wf_sqrt.o) (__ieee754_sqrtf)
/usr/lib/gcc/arm-none-eabi/4.9.3/../../../arm-none-eabi/lib/armv7e-m/libm.a(lib_a-k_cos.o)
                              /usr/lib/gcc/arm-none-eabi/4.9.3/../../../arm-none-eabi/lib/armv7e-m/libm.a(lib_a-s_cos.o) (__kernel_cos)
/usr/lib/gcc/arm-none-eabi/4.9.3/../../../arm-none-eabi/lib/armv7e-m/libm.a(lib_a-k_rem_pio2.o)
                              /usr/lib/gcc/arm-none-eabi/4.9.3/../../../arm-none-eabi/lib/armv7e-m/libm.a(lib_a-e_rem_pio2.o) (__kernel_rem_pio2)
/usr/lib/gcc/arm-none-eabi/4.9.3/../../../arm-none-eabi/lib/armv7e-m/libm.a(lib_a-k_sin.o)
                              /usr/lib/gcc/arm-none-eabi/4.9.3/../../../arm-none-eabi/lib/armv7e-m/libm.a(lib_a-s_cos.o) (__kernel_sin)
/usr/lib/gcc/arm-none-eabi/4.9.3/../../../arm-none-eabi/lib/armv7e-m/libm.a(lib_a-kf_cos.o)
                              /usr/lib/gcc/arm-none-eabi/4.9.3/../../../arm-none-eabi/lib/armv7e-m/libm.a(lib_a-sf_sin.o) (__kernel_cosf)
/usr/lib/gcc/arm-none-eabi/4.9.3/../../../arm-none-eabi/lib/armv7e-m/libm.a(lib_a-kf_rem_pio2.o)
                              /usr/lib/gcc/arm-none-eabi/4.9.3/../../../arm-none-eabi/lib/armv7e-m/libm.a(lib_a-ef_rem_pio2.o) (__kernel_rem_pio2f)
/usr/lib/gcc/arm-none-eabi/4.9.3/../../../arm-none-eabi/lib/armv7e-m/libm.a(lib_a-kf_sin.o)
                              /usr/lib/gcc/arm-none-eabi/4.9.3/../../../arm-none-eabi/lib/armv7e-m/libm.a(lib_a-sf_sin.o) (__kernel_sinf)
/usr/lib/gcc/arm-none-eabi/4.9.3/../../../arm-none-eabi/lib/armv7e-m/libm.a(lib_a-kf_tan.o)
                              /usr/lib/gcc/arm-none-eabi/4.9.3/../../../arm-none-eabi/lib/armv7e-m/libm.a(lib_a-sf_tan.o) (__kernel_tanf)
/usr/lib/gcc/arm-none-eabi/4.9.3/../../../arm-none-eabi/lib/armv7e-m/libm.a(lib_a-s_fabs.o)
                              /usr/lib/gcc/arm-none-eabi/4.9.3/../../../arm-none-eabi/lib/armv7e-m/libm.a(lib_a-e_rem_pio2.o) (fabs)
/usr/lib/gcc/arm-none-eabi/4.9.3/../../../arm-none-eabi/lib/armv7e-m/libm.a(lib_a-s_floor.o)
                              /usr/lib/gcc/arm-none-eabi/4.9.3/../../../arm-none-eabi/lib/armv7e-m/libm.a(lib_a-k_rem_pio2.o) (floor)
/usr/lib/gcc/arm-none-eabi/4.9.3/../../../arm-none-eabi/lib/armv7e-m/libm.a(lib_a-s_lib_ver.o)
                              /usr/lib/gcc/arm-none-eabi/4.9.3/../../../arm-none-eabi/lib/armv7e-m/libm.a(lib_a-wf_sqrt.o) (__fdlib_version)
/usr/lib/gcc/arm-none-eabi/4.9.3/../../../arm-none-eabi/lib/armv7e-m/libm.a(lib_a-s_matherr.o)
                              /usr/lib/gcc/arm-none-eabi/4.9.3/../../../arm-none-eabi/lib/armv7e-m/libm.a(lib_a-wf_sqrt.o) (matherr)
/usr/lib/gcc/arm-none-eabi/4.9.3/../../../arm-none-eabi/lib/armv7e-m/libm.a(lib_a-s_scalbn.o)
                              /usr/lib/gcc/arm-none-eabi/4.9.3/../../../arm-none-eabi/lib/armv7e-m/libm.a(lib_a-k_rem_pio2.o) (scalbn)
/usr/lib/gcc/arm-none-eabi/4.9.3/../../../arm-none-eabi/lib/armv7e-m/libm.a(lib_a-sf_fabs.o)
                              /usr/lib/gcc/arm-none-eabi/4.9.3/../../../arm-none-eabi/lib/armv7e-m/libm.a(lib_a-ef_rem_pio2.o) (fabsf)
/usr/lib/gcc/arm-none-eabi/4.9.3/../../../arm-none-eabi/lib/armv7e-m/libm.a(lib_a-sf_floor.o)
[...]
Memory Configuration

Name             Origin             Length             Attributes
RAM              0x0000000020000000 0x0000000000020000 xrw
FLASH            0x0000000008000000 0x0000000000080000 xr
*default*        0x0000000000000000 0xffffffffffffffff

Linker script and memory map

LOAD /usr/lib/gcc/arm-none-eabi/4.9.3/armv7e-m/crti.o
LOAD /usr/lib/gcc/arm-none-eabi/4.9.3/armv7e-m/crtbegin.o
LOAD /usr/lib/gcc/arm-none-eabi/4.9.3/../../../arm-none-eabi/lib/armv7e-m/crt0.o
LOAD obj/lcd.o
LOAD obj/stm32f4xx_hal_msp.o
LOAD obj/main.o
LOAD obj/stm32f4xx_it.o
LOAD obj/system_stm32f4xx.o
LOAD obj/stm32f4xx_hal_rcc_ex.o
LOAD obj/stm32f4xx_hal.o
LOAD obj/stm32f4xx_hal_flash_ex.o
LOAD obj/stm32f4xx_hal_flash_ramfunc.o
LOAD obj/stm32f4xx_hal_spi.o
LOAD obj/stm32f4xx_hal_gpio.o
LOAD obj/stm32f4xx_hal_cortex.o
LOAD obj/stm32f4xx_hal_tim_ex.o
LOAD obj/stm32f4xx_hal_dma.o
LOAD obj/stm32f4xx_hal_pwr.o
LOAD obj/stm32f4xx_hal_tim.o
LOAD obj/stm32f4xx_hal_dma_ex.o
LOAD obj/stm32f4xx_hal_rcc.o
LOAD obj/stm32f4xx_hal_flash.o
LOAD obj/stm32f4xx_hal_pwr_ex.o
LOAD obj/fvector3.o
LOAD obj/matrix4.o
LOAD obj/triangle.o
LOAD obj/fvector2.o
LOAD obj/3dmain.o
LOAD obj/texturepoly.o
LOAD obj/vector2.o
LOAD obj/vector3.o
LOAD obj/test.o
LOAD obj/graphicdraw.o
LOAD obj/startup.o
START GROUP
LOAD /usr/lib/gcc/arm-none-eabi/4.9.3/armv7e-m/libgcc.a
LOAD /usr/lib/gcc/arm-none-eabi/4.9.3/../../../arm-none-eabi/lib/armv7e-m/libm.a
LOAD /usr/lib/gcc/arm-none-eabi/4.9.3/../../../arm-none-eabi/lib/armv7e-m/libc_nano.a
END GROUP
START GROUP
LOAD /usr/lib/gcc/arm-none-eabi/4.9.3/armv7e-m/libgcc.a
LOAD /usr/lib/gcc/arm-none-eabi/4.9.3/../../../arm-none-eabi/lib/armv7e-m/libc_nano.a
END GROUP
START GROUP
LOAD /usr/lib/gcc/arm-none-eabi/4.9.3/armv7e-m/libgcc.a
LOAD /usr/lib/gcc/arm-none-eabi/4.9.3/../../../arm-none-eabi/lib/armv7e-m/libc_nano.a
END GROUP
LOAD /usr/lib/gcc/arm-none-eabi/4.9.3/armv7e-m/crtend.o
LOAD /usr/lib/gcc/arm-none-eabi/4.9.3/armv7e-m/crtn.o
                0x0000000020020000                _estack = 0x20020000
                0x0000000000000200                _Min_Heap_Size = 0x200
                0x0000000000000400                _Min_Stack_Size = 0x400

.isr_vector     0x0000000008000000      0x1c4
                0x0000000008000000                . = ALIGN (0x4)
 *(.isr_vector)
 .isr_vector    0x0000000008000000      0x1c4 obj/startup.o
                0x0000000008000000                g_pfnVectors
                0x00000000080001c4                . = ALIGN (0x4)

.text           0x00000000080001c8     0x6ec4
                0x00000000080001c8                . = ALIGN (0x4)
 *(.text)
 .text          0x00000000080001c8       0xa4 /usr/lib/gcc/arm-none-eabi/4.9.3/armv7e-m/crtbegin.o
 .text          0x000000000800026c      0x370 /usr/lib/gcc/arm-none-eabi/4.9.3/armv7e-m/libgcc.a(_arm_addsubdf3.o)
                0x000000000800026c                __aeabi_drsub
                0x0000000008000274                __aeabi_dsub
                0x0000000008000274                __subdf3
                0x0000000008000278                __adddf3
                0x0000000008000278                __aeabi_dadd
                0x00000000080004f0                __aeabi_ui2d
                0x00000000080004f0                __floatunsidf
                0x0000000008000510                __floatsidf
                0x0000000008000510                __aeabi_i2d
                0x0000000008000534                __extendsfdf2
                0x0000000008000534                __aeabi_f2d
                0x0000000008000570                __aeabi_ul2d
                0x0000000008000570                __floatundidf
                0x0000000008000580                __floatdidf
                0x0000000008000580                __aeabi_l2d
 .text          0x00000000080005dc      0x424 /usr/lib/gcc/arm-none-eabi/4.9.3/armv7e-m/libgcc.a(_arm_muldivdf3.o)
                0x00000000080005dc                __aeabi_dmul
                0x00000000080005dc                __muldf3
                0x0000000008000830                __aeabi_ddiv
                0x0000000008000830                __divdf3
 .text          0x0000000008000a00       0xa0 /usr/lib/gcc/arm-none-eabi/4.9.3/armv7e-m/libgcc.a(_arm_truncdfsf2.o)
                0x0000000008000a00                __aeabi_d2f
                0x0000000008000a00                __truncdfsf2
 .text          0x0000000008000aa0      0x110 /usr/lib/gcc/arm-none-eabi/4.9.3/armv7e-m/libgcc.a(_arm_cmpdf2.o)
                0x0000000008000aa0                __gtdf2
                0x0000000008000aa0                __gedf2
                0x0000000008000aa8                __ltdf2
                0x0000000008000aa8                __ledf2
                0x0000000008000ab0                __cmpdf2
                0x0000000008000ab0                __eqdf2
                0x0000000008000ab0                __nedf2
                0x0000000008000b2c                __aeabi_cdrcmple
                0x0000000008000b3c                __aeabi_cdcmple
                0x0000000008000b3c                __aeabi_cdcmpeq
                0x0000000008000b4c                __aeabi_dcmpeq
                0x0000000008000b60                __aeabi_dcmplt
                0x0000000008000b74                __aeabi_dcmple
                0x0000000008000b88                __aeabi_dcmpge
                0x0000000008000b9c                __aeabi_dcmpgt
 .text          0x0000000008000bb0       0x50 /usr/lib/gcc/arm-none-eabi/4.9.3/armv7e-m/libgcc.a(_arm_fixdfsi.o)
                0x0000000008000bb0                __fixdfsi
                0x0000000008000bb0                __aeabi_d2iz
 .text          0x0000000008000c00      0x21c /usr/lib/gcc/arm-none-eabi/4.9.3/armv7e-m/libgcc.a(_arm_addsubsf3.o)
                0x0000000008000c00                __aeabi_frsub
                0x0000000008000c08                __subsf3
                0x0000000008000c08                __aeabi_fsub
                0x0000000008000c0c                __aeabi_fadd
                0x0000000008000c0c                __addsf3
                0x0000000008000d6c                __aeabi_ui2f
                0x0000000008000d6c                __floatunsisf
                0x0000000008000d74                __aeabi_i2f
                0x0000000008000d74                __floatsisf
                0x0000000008000d90                __floatundisf
                0x0000000008000d90                __aeabi_ul2f
                0x0000000008000da0                __floatdisf
                0x0000000008000da0                __aeabi_l2f
 .text          0x0000000008000e1c      0x2a0 /usr/lib/gcc/arm-none-eabi/4.9.3/armv7e-m/libgcc.a(_arm_muldivsf3.o)
                0x0000000008000e1c                __mulsf3
                0x0000000008000e1c                __aeabi_fmul
                0x0000000008000f84                __divsf3
                0x0000000008000f84                __aeabi_fdiv
 .text          0x00000000080010bc       0xec /usr/lib/gcc/arm-none-eabi/4.9.3/armv7e-m/libgcc.a(_arm_cmpsf2.o)
                0x00000000080010bc                __gtsf2
                0x00000000080010bc                __gesf2
                0x00000000080010c4                __lesf2
                0x00000000080010c4                __ltsf2
                0x00000000080010cc                __nesf2
                0x00000000080010cc                __eqsf2
                0x00000000080010cc                __cmpsf2
                0x000000000800112c                __aeabi_cfrcmple
                0x0000000008001134                __aeabi_cfcmple
                0x0000000008001134                __aeabi_cfcmpeq
                0x0000000008001144                __aeabi_fcmpeq
                0x0000000008001158                __aeabi_fcmplt
                0x000000000800116c                __aeabi_fcmple
                0x0000000008001180                __aeabi_fcmpge
                0x0000000008001194                __aeabi_fcmpgt
 .text          0x00000000080011a8       0x4c /usr/lib/gcc/arm-none-eabi/4.9.3/armv7e-m/libgcc.a(_arm_fixsfsi.o)
                0x00000000080011a8                __fixsfsi
                0x00000000080011a8                __aeabi_f2iz
 *(.text*)
 .text.LCD_Init
                0x00000000080011f4      0x578 obj/lcd.o
                0x00000000080011f4                LCD_Init
 .text.LCD_out  0x000000000800176c      0x264 obj/lcd.o
                0x000000000800176c                LCD_out
 .text.HAL_MspInit
                0x00000000080019d0       0x60 obj/stm32f4xx_hal_msp.o
                0x00000000080019d0                HAL_MspInit
 .text.HAL_SPI_MspInit
                0x0000000008001a30       0xcc obj/stm32f4xx_hal_msp.o
                0x0000000008001a30                HAL_SPI_MspInit
 .text.SystemClock_Config
                0x0000000008001afc       0xb8 obj/main.o
                0x0000000008001afc                SystemClock_Config
 .text.startup.main
                0x0000000008001bb4      0x128 obj/main.o
                0x0000000008001bb4                main
 .text.toggleLED
                0x0000000008001cdc        0xc obj/main.o
                0x0000000008001cdc                toggleLED
 .text.Error_Handler
                0x0000000008001ce8        0x4 obj/main.o
                0x0000000008001ce8                Error_Handler
 .text.SysTick_Handler
                0x0000000008001cec       0x10 obj/stm32f4xx_it.o
                0x0000000008001cec                SysTick_Handler
 .text.DMA1_Stream4_IRQHandler
                0x0000000008001cfc       0x24 obj/stm32f4xx_it.o
                0x0000000008001cfc                DMA1_Stream4_IRQHandler
 .text.SystemInit
                0x0000000008001d20       0x50 obj/system_stm32f4xx.o
                0x0000000008001d20                SystemInit
 .text.HAL_RCC_GetSysClockFreq
                0x0000000008001d70       0xe0 obj/stm32f4xx_hal_rcc_ex.o
                0x0000000008001d70                HAL_RCC_GetSysClockFreq
 .text.HAL_RCC_OscConfig
                0x0000000008001e50      0x3c0 obj/stm32f4xx_hal_rcc_ex.o
                0x0000000008001e50                HAL_RCC_OscConfig
 .text.HAL_InitTick
                0x0000000008002210       0x2c obj/stm32f4xx_hal.o
                0x0000000008002210                HAL_InitTick
 .text.HAL_Init
                0x000000000800223c       0x34 obj/stm32f4xx_hal.o
                0x000000000800223c                HAL_Init
 .text.HAL_IncTick
                0x0000000008002270       0x10 obj/stm32f4xx_hal.o
                0x0000000008002270                HAL_IncTick
 .text.HAL_GetTick
                0x0000000008002280        0xc obj/stm32f4xx_hal.o
                0x0000000008002280                HAL_GetTick
 .text.HAL_Delay
                0x000000000800228c       0x24 obj/stm32f4xx_hal.o
                0x000000000800228c                HAL_Delay
 .text.SPI_WaitFlagStateUntilTimeout.part.0
                0x00000000080022b0       0x54 obj/stm32f4xx_hal_spi.o
 .text.HAL_SPI_Init
                0x0000000008002304       0xac obj/stm32f4xx_hal_spi.o
                0x0000000008002304                HAL_SPI_Init
 .text.HAL_SPI_Transmit
                0x00000000080023b0      0x2bc obj/stm32f4xx_hal_spi.o
                0x00000000080023b0                HAL_SPI_Transmit
 .text.HAL_SPI_Transmit_DMA
                0x000000000800266c       0xac obj/stm32f4xx_hal_spi.o
                0x000000000800266c                HAL_SPI_Transmit_DMA
 .text.HAL_SPI_TxCpltCallback
                0x0000000008002718        0x4 obj/stm32f4xx_hal_spi.o
                0x0000000008002718                HAL_SPI_TxCpltCallback
 .text.HAL_SPI_TxHalfCpltCallback
                0x000000000800271c        0x4 obj/stm32f4xx_hal_spi.o
                0x000000000800271c                HAL_SPI_TxHalfCpltCallback
 .text.SPI_DMAHalfTransmitCplt
                0x0000000008002720        0xc obj/stm32f4xx_hal_spi.o
 .text.HAL_SPI_ErrorCallback
                0x000000000800272c        0x4 obj/stm32f4xx_hal_spi.o
                0x000000000800272c                HAL_SPI_ErrorCallback
 .text.SPI_DMAError
                0x0000000008002730       0x24 obj/stm32f4xx_hal_spi.o
 .text.SPI_DMATransmitCplt
                0x0000000008002754       0xcc obj/stm32f4xx_hal_spi.o
 .text.HAL_GPIO_Init
                0x0000000008002820      0x234 obj/stm32f4xx_hal_gpio.o
                0x0000000008002820                HAL_GPIO_Init
 .text.HAL_GPIO_WritePin
                0x0000000008002a54        0x8 obj/stm32f4xx_hal_gpio.o
                0x0000000008002a54                HAL_GPIO_WritePin
 .text.HAL_GPIO_TogglePin
                0x0000000008002a5c        0x8 obj/stm32f4xx_hal_gpio.o
                0x0000000008002a5c                HAL_GPIO_TogglePin
 .text.HAL_NVIC_SetPriorityGrouping
                0x0000000008002a64       0x24 obj/stm32f4xx_hal_cortex.o
                0x0000000008002a64                HAL_NVIC_SetPriorityGrouping
 .text.HAL_NVIC_SetPriority
                0x0000000008002a88       0x6c obj/stm32f4xx_hal_cortex.o
                0x0000000008002a88                HAL_NVIC_SetPriority
 .text.HAL_NVIC_EnableIRQ
                0x0000000008002af4       0x18 obj/stm32f4xx_hal_cortex.o
                0x0000000008002af4                HAL_NVIC_EnableIRQ
 .text.HAL_SYSTICK_Config
                0x0000000008002b0c       0x34 obj/stm32f4xx_hal_cortex.o
                0x0000000008002b0c                HAL_SYSTICK_Config
 .text.HAL_SYSTICK_CLKSourceConfig
                0x0000000008002b40       0x18 obj/stm32f4xx_hal_cortex.o
                0x0000000008002b40                HAL_SYSTICK_CLKSourceConfig
 .text.HAL_SYSTICK_Callback
                0x0000000008002b58        0x4 obj/stm32f4xx_hal_cortex.o
                0x0000000008002b58                HAL_SYSTICK_Callback
 .text.HAL_SYSTICK_IRQHandler
                0x0000000008002b5c        0x8 obj/stm32f4xx_hal_cortex.o
                0x0000000008002b5c                HAL_SYSTICK_IRQHandler
 .text.HAL_DMA_Init
                0x0000000008002b64      0x158 obj/stm32f4xx_hal_dma.o
                0x0000000008002b64                HAL_DMA_Init
 .text.HAL_DMA_Start_IT
                0x0000000008002cbc       0x84 obj/stm32f4xx_hal_dma.o
                0x0000000008002cbc                HAL_DMA_Start_IT
 .text.HAL_DMA_IRQHandler
                0x0000000008002d40      0x1a8 obj/stm32f4xx_hal_dma.o
                0x0000000008002d40                HAL_DMA_IRQHandler
 .text.HAL_RCC_ClockConfig
                0x0000000008002ee8      0x16c obj/stm32f4xx_hal_rcc.o
                0x0000000008002ee8                HAL_RCC_ClockConfig
 .text.HAL_RCC_GetHCLKFreq
                0x0000000008003054        0xc obj/stm32f4xx_hal_rcc.o
                0x0000000008003054                HAL_RCC_GetHCLKFreq
 .text.HAL_PWREx_EnableOverDrive
                0x0000000008003060       0x9c obj/stm32f4xx_hal_pwr_ex.o
                0x0000000008003060                HAL_PWREx_EnableOverDrive
 .text._ZN8fvector33absEv
                0x00000000080030fc       0x38 obj/fvector3.o
                0x00000000080030fc                fvector3::abs()
 .text._Z15loadPerspectiveffffii
                0x0000000008003134       0xa0 obj/matrix4.o
                0x0000000008003134                loadPerspective(float, float, float, float, int, int)
 .text._Z6lookat8fvector3S_
                0x00000000080031d4      0x28c obj/matrix4.o
                0x00000000080031d4                lookat(fvector3, fvector3)
 .text._Z7magnifyf
                0x0000000008003460       0x30 obj/matrix4.o
                0x0000000008003460                magnify(float)
 .text._ZN8triangle5cyminEv
                0x0000000008003490       0x10 obj/triangle.o
                0x0000000008003490                triangle::cymin()
 .text._ZN8triangle5cymaxEv
                0x00000000080034a0       0x10 obj/triangle.o
                0x00000000080034a0                triangle::cymax()
 .text._ZmlRK7Matrix4S1_
                0x00000000080034b0      0x210 obj/3dmain.o
 .text._Z6main3dv
                0x00000000080036c0      0xacc obj/3dmain.o
                0x00000000080036c0                main3d()
 .text.startup._GLOBAL__sub_I_pv
                0x000000000800418c      0x17c obj/3dmain.o
 .text._ZN15texturetriangle4drawEPfPt
                0x0000000008004308      0x360 obj/texturepoly.o
                0x0000000008004308                texturetriangle::draw(float*, unsigned short*)
 .text._ZN15texturetriangle12triangle_setEP8fvector4fPK9texture_tPK8fvector2
                0x0000000008004668      0x698 obj/texturepoly.o
                0x0000000008004668                texturetriangle::triangle_set(fvector4*, float, texture_t const*, fvector2 const*)
 .text._ZN7vector2C2Ev
                0x0000000008004d00        0x8 obj/vector2.o
                0x0000000008004d00                vector2::vector2()
                0x0000000008004d00                vector2::vector2()
 .text._ZN7vector2C2Eii
                0x0000000008004d08        0x8 obj/vector2.o
                0x0000000008004d08                vector2::vector2(int, int)
                0x0000000008004d08                vector2::vector2(int, int)
 .text._ZN7vector2aSERKS_
                0x0000000008004d10       0x10 obj/vector2.o
                0x0000000008004d10                vector2::operator=(vector2 const&)
 .text.appmain  0x0000000008004d20       0x50 obj/test.o
                0x0000000008004d20                appmain
 .text.Reset_Handler
                0x0000000008004d70       0x50 obj/startup.o
                0x0000000008004d70                Reset_Handler
 .text.Default_Handler
                0x0000000008004dc0        0x2 obj/startup.o
                0x0000000008004dc0                RTC_Alarm_IRQHandler
                0x0000000008004dc0                EXTI2_IRQHandler
                0x0000000008004dc0                TIM8_CC_IRQHandler
                0x0000000008004dc0                DebugMon_Handler
                0x0000000008004dc0                SPI4_IRQHandler
                0x0000000008004dc0                TIM1_CC_IRQHandler
                0x0000000008004dc0                DMA2_Stream5_IRQHandler
                0x0000000008004dc0                HardFault_Handler
                0x0000000008004dc0                DMA1_Stream5_IRQHandler
                0x0000000008004dc0                PVD_IRQHandler
                0x0000000008004dc0                SDIO_IRQHandler
                0x0000000008004dc0                TAMP_STAMP_IRQHandler
                0x0000000008004dc0                PendSV_Handler
                0x0000000008004dc0                NMI_Handler
                0x0000000008004dc0                CAN2_RX1_IRQHandler
                0x0000000008004dc0                EXTI3_IRQHandler
                0x0000000008004dc0                TIM8_TRG_COM_TIM14_IRQHandler
                0x0000000008004dc0                TIM1_UP_TIM10_IRQHandler
                0x0000000008004dc0                TIM8_UP_TIM13_IRQHandler
                0x0000000008004dc0                I2C3_ER_IRQHandler
                0x0000000008004dc0                FMPI2C1_Event_IRQHandler
                0x0000000008004dc0                EXTI0_IRQHandler
                0x0000000008004dc0                I2C2_EV_IRQHandler
                0x0000000008004dc0                DMA1_Stream2_IRQHandler
                0x0000000008004dc0                CAN1_RX0_IRQHandler
                0x0000000008004dc0                FPU_IRQHandler
                0x0000000008004dc0                OTG_HS_WKUP_IRQHandler
                0x0000000008004dc0                UsageFault_Handler
                0x0000000008004dc0                CAN2_SCE_IRQHandler
                0x0000000008004dc0                DMA2_Stream2_IRQHandler
                0x0000000008004dc0                SPI1_IRQHandler
                0x0000000008004dc0                TIM6_DAC_IRQHandler
                0x0000000008004dc0                TIM1_BRK_TIM9_IRQHandler
                0x0000000008004dc0                DCMI_IRQHandler
                0x0000000008004dc0                CAN2_RX0_IRQHandler
                0x0000000008004dc0                DMA2_Stream3_IRQHandler
                0x0000000008004dc0                SAI2_IRQHandler
                0x0000000008004dc0                USART6_IRQHandler
                0x0000000008004dc0                USART3_IRQHandler
                0x0000000008004dc0                CAN1_RX1_IRQHandler
                0x0000000008004dc0                UART5_IRQHandler
                0x0000000008004dc0                DMA2_Stream0_IRQHandler
                0x0000000008004dc0                TIM4_IRQHandler
                0x0000000008004dc0                QUADSPI_IRQHandler
                0x0000000008004dc0                I2C1_EV_IRQHandler
                0x0000000008004dc0                DMA1_Stream6_IRQHandler
                0x0000000008004dc0                DMA1_Stream1_IRQHandler
                0x0000000008004dc0                UART4_IRQHandler
                0x0000000008004dc0                TIM3_IRQHandler
                0x0000000008004dc0                RCC_IRQHandler
                0x0000000008004dc0                TIM8_BRK_TIM12_IRQHandler
                0x0000000008004dc0                Default_Handler
                0x0000000008004dc0                CEC_IRQHandler
                0x0000000008004dc0                EXTI15_10_IRQHandler
                0x0000000008004dc0                ADC_IRQHandler
                0x0000000008004dc0                DMA1_Stream7_IRQHandler
                0x0000000008004dc0                TIM7_IRQHandler
                0x0000000008004dc0                CAN2_TX_IRQHandler
                0x0000000008004dc0                TIM5_IRQHandler
                0x0000000008004dc0                DMA2_Stream7_IRQHandler
                0x0000000008004dc0                I2C3_EV_IRQHandler
                0x0000000008004dc0                EXTI9_5_IRQHandler
                0x0000000008004dc0                RTC_WKUP_IRQHandler
                0x0000000008004dc0                SPDIF_RX_IRQHandler
                0x0000000008004dc0                SPI2_IRQHandler
                0x0000000008004dc0                OTG_HS_EP1_IN_IRQHandler
                0x0000000008004dc0                MemManage_Handler
                0x0000000008004dc0                DMA1_Stream0_IRQHandler
                0x0000000008004dc0                CAN1_TX_IRQHandler
                0x0000000008004dc0                SVC_Handler
                0x0000000008004dc0                EXTI4_IRQHandler
                0x0000000008004dc0                OTG_HS_EP1_OUT_IRQHandler
                0x0000000008004dc0                WWDG_IRQHandler
                0x0000000008004dc0                TIM2_IRQHandler
                0x0000000008004dc0                OTG_FS_WKUP_IRQHandler
                0x0000000008004dc0                TIM1_TRG_COM_TIM11_IRQHandler
                0x0000000008004dc0                OTG_HS_IRQHandler
                0x0000000008004dc0                EXTI1_IRQHandler
                0x0000000008004dc0                USART2_IRQHandler
                0x0000000008004dc0                I2C2_ER_IRQHandler
                0x0000000008004dc0                DMA2_Stream1_IRQHandler
                0x0000000008004dc0                CAN1_SCE_IRQHandler
                0x0000000008004dc0                FLASH_IRQHandler
                0x0000000008004dc0                DMA2_Stream4_IRQHandler
                0x0000000008004dc0                BusFault_Handler
                0x0000000008004dc0                USART1_IRQHandler
                0x0000000008004dc0                OTG_FS_IRQHandler
                0x0000000008004dc0                SPI3_IRQHandler
                0x0000000008004dc0                I2C1_ER_IRQHandler
                0x0000000008004dc0                FMC_IRQHandler
                0x0000000008004dc0                DMA2_Stream6_IRQHandler
                0x0000000008004dc0                SAI1_IRQHandler
                0x0000000008004dc0                DMA1_Stream3_IRQHandler
                0x0000000008004dc0                FMPI2C1_Error_IRQHandler
 *fill*         0x0000000008004dc2        0x2 
 .text.cos      0x0000000008004dc4       0x88 /usr/lib/gcc/arm-none-eabi/4.9.3/../../../arm-none-eabi/lib/armv7e-m/libm.a(lib_a-s_cos.o)
                0x0000000008004dc4                cos
 .text.sin      0x0000000008004e4c       0x94 /usr/lib/gcc/arm-none-eabi/4.9.3/../../../arm-none-eabi/lib/armv7e-m/libm.a(lib_a-s_sin.o)
                0x0000000008004e4c                sin
 .text.tanf     0x0000000008004ee0       0x50 /usr/lib/gcc/arm-none-eabi/4.9.3/../../../arm-none-eabi/lib/armv7e-m/libm.a(lib_a-sf_tan.o)
                0x0000000008004ee0                tanf
 .text.sqrtf    0x0000000008004f30       0x9c /usr/lib/gcc/arm-none-eabi/4.9.3/../../../arm-none-eabi/lib/armv7e-m/libm.a(lib_a-wf_sqrt.o)
                0x0000000008004f30                sqrtf
 *fill*         0x0000000008004fcc        0x4 
 .text.__ieee754_rem_pio2
                0x0000000008004fd0      0x448 /usr/lib/gcc/arm-none-eabi/4.9.3/../../../arm-none-eabi/lib/armv7e-m/libm.a(lib_a-e_rem_pio2.o)
                0x0000000008004fd0                __ieee754_rem_pio2
 .text.__ieee754_rem_pio2f
                0x0000000008005418      0x2e4 /usr/lib/gcc/arm-none-eabi/4.9.3/../../../arm-none-eabi/lib/armv7e-m/libm.a(lib_a-ef_rem_pio2.o)
                0x0000000008005418                __ieee754_rem_pio2f
 .text.__ieee754_sqrtf
                0x00000000080056fc       0xa8 /usr/lib/gcc/arm-none-eabi/4.9.3/../../../arm-none-eabi/lib/armv7e-m/libm.a(lib_a-ef_sqrt.o)
                0x00000000080056fc                __ieee754_sqrtf
 *fill*         0x00000000080057a4        0x4 
 .text.__kernel_cos
                0x00000000080057a8      0x248 /usr/lib/gcc/arm-none-eabi/4.9.3/../../../arm-none-eabi/lib/armv7e-m/libm.a(lib_a-k_cos.o)
                0x00000000080057a8                __kernel_cos
 .text.__kernel_rem_pio2
                0x00000000080059f0      0x808 /usr/lib/gcc/arm-none-eabi/4.9.3/../../../arm-none-eabi/lib/armv7e-m/libm.a(lib_a-k_rem_pio2.o)
                0x00000000080059f0                __kernel_rem_pio2
 .text.__kernel_sin
                0x00000000080061f8      0x170 /usr/lib/gcc/arm-none-eabi/4.9.3/../../../arm-none-eabi/lib/armv7e-m/libm.a(lib_a-k_sin.o)
                0x00000000080061f8                __kernel_sin
 .text.__kernel_rem_pio2f
                0x0000000008006368      0x670 /usr/lib/gcc/arm-none-eabi/4.9.3/../../../arm-none-eabi/lib/armv7e-m/libm.a(lib_a-kf_rem_pio2.o)
                0x0000000008006368                __kernel_rem_pio2f
 .text.__kernel_tanf
                0x00000000080069d8      0x270 /usr/lib/gcc/arm-none-eabi/4.9.3/../../../arm-none-eabi/lib/armv7e-m/libm.a(lib_a-kf_tan.o)
                0x00000000080069d8                __kernel_tanf
 .text.fabs     0x0000000008006c48        0x8 /usr/lib/gcc/arm-none-eabi/4.9.3/../../../arm-none-eabi/lib/armv7e-m/libm.a(lib_a-s_fabs.o)
                0x0000000008006c48                fabs
 .text.floor    0x0000000008006c50      0x118 /usr/lib/gcc/arm-none-eabi/4.9.3/../../../arm-none-eabi/lib/armv7e-m/libm.a(lib_a-s_floor.o)
                0x0000000008006c50                floor
 .text.matherr  0x0000000008006d68        0x4 /usr/lib/gcc/arm-none-eabi/4.9.3/../../../arm-none-eabi/lib/armv7e-m/libm.a(lib_a-s_matherr.o)
                0x0000000008006d68                matherr
 *fill*         0x0000000008006d6c        0x4 
 .text.scalbn   0x0000000008006d70      0x108 /usr/lib/gcc/arm-none-eabi/4.9.3/../../../arm-none-eabi/lib/armv7e-m/libm.a(lib_a-s_scalbn.o)
                0x0000000008006d70                scalbn
 .text.fabsf    0x0000000008006e78        0x8 /usr/lib/gcc/arm-none-eabi/4.9.3/../../../arm-none-eabi/lib/armv7e-m/libm.a(lib_a-sf_fabs.o)
                0x0000000008006e78                fabsf
 .text.floorf   0x0000000008006e80       0x8c /usr/lib/gcc/arm-none-eabi/4.9.3/../../../arm-none-eabi/lib/armv7e-m/libm.a(lib_a-sf_floor.o)
                0x0000000008006e80                floorf
 .text.__fpclassifyf
                0x0000000008006f0c       0x34 /usr/lib/gcc/arm-none-eabi/4.9.3/../../../arm-none-eabi/lib/armv7e-m/libm.a(lib_a-sf_fpclassify.o)
                0x0000000008006f0c                __fpclassifyf
 .text.scalbnf  0x0000000008006f40       0xb0 /usr/lib/gcc/arm-none-eabi/4.9.3/../../../arm-none-eabi/lib/armv7e-m/libm.a(lib_a-sf_scalbn.o)
                0x0000000008006f40                scalbnf
 .text.copysign
                0x0000000008006ff0       0x10 /usr/lib/gcc/arm-none-eabi/4.9.3/../../../arm-none-eabi/lib/armv7e-m/libm.a(lib_a-s_copysign.o)
                0x0000000008006ff0                copysign
 .text.copysignf
                0x0000000008007000        0xc /usr/lib/gcc/arm-none-eabi/4.9.3/../../../arm-none-eabi/lib/armv7e-m/libm.a(lib_a-sf_copysign.o)
                0x0000000008007000                copysignf
 .text.__errno  0x000000000800700c        0xc /usr/lib/gcc/arm-none-eabi/4.9.3/../../../arm-none-eabi/lib/armv7e-m/libc_nano.a(lib_a-errno.o)
                0x000000000800700c                __errno
 .text.__libc_init_array
                0x0000000008007018       0x4c /usr/lib/gcc/arm-none-eabi/4.9.3/../../../arm-none-eabi/lib/armv7e-m/libc_nano.a(lib_a-init.o)
                0x0000000008007018                __libc_init_array
 .text.memset   0x0000000008007064       0x10 /usr/lib/gcc/arm-none-eabi/4.9.3/../../../arm-none-eabi/lib/armv7e-m/libc_nano.a(lib_a-memset.o)
                0x0000000008007064                memset
 *(.glue_7)
 .glue_7        0x0000000008007074        0x0 linker stubs
 *(.glue_7t)
 .glue_7t       0x0000000008007074        0x0 linker stubs
 *(.eh_frame)
 .eh_frame      0x0000000008007074        0x0 /usr/lib/gcc/arm-none-eabi/4.9.3/armv7e-m/crtbegin.o
 *(.init)
 .init          0x0000000008007074        0x4 /usr/lib/gcc/arm-none-eabi/4.9.3/armv7e-m/crti.o
                0x0000000008007074                _init
 .init          0x0000000008007078        0x8 /usr/lib/gcc/arm-none-eabi/4.9.3/armv7e-m/crtn.o
 *(.fini)
 .fini          0x0000000008007080        0x4 /usr/lib/gcc/arm-none-eabi/4.9.3/armv7e-m/crti.o
                0x0000000008007080                _fini
 .fini          0x0000000008007084        0x8 /usr/lib/gcc/arm-none-eabi/4.9.3/armv7e-m/crtn.o
                0x000000000800708c                . = ALIGN (0x4)
                0x000000000800708c                _etext = .

.vfp11_veneer   0x000000000800708c        0x0
 .vfp11_veneer  0x000000000800708c        0x0 linker stubs

.v4_bx          0x000000000800708c        0x0
 .v4_bx         0x000000000800708c        0x0 linker stubs

.iplt           0x000000000800708c        0x0
 .iplt          0x000000000800708c        0x0 /usr/lib/gcc/arm-none-eabi/4.9.3/armv7e-m/crtbegin.o

.rodata         0x0000000008007090    0x2273c
                0x0000000008007090                . = ALIGN (0x4)
 *(.rodata)
 *(.rodata*)
 .rodata.AHBPrescTable
                0x0000000008007090       0x10 obj/system_stm32f4xx.o
                0x0000000008007090                AHBPrescTable
 .rodata.flagBitshiftOffset.7180
                0x00000000080070a0        0x8 obj/stm32f4xx_hal_dma.o
 .rodata._ZL8point_uv
                0x00000000080070a8      0x7c0 obj/3dmain.o
 .rodata._ZL7polyvec
                0x0000000008007868      0xe10 obj/3dmain.o
 .rodata._ZL8pointvec
                0x0000000008008678      0xba0 obj/3dmain.o
 .rodata._ZL8stonetex
                0x0000000008009218    0x20000 obj/3dmain.o
 .rodata.str1.4
                0x0000000008029218        0x8 /usr/lib/gcc/arm-none-eabi/4.9.3/../../../arm-none-eabi/lib/armv7e-m/libm.a(lib_a-wf_sqrt.o)
 .rodata.npio2_hw
                0x0000000008029220       0x80 /usr/lib/gcc/arm-none-eabi/4.9.3/../../../arm-none-eabi/lib/armv7e-m/libm.a(lib_a-e_rem_pio2.o)
 .rodata.two_over_pi
                0x00000000080292a0      0x108 /usr/lib/gcc/arm-none-eabi/4.9.3/../../../arm-none-eabi/lib/armv7e-m/libm.a(lib_a-e_rem_pio2.o)
 .rodata.npio2_hw
                0x00000000080293a8       0x80 /usr/lib/gcc/arm-none-eabi/4.9.3/../../../arm-none-eabi/lib/armv7e-m/libm.a(lib_a-ef_rem_pio2.o)
 .rodata.two_over_pi
                0x0000000008029428      0x318 /usr/lib/gcc/arm-none-eabi/4.9.3/../../../arm-none-eabi/lib/armv7e-m/libm.a(lib_a-ef_rem_pio2.o)
 .rodata.init_jk
                0x0000000008029740       0x10 /usr/lib/gcc/arm-none-eabi/4.9.3/../../../arm-none-eabi/lib/armv7e-m/libm.a(lib_a-k_rem_pio2.o)
 .rodata.PIo2   0x0000000008029750       0x40 /usr/lib/gcc/arm-none-eabi/4.9.3/../../../arm-none-eabi/lib/armv7e-m/libm.a(lib_a-k_rem_pio2.o)
 .rodata.init_jk
                0x0000000008029790        0xc /usr/lib/gcc/arm-none-eabi/4.9.3/../../../arm-none-eabi/lib/armv7e-m/libm.a(lib_a-kf_rem_pio2.o)
 .rodata.PIo2   0x000000000802979c       0x2c /usr/lib/gcc/arm-none-eabi/4.9.3/../../../arm-none-eabi/lib/armv7e-m/libm.a(lib_a-kf_rem_pio2.o)
 .rodata.str1.1
                0x00000000080297c8        0x2 /usr/lib/gcc/arm-none-eabi/4.9.3/../../../arm-none-eabi/lib/armv7e-m/libc_nano.a(lib_a-impure.o)
                0x00000000080297cc                . = ALIGN (0x4)
 *fill*         0x00000000080297ca        0x2 

.rel.dyn        0x00000000080297cc        0x0
 .rel.iplt      0x00000000080297cc        0x0 /usr/lib/gcc/arm-none-eabi/4.9.3/armv7e-m/crtbegin.o

.ARM.extab
 *(.ARM.extab* .gnu.linkonce.armextab.*)

.ARM            0x00000000080297cc        0x0
                0x00000000080297cc                __exidx_start = .
 *(.ARM.exidx*)
                0x00000000080297cc                __exidx_end = .

.preinit_array  0x00000000080297cc        0x0
                0x00000000080297cc                PROVIDE (__preinit_array_start, .)
 *(.preinit_array*)
                0x00000000080297cc                PROVIDE (__preinit_array_end, .)

.init_array     0x00000000080297cc        0x8
                0x00000000080297cc                PROVIDE (__init_array_start, .)
 *(SORT(.init_array.*))
 *(.init_array*)
 .init_array    0x00000000080297cc        0x4 /usr/lib/gcc/arm-none-eabi/4.9.3/armv7e-m/crtbegin.o
 .init_array    0x00000000080297d0        0x4 obj/3dmain.o
                0x00000000080297d4                PROVIDE (__init_array_end, .)

.fini_array     0x00000000080297d4        0x4
                0x00000000080297d4                PROVIDE (__fini_array_start, .)
 *(SORT(.fini_array.*))
 *(.fini_array*)
 .fini_array    0x00000000080297d4        0x4 /usr/lib/gcc/arm-none-eabi/4.9.3/armv7e-m/crtbegin.o
                0x00000000080297d8                PROVIDE (__fini_array_end, .)
                0x00000000080297d8                _sidata = LOADADDR (.data)

.data           0x0000000020000000       0x6c load address 0x00000000080297d8
                0x0000000020000000                . = ALIGN (0x4)
                0x0000000020000000                _sdata = .
 *(.data)
 *(.data*)
 .data.SystemCoreClock
                0x0000000020000000        0x4 obj/system_stm32f4xx.o
                0x0000000020000000                SystemCoreClock
 .data.__fdlib_version
                0x0000000020000004        0x1 /usr/lib/gcc/arm-none-eabi/4.9.3/../../../arm-none-eabi/lib/armv7e-m/libm.a(lib_a-s_lib_ver.o)
                0x0000000020000004                __fdlib_version
 *fill*         0x0000000020000005        0x3 
 .data.impure_data
                0x0000000020000008       0x60 /usr/lib/gcc/arm-none-eabi/4.9.3/../../../arm-none-eabi/lib/armv7e-m/libc_nano.a(lib_a-impure.o)
 .data._impure_ptr
                0x0000000020000068        0x4 /usr/lib/gcc/arm-none-eabi/4.9.3/../../../arm-none-eabi/lib/armv7e-m/libc_nano.a(lib_a-impure.o)
                0x0000000020000068                _impure_ptr
                0x000000002000006c                . = ALIGN (0x4)
                0x000000002000006c                _edata = .

.jcr            0x000000002000006c        0x0 load address 0x0000000008029844
 .jcr           0x000000002000006c        0x0 /usr/lib/gcc/arm-none-eabi/4.9.3/armv7e-m/crtbegin.o

.tm_clone_table
                0x000000002000006c        0x0 load address 0x0000000008029844
 .tm_clone_table
                0x000000002000006c        0x0 /usr/lib/gcc/arm-none-eabi/4.9.3/armv7e-m/crtbegin.o
 .tm_clone_table
                0x000000002000006c        0x0 /usr/lib/gcc/arm-none-eabi/4.9.3/armv7e-m/crtend.o

.igot.plt       0x000000002000006c        0x0 load address 0x0000000008029844
 .igot.plt      0x000000002000006c        0x0 /usr/lib/gcc/arm-none-eabi/4.9.3/armv7e-m/crtbegin.o
                0x000000002000006c                . = ALIGN (0x4)

.bss            0x000000002000006c      0x50c load address 0x0000000008029844
                0x000000002000006c                _sbss = .
                0x000000002000006c                __bss_start__ = _sbss
 *(.bss)
 .bss           0x000000002000006c       0x1c /usr/lib/gcc/arm-none-eabi/4.9.3/armv7e-m/crtbegin.o
 *(.bss*)
 .bss.trans_flag
                0x0000000020000088        0x4 obj/lcd.o
                0x0000000020000088                trans_flag
 .bss.hspi2     0x000000002000008c       0x58 obj/main.o
                0x000000002000008c                hspi2
 .bss.hdma_spi2_tx
                0x00000000200000e4       0x60 obj/main.o
                0x00000000200000e4                hdma_spi2_tx
 .bss.uwTick    0x0000000020000144        0x4 obj/stm32f4xx_hal.o
                0x0000000020000144                uwTick
 .bss.drawbuff  0x0000000020000148      0x280 obj/3dmain.o
                0x0000000020000148                drawbuff
 .bss.pv        0x00000000200003c8      0x1b0 obj/3dmain.o
                0x00000000200003c8                pv
 *(COMMON)
                0x0000000020000578                . = ALIGN (0x4)
                0x0000000020000578                _ebss = .
                0x0000000020000578                __bss_end__ = _ebss

._user_heap_stack
                0x0000000020000578      0x600 load address 0x0000000008029844
                0x0000000020000578                . = ALIGN (0x8)
                [!provide]                        PROVIDE (end, .)
                [!provide]                        PROVIDE (_end, .)
                0x0000000020000778                . = (. + _Min_Heap_Size)
 *fill*         0x0000000020000578      0x200 
                0x0000000020000b78                . = (. + _Min_Stack_Size)
 *fill*         0x0000000020000778      0x400 
                0x0000000020000b78                . = ALIGN (0x8)

/DISCARD/
 libc.a(*)
 libm.a(*)
 libgcc.a(*)

.ARM.attributes
                0x0000000000000000       0x2e
 *(.ARM.attributes)
 .ARM.attributes
                0x0000000000000000       0x1e /usr/lib/gcc/arm-none-eabi/4.9.3/armv7e-m/crti.o
 .ARM.attributes
                0x000000000000001e       0x2e /usr/lib/gcc/arm-none-eabi/4.9.3/armv7e-m/crtbegin.o
 .ARM.attributes
                0x000000000000004c       0x37 obj/lcd.o
 .ARM.attributes
                0x0000000000000083       0x37 obj/stm32f4xx_hal_msp.o
 .ARM.attributes
                0x00000000000000ba       0x37 obj/main.o
 .ARM.attributes
                0x00000000000000f1       0x37 obj/stm32f4xx_it.o
 .ARM.attributes
                0x0000000000000128       0x37 obj/system_stm32f4xx.o
 .ARM.attributes
                0x000000000000015f       0x37 obj/stm32f4xx_hal_rcc_ex.o
 .ARM.attributes
                0x0000000000000196       0x37 obj/stm32f4xx_hal.o
 .ARM.attributes
                0x00000000000001cd       0x37 obj/stm32f4xx_hal_spi.o
 .ARM.attributes
                0x0000000000000204       0x37 obj/stm32f4xx_hal_gpio.o
 .ARM.attributes
                0x000000000000023b       0x37 obj/stm32f4xx_hal_cortex.o
 .ARM.attributes
                0x0000000000000272       0x37 obj/stm32f4xx_hal_dma.o
 .ARM.attributes
                0x00000000000002a9       0x37 obj/stm32f4xx_hal_rcc.o
 .ARM.attributes
                0x00000000000002e0       0x37 obj/stm32f4xx_hal_pwr_ex.o
 .ARM.attributes
                0x0000000000000317       0x37 obj/fvector3.o
 .ARM.attributes
                0x000000000000034e       0x37 obj/matrix4.o
 .ARM.attributes
                0x0000000000000385       0x37 obj/triangle.o
 .ARM.attributes
                0x00000000000003bc       0x37 obj/3dmain.o
 .ARM.attributes
                0x00000000000003f3       0x37 obj/texturepoly.o
 .ARM.attributes
                0x000000000000042a       0x37 obj/vector2.o
 .ARM.attributes
                0x0000000000000461       0x37 obj/test.o
 .ARM.attributes
                0x0000000000000498       0x21 obj/startup.o
 .ARM.attributes
                0x00000000000004b9       0x1e /usr/lib/gcc/arm-none-eabi/4.9.3/armv7e-m/libgcc.a(_arm_addsubdf3.o)
 .ARM.attributes
                0x00000000000004d7       0x1e /usr/lib/gcc/arm-none-eabi/4.9.3/armv7e-m/libgcc.a(_arm_muldivdf3.o)
 .ARM.attributes
                0x00000000000004f5       0x1e /usr/lib/gcc/arm-none-eabi/4.9.3/armv7e-m/libgcc.a(_arm_truncdfsf2.o)
 .ARM.attributes
                0x0000000000000513       0x2e /usr/lib/gcc/arm-none-eabi/4.9.3/../../../arm-none-eabi/lib/armv7e-m/libm.a(lib_a-s_cos.o)
 .ARM.attributes
                0x0000000000000541       0x2e /usr/lib/gcc/arm-none-eabi/4.9.3/../../../arm-none-eabi/lib/armv7e-m/libm.a(lib_a-s_sin.o)
 .ARM.attributes
                0x000000000000056f       0x2e /usr/lib/gcc/arm-none-eabi/4.9.3/../../../arm-none-eabi/lib/armv7e-m/libm.a(lib_a-sf_tan.o)
 .ARM.attributes
                0x000000000000059d       0x2e /usr/lib/gcc/arm-none-eabi/4.9.3/../../../arm-none-eabi/lib/armv7e-m/libm.a(lib_a-wf_sqrt.o)
 .ARM.attributes
                0x00000000000005cb       0x2e /usr/lib/gcc/arm-none-eabi/4.9.3/../../../arm-none-eabi/lib/armv7e-m/libm.a(lib_a-e_rem_pio2.o)
 .ARM.attributes
                0x00000000000005f9       0x2e /usr/lib/gcc/arm-none-eabi/4.9.3/../../../arm-none-eabi/lib/armv7e-m/libm.a(lib_a-ef_rem_pio2.o)
 .ARM.attributes
                0x0000000000000627       0x2e /usr/lib/gcc/arm-none-eabi/4.9.3/../../../arm-none-eabi/lib/armv7e-m/libm.a(lib_a-ef_sqrt.o)
 .ARM.attributes
                0x0000000000000655       0x2e /usr/lib/gcc/arm-none-eabi/4.9.3/../../../arm-none-eabi/lib/armv7e-m/libm.a(lib_a-k_cos.o)
 .ARM.attributes
                0x0000000000000683       0x2e /usr/lib/gcc/arm-none-eabi/4.9.3/../../../arm-none-eabi/lib/armv7e-m/libm.a(lib_a-k_rem_pio2.o)
 .ARM.attributes
                0x00000000000006b1       0x2e /usr/lib/gcc/arm-none-eabi/4.9.3/../../../arm-none-eabi/lib/armv7e-m/libm.a(lib_a-k_sin.o)
 .ARM.attributes
                0x00000000000006df       0x2e /usr/lib/gcc/arm-none-eabi/4.9.3/../../../arm-none-eabi/lib/armv7e-m/libm.a(lib_a-kf_rem_pio2.o)
 .ARM.attributes
                0x000000000000070d       0x2e /usr/lib/gcc/arm-none-eabi/4.9.3/../../../arm-none-eabi/lib/armv7e-m/libm.a(lib_a-kf_tan.o)
 .ARM.attributes
                0x000000000000073b       0x2e /usr/lib/gcc/arm-none-eabi/4.9.3/../../../arm-none-eabi/lib/armv7e-m/libm.a(lib_a-s_fabs.o)
 .ARM.attributes
                0x0000000000000769       0x2e /usr/lib/gcc/arm-none-eabi/4.9.3/../../../arm-none-eabi/lib/armv7e-m/libm.a(lib_a-s_floor.o)
 .ARM.attributes
                0x0000000000000797       0x2e /usr/lib/gcc/arm-none-eabi/4.9.3/../../../arm-none-eabi/lib/armv7e-m/libm.a(lib_a-s_lib_ver.o)
 .ARM.attributes
                0x00000000000007c5       0x2e /usr/lib/gcc/arm-none-eabi/4.9.3/../../../arm-none-eabi/lib/armv7e-m/libm.a(lib_a-s_matherr.o)
 .ARM.attributes
                0x00000000000007f3       0x2e /usr/lib/gcc/arm-none-eabi/4.9.3/../../../arm-none-eabi/lib/armv7e-m/libm.a(lib_a-s_scalbn.o)
 .ARM.attributes
                0x0000000000000821       0x2e /usr/lib/gcc/arm-none-eabi/4.9.3/../../../arm-none-eabi/lib/armv7e-m/libm.a(lib_a-sf_fabs.o)
 .ARM.attributes
                0x000000000000084f       0x2e /usr/lib/gcc/arm-none-eabi/4.9.3/../../../arm-none-eabi/lib/armv7e-m/libm.a(lib_a-sf_floor.o)
 .ARM.attributes
                0x000000000000087d       0x2e /usr/lib/gcc/arm-none-eabi/4.9.3/../../../arm-none-eabi/lib/armv7e-m/libm.a(lib_a-sf_fpclassify.o)
 .ARM.attributes
                0x00000000000008ab       0x2e /usr/lib/gcc/arm-none-eabi/4.9.3/../../../arm-none-eabi/lib/armv7e-m/libm.a(lib_a-sf_scalbn.o)
 .ARM.attributes
                0x00000000000008d9       0x2e /usr/lib/gcc/arm-none-eabi/4.9.3/../../../arm-none-eabi/lib/armv7e-m/libm.a(lib_a-s_copysign.o)
 .ARM.attributes
                0x0000000000000907       0x2e /usr/lib/gcc/arm-none-eabi/4.9.3/../../../arm-none-eabi/lib/armv7e-m/libm.a(lib_a-sf_copysign.o)
 .ARM.attributes
                0x0000000000000935       0x2e /usr/lib/gcc/arm-none-eabi/4.9.3/../../../arm-none-eabi/lib/armv7e-m/libc_nano.a(lib_a-errno.o)
 .ARM.attributes
                0x0000000000000963       0x2e /usr/lib/gcc/arm-none-eabi/4.9.3/../../../arm-none-eabi/lib/armv7e-m/libc_nano.a(lib_a-impure.o)
 .ARM.attributes
                0x0000000000000991       0x2e /usr/lib/gcc/arm-none-eabi/4.9.3/../../../arm-none-eabi/lib/armv7e-m/libc_nano.a(lib_a-init.o)
 .ARM.attributes
                0x00000000000009bf       0x2e /usr/lib/gcc/arm-none-eabi/4.9.3/../../../arm-none-eabi/lib/armv7e-m/libc_nano.a(lib_a-memset.o)
 .ARM.attributes
                0x00000000000009ed       0x1e /usr/lib/gcc/arm-none-eabi/4.9.3/armv7e-m/libgcc.a(_arm_cmpdf2.o)
 .ARM.attributes
                0x0000000000000a0b       0x1e /usr/lib/gcc/arm-none-eabi/4.9.3/armv7e-m/libgcc.a(_arm_fixdfsi.o)
 .ARM.attributes
                0x0000000000000a29       0x1e /usr/lib/gcc/arm-none-eabi/4.9.3/armv7e-m/libgcc.a(_arm_addsubsf3.o)
 .ARM.attributes
                0x0000000000000a47       0x1e /usr/lib/gcc/arm-none-eabi/4.9.3/armv7e-m/libgcc.a(_arm_muldivsf3.o)
 .ARM.attributes
                0x0000000000000a65       0x1e /usr/lib/gcc/arm-none-eabi/4.9.3/armv7e-m/libgcc.a(_arm_cmpsf2.o)
 .ARM.attributes
                0x0000000000000a83       0x1e /usr/lib/gcc/arm-none-eabi/4.9.3/armv7e-m/libgcc.a(_arm_fixsfsi.o)
 .ARM.attributes
                0x0000000000000aa1       0x2e /usr/lib/gcc/arm-none-eabi/4.9.3/armv7e-m/crtend.o
 .ARM.attributes
                0x0000000000000acf       0x1e /usr/lib/gcc/arm-none-eabi/4.9.3/armv7e-m/crtn.o
OUTPUT(bin/Test.elf elf32-littlearm)

.comment        0x0000000000000000       0x70
 .comment       0x0000000000000000       0x38 /usr/lib/gcc/arm-none-eabi/4.9.3/armv7e-m/crtbegin.o
                                         0x39 (size before relaxing)
 .comment       0x0000000000000038       0x39 obj/lcd.o
 .comment       0x0000000000000038       0x39 obj/stm32f4xx_hal_msp.o
 .comment       0x0000000000000038       0x39 obj/main.o
 .comment       0x0000000000000038       0x39 obj/stm32f4xx_it.o
 .comment       0x0000000000000038       0x39 obj/system_stm32f4xx.o
 .comment       0x0000000000000038       0x39 obj/stm32f4xx_hal_rcc_ex.o
 .comment       0x0000000000000038       0x39 obj/stm32f4xx_hal.o
 .comment       0x0000000000000038       0x39 obj/stm32f4xx_hal_spi.o
 .comment       0x0000000000000038       0x39 obj/stm32f4xx_hal_gpio.o
 .comment       0x0000000000000038       0x39 obj/stm32f4xx_hal_cortex.o
 .comment       0x0000000000000038       0x39 obj/stm32f4xx_hal_dma.o
 .comment       0x0000000000000038       0x39 obj/stm32f4xx_hal_rcc.o
 .comment       0x0000000000000038       0x39 obj/stm32f4xx_hal_pwr_ex.o
 .comment       0x0000000000000038       0x39 obj/fvector3.o
 .comment       0x0000000000000038       0x39 obj/matrix4.o
 .comment       0x0000000000000038       0x39 obj/triangle.o
 .comment       0x0000000000000038       0x39 obj/3dmain.o
 .comment       0x0000000000000038       0x39 obj/texturepoly.o
 .comment       0x0000000000000038       0x39 obj/vector2.o
 .comment       0x0000000000000038       0x39 obj/test.o
 .comment       0x0000000000000038       0x38 /usr/lib/gcc/arm-none-eabi/4.9.3/../../../arm-none-eabi/lib/armv7e-m/libm.a(lib_a-s_cos.o)
                                         0x39 (size before relaxing)
 .comment       0x0000000000000070       0x39 /usr/lib/gcc/arm-none-eabi/4.9.3/../../../arm-none-eabi/lib/armv7e-m/libm.a(lib_a-s_sin.o)
 .comment       0x0000000000000070       0x39 /usr/lib/gcc/arm-none-eabi/4.9.3/../../../arm-none-eabi/lib/armv7e-m/libm.a(lib_a-sf_tan.o)
 .comment       0x0000000000000070       0x39 /usr/lib/gcc/arm-none-eabi/4.9.3/../../../arm-none-eabi/lib/armv7e-m/libm.a(lib_a-wf_sqrt.o)
 .comment       0x0000000000000070       0x39 /usr/lib/gcc/arm-none-eabi/4.9.3/../../../arm-none-eabi/lib/armv7e-m/libm.a(lib_a-e_rem_pio2.o)
 .comment       0x0000000000000070       0x39 /usr/lib/gcc/arm-none-eabi/4.9.3/../../../arm-none-eabi/lib/armv7e-m/libm.a(lib_a-ef_rem_pio2.o)
 .comment       0x0000000000000070       0x39 /usr/lib/gcc/arm-none-eabi/4.9.3/../../../arm-none-eabi/lib/armv7e-m/libm.a(lib_a-ef_sqrt.o)
 .comment       0x0000000000000070       0x39 /usr/lib/gcc/arm-none-eabi/4.9.3/../../../arm-none-eabi/lib/armv7e-m/libm.a(lib_a-k_cos.o)
 .comment       0x0000000000000070       0x39 /usr/lib/gcc/arm-none-eabi/4.9.3/../../../arm-none-eabi/lib/armv7e-m/libm.a(lib_a-k_rem_pio2.o)
 .comment       0x0000000000000070       0x39 /usr/lib/gcc/arm-none-eabi/4.9.3/../../../arm-none-eabi/lib/armv7e-m/libm.a(lib_a-k_sin.o)
 .comment       0x0000000000000070       0x39 /usr/lib/gcc/arm-none-eabi/4.9.3/../../../arm-none-eabi/lib/armv7e-m/libm.a(lib_a-kf_rem_pio2.o)
 .comment       0x0000000000000070       0x39 /usr/lib/gcc/arm-none-eabi/4.9.3/../../../arm-none-eabi/lib/armv7e-m/libm.a(lib_a-kf_tan.o)
 .comment       0x0000000000000070       0x39 /usr/lib/gcc/arm-none-eabi/4.9.3/../../../arm-none-eabi/lib/armv7e-m/libm.a(lib_a-s_fabs.o)
 .comment       0x0000000000000070       0x39 /usr/lib/gcc/arm-none-eabi/4.9.3/../../../arm-none-eabi/lib/armv7e-m/libm.a(lib_a-s_floor.o)
 .comment       0x0000000000000070       0x39 /usr/lib/gcc/arm-none-eabi/4.9.3/../../../arm-none-eabi/lib/armv7e-m/libm.a(lib_a-s_lib_ver.o)
 .comment       0x0000000000000070       0x39 /usr/lib/gcc/arm-none-eabi/4.9.3/../../../arm-none-eabi/lib/armv7e-m/libm.a(lib_a-s_matherr.o)
 .comment       0x0000000000000070       0x39 /usr/lib/gcc/arm-none-eabi/4.9.3/../../../arm-none-eabi/lib/armv7e-m/libm.a(lib_a-s_scalbn.o)
 .comment       0x0000000000000070       0x39 /usr/lib/gcc/arm-none-eabi/4.9.3/../../../arm-none-eabi/lib/armv7e-m/libm.a(lib_a-sf_fabs.o)
 .comment       0x0000000000000070       0x39 /usr/lib/gcc/arm-none-eabi/4.9.3/../../../arm-none-eabi/lib/armv7e-m/libm.a(lib_a-sf_floor.o)
 .comment       0x0000000000000070       0x39 /usr/lib/gcc/arm-none-eabi/4.9.3/../../../arm-none-eabi/lib/armv7e-m/libm.a(lib_a-sf_fpclassify.o)
 .comment       0x0000000000000070       0x39 /usr/lib/gcc/arm-none-eabi/4.9.3/../../../arm-none-eabi/lib/armv7e-m/libm.a(lib_a-sf_scalbn.o)
 .comment       0x0000000000000070       0x39 /usr/lib/gcc/arm-none-eabi/4.9.3/../../../arm-none-eabi/lib/armv7e-m/libm.a(lib_a-s_copysign.o)
 .comment       0x0000000000000070       0x39 /usr/lib/gcc/arm-none-eabi/4.9.3/../../../arm-none-eabi/lib/armv7e-m/libm.a(lib_a-sf_copysign.o)
 .comment       0x0000000000000070       0x39 /usr/lib/gcc/arm-none-eabi/4.9.3/../../../arm-none-eabi/lib/armv7e-m/libc_nano.a(lib_a-errno.o)
 .comment       0x0000000000000070       0x39 /usr/lib/gcc/arm-none-eabi/4.9.3/../../../arm-none-eabi/lib/armv7e-m/libc_nano.a(lib_a-impure.o)
 .comment       0x0000000000000070       0x39 /usr/lib/gcc/arm-none-eabi/4.9.3/../../../arm-none-eabi/lib/armv7e-m/libc_nano.a(lib_a-init.o)
 .comment       0x0000000000000070       0x39 /usr/lib/gcc/arm-none-eabi/4.9.3/../../../arm-none-eabi/lib/armv7e-m/libc_nano.a(lib_a-memset.o)
 .comment       0x0000000000000070       0x39 /usr/lib/gcc/arm-none-eabi/4.9.3/armv7e-m/crtend.o

.debug_info     0x0000000000000000    0x1aaf4
 .debug_info    0x0000000000000000     0x4b4c obj/lcd.o
 .debug_info    0x0000000000004b4c      0xd9c obj/stm32f4xx_hal_msp.o
 .debug_info    0x00000000000058e8     0x10fa obj/main.o
 .debug_info    0x00000000000069e2      0x38f obj/stm32f4xx_it.o
 .debug_info    0x0000000000006d71      0x4fc obj/system_stm32f4xx.o
 .debug_info    0x000000000000726d     0x13c8 obj/stm32f4xx_hal_rcc_ex.o
 .debug_info    0x0000000000008635      0x9a8 obj/stm32f4xx_hal.o
 .debug_info    0x0000000000008fdd     0x21f6 obj/stm32f4xx_hal_spi.o
 .debug_info    0x000000000000b1d3      0x75c obj/stm32f4xx_hal_gpio.o
 .debug_info    0x000000000000b92f      0xf1d obj/stm32f4xx_hal_cortex.o
 .debug_info    0x000000000000c84c      0xaa8 obj/stm32f4xx_hal_dma.o
 .debug_info    0x000000000000d2f4      0xd49 obj/stm32f4xx_hal_rcc.o
 .debug_info    0x000000000000e03d      0x92c obj/stm32f4xx_hal_pwr_ex.o
 .debug_info    0x000000000000e969      0x2d7 obj/fvector3.o
 .debug_info    0x000000000000ec40     0x16d3 obj/matrix4.o
 .debug_info    0x0000000000010313     0x10bf obj/triangle.o
 .debug_info    0x00000000000113d2     0x2e76 obj/3dmain.o
 .debug_info    0x0000000000014248     0x1e11 obj/texturepoly.o
 .debug_info    0x0000000000016059      0x540 obj/vector2.o
 .debug_info    0x0000000000016599      0x1b4 obj/test.o
 .debug_info    0x000000000001674d       0xbb /usr/lib/gcc/arm-none-eabi/4.9.3/armv7e-m/libgcc.a(_arm_addsubdf3.o)
 .debug_info    0x0000000000016808       0xbb /usr/lib/gcc/arm-none-eabi/4.9.3/armv7e-m/libgcc.a(_arm_muldivdf3.o)
 .debug_info    0x00000000000168c3       0xbb /usr/lib/gcc/arm-none-eabi/4.9.3/armv7e-m/libgcc.a(_arm_truncdfsf2.o)
 .debug_info    0x000000000001697e      0x1ac /usr/lib/gcc/arm-none-eabi/4.9.3/../../../arm-none-eabi/lib/armv7e-m/libm.a(lib_a-s_cos.o)
 .debug_info    0x0000000000016b2a      0x1bf /usr/lib/gcc/arm-none-eabi/4.9.3/../../../arm-none-eabi/lib/armv7e-m/libm.a(lib_a-s_sin.o)
 .debug_info    0x0000000000016ce9      0x16e /usr/lib/gcc/arm-none-eabi/4.9.3/../../../arm-none-eabi/lib/armv7e-m/libm.a(lib_a-sf_tan.o)
 .debug_info    0x0000000000016e57      0x20d /usr/lib/gcc/arm-none-eabi/4.9.3/../../../arm-none-eabi/lib/armv7e-m/libm.a(lib_a-wf_sqrt.o)
 .debug_info    0x0000000000017064      0x3e5 /usr/lib/gcc/arm-none-eabi/4.9.3/../../../arm-none-eabi/lib/armv7e-m/libm.a(lib_a-e_rem_pio2.o)
 .debug_info    0x0000000000017449      0x393 /usr/lib/gcc/arm-none-eabi/4.9.3/../../../arm-none-eabi/lib/armv7e-m/libm.a(lib_a-ef_rem_pio2.o)
 .debug_info    0x00000000000177dc      0x1cc /usr/lib/gcc/arm-none-eabi/4.9.3/../../../arm-none-eabi/lib/armv7e-m/libm.a(lib_a-ef_sqrt.o)
 .debug_info    0x00000000000179a8      0x220 /usr/lib/gcc/arm-none-eabi/4.9.3/../../../arm-none-eabi/lib/armv7e-m/libm.a(lib_a-k_cos.o)
 .debug_info    0x0000000000017bc8      0x36c /usr/lib/gcc/arm-none-eabi/4.9.3/../../../arm-none-eabi/lib/armv7e-m/libm.a(lib_a-k_rem_pio2.o)
 .debug_info    0x0000000000017f34      0x19c /usr/lib/gcc/arm-none-eabi/4.9.3/../../../arm-none-eabi/lib/armv7e-m/libm.a(lib_a-k_sin.o)
 .debug_info    0x00000000000180d0      0x367 /usr/lib/gcc/arm-none-eabi/4.9.3/../../../arm-none-eabi/lib/armv7e-m/libm.a(lib_a-kf_rem_pio2.o)
 .debug_info    0x0000000000018437      0x29b /usr/lib/gcc/arm-none-eabi/4.9.3/../../../arm-none-eabi/lib/armv7e-m/libm.a(lib_a-kf_tan.o)
 .debug_info    0x00000000000186d2      0x13a /usr/lib/gcc/arm-none-eabi/4.9.3/../../../arm-none-eabi/lib/armv7e-m/libm.a(lib_a-s_fabs.o)
 .debug_info    0x000000000001880c      0x1a3 /usr/lib/gcc/arm-none-eabi/4.9.3/../../../arm-none-eabi/lib/armv7e-m/libm.a(lib_a-s_floor.o)
 .debug_info    0x00000000000189af       0xbe /usr/lib/gcc/arm-none-eabi/4.9.3/../../../arm-none-eabi/lib/armv7e-m/libm.a(lib_a-s_lib_ver.o)
 .debug_info    0x0000000000018a6d      0x129 /usr/lib/gcc/arm-none-eabi/4.9.3/../../../arm-none-eabi/lib/armv7e-m/libm.a(lib_a-s_matherr.o)
 .debug_info    0x0000000000018b96      0x28b /usr/lib/gcc/arm-none-eabi/4.9.3/../../../arm-none-eabi/lib/armv7e-m/libm.a(lib_a-s_scalbn.o)
 .debug_info    0x0000000000018e21       0xcc /usr/lib/gcc/arm-none-eabi/4.9.3/../../../arm-none-eabi/lib/armv7e-m/libm.a(lib_a-sf_fabs.o)
 .debug_info    0x0000000000018eed      0x160 /usr/lib/gcc/arm-none-eabi/4.9.3/../../../arm-none-eabi/lib/armv7e-m/libm.a(lib_a-sf_floor.o)
 .debug_info    0x000000000001904d       0xca /usr/lib/gcc/arm-none-eabi/4.9.3/../../../arm-none-eabi/lib/armv7e-m/libm.a(lib_a-sf_fpclassify.o)
 .debug_info    0x0000000000019117      0x21c /usr/lib/gcc/arm-none-eabi/4.9.3/../../../arm-none-eabi/lib/armv7e-m/libm.a(lib_a-sf_scalbn.o)
 .debug_info    0x0000000000019333      0x151 /usr/lib/gcc/arm-none-eabi/4.9.3/../../../arm-none-eabi/lib/armv7e-m/libm.a(lib_a-s_copysign.o)
 .debug_info    0x0000000000019484      0x12e /usr/lib/gcc/arm-none-eabi/4.9.3/../../../arm-none-eabi/lib/armv7e-m/libm.a(lib_a-sf_copysign.o)
 .debug_info    0x00000000000195b2      0x735 /usr/lib/gcc/arm-none-eabi/4.9.3/../../../arm-none-eabi/lib/armv7e-m/libc_nano.a(lib_a-errno.o)
 .debug_info    0x0000000000019ce7      0x7d3 /usr/lib/gcc/arm-none-eabi/4.9.3/../../../arm-none-eabi/lib/armv7e-m/libc_nano.a(lib_a-impure.o)
 .debug_info    0x000000000001a4ba      0x105 /usr/lib/gcc/arm-none-eabi/4.9.3/../../../arm-none-eabi/lib/armv7e-m/libc_nano.a(lib_a-init.o)
 .debug_info    0x000000000001a5bf       0xd3 /usr/lib/gcc/arm-none-eabi/4.9.3/../../../arm-none-eabi/lib/armv7e-m/libc_nano.a(lib_a-memset.o)
 .debug_info    0x000000000001a692       0xbb /usr/lib/gcc/arm-none-eabi/4.9.3/armv7e-m/libgcc.a(_arm_cmpdf2.o)
 .debug_info    0x000000000001a74d       0xbb /usr/lib/gcc/arm-none-eabi/4.9.3/armv7e-m/libgcc.a(_arm_fixdfsi.o)
 .debug_info    0x000000000001a808       0xbb /usr/lib/gcc/arm-none-eabi/4.9.3/armv7e-m/libgcc.a(_arm_addsubsf3.o)
 .debug_info    0x000000000001a8c3       0xbb /usr/lib/gcc/arm-none-eabi/4.9.3/armv7e-m/libgcc.a(_arm_muldivsf3.o)
 .debug_info    0x000000000001a97e       0xbb /usr/lib/gcc/arm-none-eabi/4.9.3/armv7e-m/libgcc.a(_arm_cmpsf2.o)
 .debug_info    0x000000000001aa39       0xbb /usr/lib/gcc/arm-none-eabi/4.9.3/armv7e-m/libgcc.a(_arm_fixsfsi.o)

.debug_abbrev   0x0000000000000000     0x4d45
 .debug_abbrev  0x0000000000000000      0x2f8 obj/lcd.o
 .debug_abbrev  0x00000000000002f8      0x1fd obj/stm32f4xx_hal_msp.o
 .debug_abbrev  0x00000000000004f5      0x2c9 obj/main.o
 .debug_abbrev  0x00000000000007be      0x179 obj/stm32f4xx_it.o
 .debug_abbrev  0x0000000000000937      0x104 obj/system_stm32f4xx.o
 .debug_abbrev  0x0000000000000a3b      0x2ad obj/stm32f4xx_hal_rcc_ex.o
 .debug_abbrev  0x0000000000000ce8      0x282 obj/stm32f4xx_hal.o
 .debug_abbrev  0x0000000000000f6a      0x344 obj/stm32f4xx_hal_spi.o
 .debug_abbrev  0x00000000000012ae      0x1c9 obj/stm32f4xx_hal_gpio.o
 .debug_abbrev  0x0000000000001477      0x2e9 obj/stm32f4xx_hal_cortex.o
 .debug_abbrev  0x0000000000001760      0x301 obj/stm32f4xx_hal_dma.o
 .debug_abbrev  0x0000000000001a61      0x35c obj/stm32f4xx_hal_rcc.o
 .debug_abbrev  0x0000000000001dbd      0x254 obj/stm32f4xx_hal_pwr_ex.o
 .debug_abbrev  0x0000000000002011      0x14c obj/fvector3.o
 .debug_abbrev  0x000000000000215d      0x352 obj/matrix4.o
 .debug_abbrev  0x00000000000024af      0x2fc obj/triangle.o
 .debug_abbrev  0x00000000000027ab      0x567 obj/3dmain.o
 .debug_abbrev  0x0000000000002d12      0x39f obj/texturepoly.o
 .debug_abbrev  0x00000000000030b1      0x19b obj/vector2.o
 .debug_abbrev  0x000000000000324c      0x115 obj/test.o
 .debug_abbrev  0x0000000000003361       0x14 /usr/lib/gcc/arm-none-eabi/4.9.3/armv7e-m/libgcc.a(_arm_addsubdf3.o)
 .debug_abbrev  0x0000000000003375       0x14 /usr/lib/gcc/arm-none-eabi/4.9.3/armv7e-m/libgcc.a(_arm_muldivdf3.o)
 .debug_abbrev  0x0000000000003389       0x14 /usr/lib/gcc/arm-none-eabi/4.9.3/armv7e-m/libgcc.a(_arm_truncdfsf2.o)
 .debug_abbrev  0x000000000000339d       0xfd /usr/lib/gcc/arm-none-eabi/4.9.3/../../../arm-none-eabi/lib/armv7e-m/libm.a(lib_a-s_cos.o)
 .debug_abbrev  0x000000000000349a      0x108 /usr/lib/gcc/arm-none-eabi/4.9.3/../../../arm-none-eabi/lib/armv7e-m/libm.a(lib_a-s_sin.o)
 .debug_abbrev  0x00000000000035a2      0x108 /usr/lib/gcc/arm-none-eabi/4.9.3/../../../arm-none-eabi/lib/armv7e-m/libm.a(lib_a-sf_tan.o)
 .debug_abbrev  0x00000000000036aa      0x13a /usr/lib/gcc/arm-none-eabi/4.9.3/../../../arm-none-eabi/lib/armv7e-m/libm.a(lib_a-wf_sqrt.o)
 .debug_abbrev  0x00000000000037e4      0x186 /usr/lib/gcc/arm-none-eabi/4.9.3/../../../arm-none-eabi/lib/armv7e-m/libm.a(lib_a-e_rem_pio2.o)
 .debug_abbrev  0x000000000000396a      0x15d /usr/lib/gcc/arm-none-eabi/4.9.3/../../../arm-none-eabi/lib/armv7e-m/libm.a(lib_a-ef_rem_pio2.o)
 .debug_abbrev  0x0000000000003ac7       0xe0 /usr/lib/gcc/arm-none-eabi/4.9.3/../../../arm-none-eabi/lib/armv7e-m/libm.a(lib_a-ef_sqrt.o)
 .debug_abbrev  0x0000000000003ba7       0xe2 /usr/lib/gcc/arm-none-eabi/4.9.3/../../../arm-none-eabi/lib/armv7e-m/libm.a(lib_a-k_cos.o)
 .debug_abbrev  0x0000000000003c89      0x156 /usr/lib/gcc/arm-none-eabi/4.9.3/../../../arm-none-eabi/lib/armv7e-m/libm.a(lib_a-k_rem_pio2.o)
 .debug_abbrev  0x0000000000003ddf       0x96 /usr/lib/gcc/arm-none-eabi/4.9.3/../../../arm-none-eabi/lib/armv7e-m/libm.a(lib_a-k_sin.o)
 .debug_abbrev  0x0000000000003e75      0x163 /usr/lib/gcc/arm-none-eabi/4.9.3/../../../arm-none-eabi/lib/armv7e-m/libm.a(lib_a-kf_rem_pio2.o)
 .debug_abbrev  0x0000000000003fd8      0x13d /usr/lib/gcc/arm-none-eabi/4.9.3/../../../arm-none-eabi/lib/armv7e-m/libm.a(lib_a-kf_tan.o)
 .debug_abbrev  0x0000000000004115       0xbb /usr/lib/gcc/arm-none-eabi/4.9.3/../../../arm-none-eabi/lib/armv7e-m/libm.a(lib_a-s_fabs.o)
 .debug_abbrev  0x00000000000041d0      0x105 /usr/lib/gcc/arm-none-eabi/4.9.3/../../../arm-none-eabi/lib/armv7e-m/libm.a(lib_a-s_floor.o)
 .debug_abbrev  0x00000000000042d5       0x4f /usr/lib/gcc/arm-none-eabi/4.9.3/../../../arm-none-eabi/lib/armv7e-m/libm.a(lib_a-s_lib_ver.o)
 .debug_abbrev  0x0000000000004324       0x9a /usr/lib/gcc/arm-none-eabi/4.9.3/../../../arm-none-eabi/lib/armv7e-m/libm.a(lib_a-s_matherr.o)
 .debug_abbrev  0x00000000000043be      0x138 /usr/lib/gcc/arm-none-eabi/4.9.3/../../../arm-none-eabi/lib/armv7e-m/libm.a(lib_a-s_scalbn.o)
 .debug_abbrev  0x00000000000044f6       0x6f /usr/lib/gcc/arm-none-eabi/4.9.3/../../../arm-none-eabi/lib/armv7e-m/libm.a(lib_a-sf_fabs.o)
 .debug_abbrev  0x0000000000004565       0xc6 /usr/lib/gcc/arm-none-eabi/4.9.3/../../../arm-none-eabi/lib/armv7e-m/libm.a(lib_a-sf_floor.o)
 .debug_abbrev  0x000000000000462b       0x6f /usr/lib/gcc/arm-none-eabi/4.9.3/../../../arm-none-eabi/lib/armv7e-m/libm.a(lib_a-sf_fpclassify.o)
 .debug_abbrev  0x000000000000469a       0xed /usr/lib/gcc/arm-none-eabi/4.9.3/../../../arm-none-eabi/lib/armv7e-m/libm.a(lib_a-sf_scalbn.o)
 .debug_abbrev  0x0000000000004787       0xe6 /usr/lib/gcc/arm-none-eabi/4.9.3/../../../arm-none-eabi/lib/armv7e-m/libm.a(lib_a-s_copysign.o)
 .debug_abbrev  0x000000000000486d       0xae /usr/lib/gcc/arm-none-eabi/4.9.3/../../../arm-none-eabi/lib/armv7e-m/libm.a(lib_a-sf_copysign.o)
 .debug_abbrev  0x000000000000491b      0x134 /usr/lib/gcc/arm-none-eabi/4.9.3/../../../arm-none-eabi/lib/armv7e-m/libc_nano.a(lib_a-errno.o)
 .debug_abbrev  0x0000000000004a4f      0x136 /usr/lib/gcc/arm-none-eabi/4.9.3/../../../arm-none-eabi/lib/armv7e-m/libc_nano.a(lib_a-impure.o)
 .debug_abbrev  0x0000000000004b85       0xba /usr/lib/gcc/arm-none-eabi/4.9.3/../../../arm-none-eabi/lib/armv7e-m/libc_nano.a(lib_a-init.o)
 .debug_abbrev  0x0000000000004c3f       0x8e /usr/lib/gcc/arm-none-eabi/4.9.3/../../../arm-none-eabi/lib/armv7e-m/libc_nano.a(lib_a-memset.o)
 .debug_abbrev  0x0000000000004ccd       0x14 /usr/lib/gcc/arm-none-eabi/4.9.3/armv7e-m/libgcc.a(_arm_cmpdf2.o)
 .debug_abbrev  0x0000000000004ce1       0x14 /usr/lib/gcc/arm-none-eabi/4.9.3/armv7e-m/libgcc.a(_arm_fixdfsi.o)
 .debug_abbrev  0x0000000000004cf5       0x14 /usr/lib/gcc/arm-none-eabi/4.9.3/armv7e-m/libgcc.a(_arm_addsubsf3.o)
 .debug_abbrev  0x0000000000004d09       0x14 /usr/lib/gcc/arm-none-eabi/4.9.3/armv7e-m/libgcc.a(_arm_muldivsf3.o)
 .debug_abbrev  0x0000000000004d1d       0x14 /usr/lib/gcc/arm-none-eabi/4.9.3/armv7e-m/libgcc.a(_arm_cmpsf2.o)
 .debug_abbrev  0x0000000000004d31       0x14 /usr/lib/gcc/arm-none-eabi/4.9.3/armv7e-m/libgcc.a(_arm_fixsfsi.o)

.debug_loc      0x0000000000000000     0xdd74
 .debug_loc     0x0000000000000000      0xdf5 obj/lcd.o
 .debug_loc     0x0000000000000df5       0x4a obj/stm32f4xx_hal_msp.o
 .debug_loc     0x0000000000000e3f      0x151 obj/system_stm32f4xx.o
 .debug_loc     0x0000000000000f90     0x11fb obj/stm32f4xx_hal_rcc_ex.o
 .debug_loc     0x000000000000218b       0x8f obj/stm32f4xx_hal.o
 .debug_loc     0x000000000000221a     0x2830 obj/stm32f4xx_hal_spi.o
 .debug_loc     0x0000000000004a4a      0x451 obj/stm32f4xx_hal_gpio.o
 .debug_loc     0x0000000000004e9b      0x55a obj/stm32f4xx_hal_cortex.o
 .debug_loc     0x00000000000053f5      0x8c3 obj/stm32f4xx_hal_dma.o
 .debug_loc     0x0000000000005cb8      0x602 obj/stm32f4xx_hal_rcc.o
 .debug_loc     0x00000000000062ba      0x2a0 obj/stm32f4xx_hal_pwr_ex.o
 .debug_loc     0x000000000000655a       0x3a obj/fvector3.o
 .debug_loc     0x0000000000006594      0x9a8 obj/matrix4.o
 .debug_loc     0x0000000000006f3c      0x6a0 obj/triangle.o
 .debug_loc     0x00000000000075dc      0xdf8 obj/3dmain.o
 .debug_loc     0x00000000000083d4     0x1aed obj/texturepoly.o
 .debug_loc     0x0000000000009ec1      0x129 obj/vector2.o
 .debug_loc     0x0000000000009fea       0x4b obj/test.o
 .debug_loc     0x000000000000a035       0xd5 /usr/lib/gcc/arm-none-eabi/4.9.3/../../../arm-none-eabi/lib/armv7e-m/libm.a(lib_a-s_cos.o)
 .debug_loc     0x000000000000a10a       0xd5 /usr/lib/gcc/arm-none-eabi/4.9.3/../../../arm-none-eabi/lib/armv7e-m/libm.a(lib_a-s_sin.o)
 .debug_loc     0x000000000000a1df       0x95 /usr/lib/gcc/arm-none-eabi/4.9.3/../../../arm-none-eabi/lib/armv7e-m/libm.a(lib_a-sf_tan.o)
 .debug_loc     0x000000000000a274       0x3c /usr/lib/gcc/arm-none-eabi/4.9.3/../../../arm-none-eabi/lib/armv7e-m/libm.a(lib_a-wf_sqrt.o)
 .debug_loc     0x000000000000a2b0      0x608 /usr/lib/gcc/arm-none-eabi/4.9.3/../../../arm-none-eabi/lib/armv7e-m/libm.a(lib_a-e_rem_pio2.o)
 .debug_loc     0x000000000000a8b8      0x792 /usr/lib/gcc/arm-none-eabi/4.9.3/../../../arm-none-eabi/lib/armv7e-m/libm.a(lib_a-ef_rem_pio2.o)
 .debug_loc     0x000000000000b04a      0x2c6 /usr/lib/gcc/arm-none-eabi/4.9.3/../../../arm-none-eabi/lib/armv7e-m/libm.a(lib_a-ef_sqrt.o)
 .debug_loc     0x000000000000b310      0x227 /usr/lib/gcc/arm-none-eabi/4.9.3/../../../arm-none-eabi/lib/armv7e-m/libm.a(lib_a-k_cos.o)
 .debug_loc     0x000000000000b537      0xb50 /usr/lib/gcc/arm-none-eabi/4.9.3/../../../arm-none-eabi/lib/armv7e-m/libm.a(lib_a-k_rem_pio2.o)
 .debug_loc     0x000000000000c087      0x158 /usr/lib/gcc/arm-none-eabi/4.9.3/../../../arm-none-eabi/lib/armv7e-m/libm.a(lib_a-k_sin.o)
 .debug_loc     0x000000000000c1df      0xae3 /usr/lib/gcc/arm-none-eabi/4.9.3/../../../arm-none-eabi/lib/armv7e-m/libm.a(lib_a-kf_rem_pio2.o)
 .debug_loc     0x000000000000ccc2      0x494 /usr/lib/gcc/arm-none-eabi/4.9.3/../../../arm-none-eabi/lib/armv7e-m/libm.a(lib_a-kf_tan.o)
 .debug_loc     0x000000000000d156       0x2b /usr/lib/gcc/arm-none-eabi/4.9.3/../../../arm-none-eabi/lib/armv7e-m/libm.a(lib_a-s_fabs.o)
 .debug_loc     0x000000000000d181      0x299 /usr/lib/gcc/arm-none-eabi/4.9.3/../../../arm-none-eabi/lib/armv7e-m/libm.a(lib_a-s_floor.o)
 .debug_loc     0x000000000000d41a       0x21 /usr/lib/gcc/arm-none-eabi/4.9.3/../../../arm-none-eabi/lib/armv7e-m/libm.a(lib_a-s_matherr.o)
 .debug_loc     0x000000000000d43b      0x1f9 /usr/lib/gcc/arm-none-eabi/4.9.3/../../../arm-none-eabi/lib/armv7e-m/libm.a(lib_a-s_scalbn.o)
 .debug_loc     0x000000000000d634       0x3b /usr/lib/gcc/arm-none-eabi/4.9.3/../../../arm-none-eabi/lib/armv7e-m/libm.a(lib_a-sf_fabs.o)
 .debug_loc     0x000000000000d66f      0x1ca /usr/lib/gcc/arm-none-eabi/4.9.3/../../../arm-none-eabi/lib/armv7e-m/libm.a(lib_a-sf_floor.o)
 .debug_loc     0x000000000000d839       0x36 /usr/lib/gcc/arm-none-eabi/4.9.3/../../../arm-none-eabi/lib/armv7e-m/libm.a(lib_a-sf_fpclassify.o)
 .debug_loc     0x000000000000d86f      0x367 /usr/lib/gcc/arm-none-eabi/4.9.3/../../../arm-none-eabi/lib/armv7e-m/libm.a(lib_a-sf_scalbn.o)
 .debug_loc     0x000000000000dbd6       0x53 /usr/lib/gcc/arm-none-eabi/4.9.3/../../../arm-none-eabi/lib/armv7e-m/libm.a(lib_a-s_copysign.o)
 .debug_loc     0x000000000000dc29       0xa0 /usr/lib/gcc/arm-none-eabi/4.9.3/../../../arm-none-eabi/lib/armv7e-m/libm.a(lib_a-sf_copysign.o)
 .debug_loc     0x000000000000dcc9       0x54 /usr/lib/gcc/arm-none-eabi/4.9.3/../../../arm-none-eabi/lib/armv7e-m/libc_nano.a(lib_a-init.o)
 .debug_loc     0x000000000000dd1d       0x57 /usr/lib/gcc/arm-none-eabi/4.9.3/../../../arm-none-eabi/lib/armv7e-m/libc_nano.a(lib_a-memset.o)

.debug_aranges  0x0000000000000000      0xc90
 .debug_aranges
                0x0000000000000000       0x70 obj/lcd.o
 .debug_aranges
                0x0000000000000070       0x30 obj/stm32f4xx_hal_msp.o
 .debug_aranges
                0x00000000000000a0       0x38 obj/main.o
 .debug_aranges
                0x00000000000000d8       0x28 obj/stm32f4xx_it.o
 .debug_aranges
                0x0000000000000100       0x28 obj/system_stm32f4xx.o
 .debug_aranges
                0x0000000000000128       0x58 obj/stm32f4xx_hal_rcc_ex.o
 .debug_aranges
                0x0000000000000180       0xc8 obj/stm32f4xx_hal.o
 .debug_aranges
                0x0000000000000248      0x1b8 obj/stm32f4xx_hal_spi.o
 .debug_aranges
                0x0000000000000400       0x58 obj/stm32f4xx_hal_gpio.o
 .debug_aranges
                0x0000000000000458       0xa8 obj/stm32f4xx_hal_cortex.o
 .debug_aranges
                0x0000000000000500       0x78 obj/stm32f4xx_hal_dma.o
 .debug_aranges
                0x0000000000000578       0x88 obj/stm32f4xx_hal_rcc.o
 .debug_aranges
                0x0000000000000600       0x60 obj/stm32f4xx_hal_pwr_ex.o
 .debug_aranges
                0x0000000000000660       0x20 obj/fvector3.o
 .debug_aranges
                0x0000000000000680       0x70 obj/matrix4.o
 .debug_aranges
                0x00000000000006f0       0x38 obj/triangle.o
 .debug_aranges
                0x0000000000000728       0x38 obj/3dmain.o
 .debug_aranges
                0x0000000000000760       0x28 obj/texturepoly.o
 .debug_aranges
                0x0000000000000788       0x78 obj/vector2.o
 .debug_aranges
                0x0000000000000800       0x20 obj/test.o
 .debug_aranges
                0x0000000000000820       0x20 /usr/lib/gcc/arm-none-eabi/4.9.3/armv7e-m/libgcc.a(_arm_addsubdf3.o)
 .debug_aranges
                0x0000000000000840       0x20 /usr/lib/gcc/arm-none-eabi/4.9.3/armv7e-m/libgcc.a(_arm_muldivdf3.o)
 .debug_aranges
                0x0000000000000860       0x20 /usr/lib/gcc/arm-none-eabi/4.9.3/armv7e-m/libgcc.a(_arm_truncdfsf2.o)
 .debug_aranges
                0x0000000000000880       0x20 /usr/lib/gcc/arm-none-eabi/4.9.3/../../../arm-none-eabi/lib/armv7e-m/libm.a(lib_a-s_cos.o)
 .debug_aranges
                0x00000000000008a0       0x20 /usr/lib/gcc/arm-none-eabi/4.9.3/../../../arm-none-eabi/lib/armv7e-m/libm.a(lib_a-s_sin.o)
 .debug_aranges
                0x00000000000008c0       0x20 /usr/lib/gcc/arm-none-eabi/4.9.3/../../../arm-none-eabi/lib/armv7e-m/libm.a(lib_a-sf_tan.o)
 .debug_aranges
                0x00000000000008e0       0x20 /usr/lib/gcc/arm-none-eabi/4.9.3/../../../arm-none-eabi/lib/armv7e-m/libm.a(lib_a-wf_sqrt.o)
 .debug_aranges
                0x0000000000000900       0x20 /usr/lib/gcc/arm-none-eabi/4.9.3/../../../arm-none-eabi/lib/armv7e-m/libm.a(lib_a-e_rem_pio2.o)
 .debug_aranges
                0x0000000000000920       0x20 /usr/lib/gcc/arm-none-eabi/4.9.3/../../../arm-none-eabi/lib/armv7e-m/libm.a(lib_a-ef_rem_pio2.o)
 .debug_aranges
                0x0000000000000940       0x20 /usr/lib/gcc/arm-none-eabi/4.9.3/../../../arm-none-eabi/lib/armv7e-m/libm.a(lib_a-ef_sqrt.o)
 .debug_aranges
                0x0000000000000960       0x20 /usr/lib/gcc/arm-none-eabi/4.9.3/../../../arm-none-eabi/lib/armv7e-m/libm.a(lib_a-k_cos.o)
 .debug_aranges
                0x0000000000000980       0x20 /usr/lib/gcc/arm-none-eabi/4.9.3/../../../arm-none-eabi/lib/armv7e-m/libm.a(lib_a-k_rem_pio2.o)
 .debug_aranges
                0x00000000000009a0       0x20 /usr/lib/gcc/arm-none-eabi/4.9.3/../../../arm-none-eabi/lib/armv7e-m/libm.a(lib_a-k_sin.o)
 .debug_aranges
                0x00000000000009c0       0x20 /usr/lib/gcc/arm-none-eabi/4.9.3/../../../arm-none-eabi/lib/armv7e-m/libm.a(lib_a-kf_rem_pio2.o)
 .debug_aranges
                0x00000000000009e0       0x20 /usr/lib/gcc/arm-none-eabi/4.9.3/../../../arm-none-eabi/lib/armv7e-m/libm.a(lib_a-kf_tan.o)
 .debug_aranges
                0x0000000000000a00       0x20 /usr/lib/gcc/arm-none-eabi/4.9.3/../../../arm-none-eabi/lib/armv7e-m/libm.a(lib_a-s_fabs.o)
 .debug_aranges
                0x0000000000000a20       0x20 /usr/lib/gcc/arm-none-eabi/4.9.3/../../../arm-none-eabi/lib/armv7e-m/libm.a(lib_a-s_floor.o)
 .debug_aranges
                0x0000000000000a40       0x18 /usr/lib/gcc/arm-none-eabi/4.9.3/../../../arm-none-eabi/lib/armv7e-m/libm.a(lib_a-s_lib_ver.o)
 .debug_aranges
                0x0000000000000a58       0x20 /usr/lib/gcc/arm-none-eabi/4.9.3/../../../arm-none-eabi/lib/armv7e-m/libm.a(lib_a-s_matherr.o)
 .debug_aranges
                0x0000000000000a78       0x20 /usr/lib/gcc/arm-none-eabi/4.9.3/../../../arm-none-eabi/lib/armv7e-m/libm.a(lib_a-s_scalbn.o)
 .debug_aranges
                0x0000000000000a98       0x20 /usr/lib/gcc/arm-none-eabi/4.9.3/../../../arm-none-eabi/lib/armv7e-m/libm.a(lib_a-sf_fabs.o)
 .debug_aranges
                0x0000000000000ab8       0x20 /usr/lib/gcc/arm-none-eabi/4.9.3/../../../arm-none-eabi/lib/armv7e-m/libm.a(lib_a-sf_floor.o)
 .debug_aranges
                0x0000000000000ad8       0x20 /usr/lib/gcc/arm-none-eabi/4.9.3/../../../arm-none-eabi/lib/armv7e-m/libm.a(lib_a-sf_fpclassify.o)
 .debug_aranges
                0x0000000000000af8       0x20 /usr/lib/gcc/arm-none-eabi/4.9.3/../../../arm-none-eabi/lib/armv7e-m/libm.a(lib_a-sf_scalbn.o)
 .debug_aranges
                0x0000000000000b18       0x20 /usr/lib/gcc/arm-none-eabi/4.9.3/../../../arm-none-eabi/lib/armv7e-m/libm.a(lib_a-s_copysign.o)
 .debug_aranges
                0x0000000000000b38       0x20 /usr/lib/gcc/arm-none-eabi/4.9.3/../../../arm-none-eabi/lib/armv7e-m/libm.a(lib_a-sf_copysign.o)
 .debug_aranges
                0x0000000000000b58       0x20 /usr/lib/gcc/arm-none-eabi/4.9.3/../../../arm-none-eabi/lib/armv7e-m/libc_nano.a(lib_a-errno.o)
 .debug_aranges
                0x0000000000000b78       0x18 /usr/lib/gcc/arm-none-eabi/4.9.3/../../../arm-none-eabi/lib/armv7e-m/libc_nano.a(lib_a-impure.o)
 .debug_aranges
                0x0000000000000b90       0x20 /usr/lib/gcc/arm-none-eabi/4.9.3/../../../arm-none-eabi/lib/armv7e-m/libc_nano.a(lib_a-init.o)
 .debug_aranges
                0x0000000000000bb0       0x20 /usr/lib/gcc/arm-none-eabi/4.9.3/../../../arm-none-eabi/lib/armv7e-m/libc_nano.a(lib_a-memset.o)
 .debug_aranges
                0x0000000000000bd0       0x20 /usr/lib/gcc/arm-none-eabi/4.9.3/armv7e-m/libgcc.a(_arm_cmpdf2.o)
 .debug_aranges
                0x0000000000000bf0       0x20 /usr/lib/gcc/arm-none-eabi/4.9.3/armv7e-m/libgcc.a(_arm_fixdfsi.o)
 .debug_aranges
                0x0000000000000c10       0x20 /usr/lib/gcc/arm-none-eabi/4.9.3/armv7e-m/libgcc.a(_arm_addsubsf3.o)
 .debug_aranges
                0x0000000000000c30       0x20 /usr/lib/gcc/arm-none-eabi/4.9.3/armv7e-m/libgcc.a(_arm_muldivsf3.o)
 .debug_aranges
                0x0000000000000c50       0x20 /usr/lib/gcc/arm-none-eabi/4.9.3/armv7e-m/libgcc.a(_arm_cmpsf2.o)
 .debug_aranges
                0x0000000000000c70       0x20 /usr/lib/gcc/arm-none-eabi/4.9.3/armv7e-m/libgcc.a(_arm_fixsfsi.o)

.debug_ranges   0x0000000000000000     0x2690
 .debug_ranges  0x0000000000000000      0x448 obj/lcd.o
 .debug_ranges  0x0000000000000448       0x50 obj/stm32f4xx_hal_msp.o
 .debug_ranges  0x0000000000000498       0xe0 obj/main.o
 .debug_ranges  0x0000000000000578       0x18 obj/stm32f4xx_it.o
 .debug_ranges  0x0000000000000590       0x18 obj/system_stm32f4xx.o
 .debug_ranges  0x00000000000005a8      0x330 obj/stm32f4xx_hal_rcc_ex.o
 .debug_ranges  0x00000000000008d8       0xb8 obj/stm32f4xx_hal.o
 .debug_ranges  0x0000000000000990      0x790 obj/stm32f4xx_hal_spi.o
 .debug_ranges  0x0000000000001120       0x68 obj/stm32f4xx_hal_gpio.o
 .debug_ranges  0x0000000000001188      0x148 obj/stm32f4xx_hal_cortex.o
 .debug_ranges  0x00000000000012d0      0x110 obj/stm32f4xx_hal_dma.o
 .debug_ranges  0x00000000000013e0      0x1c0 obj/stm32f4xx_hal_rcc.o
 .debug_ranges  0x00000000000015a0       0x90 obj/stm32f4xx_hal_pwr_ex.o
 .debug_ranges  0x0000000000001630       0x10 obj/fvector3.o
 .debug_ranges  0x0000000000001640      0x3a0 obj/matrix4.o
 .debug_ranges  0x00000000000019e0      0x140 obj/triangle.o
 .debug_ranges  0x0000000000001b20      0x4d0 obj/3dmain.o
 .debug_ranges  0x0000000000001ff0      0x3e0 obj/texturepoly.o
 .debug_ranges  0x00000000000023d0       0x68 obj/vector2.o
 .debug_ranges  0x0000000000002438       0x10 obj/test.o
 .debug_ranges  0x0000000000002448       0x10 /usr/lib/gcc/arm-none-eabi/4.9.3/../../../arm-none-eabi/lib/armv7e-m/libm.a(lib_a-s_cos.o)
 .debug_ranges  0x0000000000002458       0x10 /usr/lib/gcc/arm-none-eabi/4.9.3/../../../arm-none-eabi/lib/armv7e-m/libm.a(lib_a-s_sin.o)
 .debug_ranges  0x0000000000002468       0x10 /usr/lib/gcc/arm-none-eabi/4.9.3/../../../arm-none-eabi/lib/armv7e-m/libm.a(lib_a-sf_tan.o)
 .debug_ranges  0x0000000000002478       0x10 /usr/lib/gcc/arm-none-eabi/4.9.3/../../../arm-none-eabi/lib/armv7e-m/libm.a(lib_a-wf_sqrt.o)
 .debug_ranges  0x0000000000002488       0x48 /usr/lib/gcc/arm-none-eabi/4.9.3/../../../arm-none-eabi/lib/armv7e-m/libm.a(lib_a-e_rem_pio2.o)
 .debug_ranges  0x00000000000024d0       0x30 /usr/lib/gcc/arm-none-eabi/4.9.3/../../../arm-none-eabi/lib/armv7e-m/libm.a(lib_a-ef_rem_pio2.o)
 .debug_ranges  0x0000000000002500       0x10 /usr/lib/gcc/arm-none-eabi/4.9.3/../../../arm-none-eabi/lib/armv7e-m/libm.a(lib_a-ef_sqrt.o)
 .debug_ranges  0x0000000000002510       0x10 /usr/lib/gcc/arm-none-eabi/4.9.3/../../../arm-none-eabi/lib/armv7e-m/libm.a(lib_a-k_cos.o)
 .debug_ranges  0x0000000000002520       0x10 /usr/lib/gcc/arm-none-eabi/4.9.3/../../../arm-none-eabi/lib/armv7e-m/libm.a(lib_a-k_rem_pio2.o)
 .debug_ranges  0x0000000000002530       0x10 /usr/lib/gcc/arm-none-eabi/4.9.3/../../../arm-none-eabi/lib/armv7e-m/libm.a(lib_a-k_sin.o)
 .debug_ranges  0x0000000000002540       0x10 /usr/lib/gcc/arm-none-eabi/4.9.3/../../../arm-none-eabi/lib/armv7e-m/libm.a(lib_a-kf_rem_pio2.o)
 .debug_ranges  0x0000000000002550       0x28 /usr/lib/gcc/arm-none-eabi/4.9.3/../../../arm-none-eabi/lib/armv7e-m/libm.a(lib_a-kf_tan.o)
 .debug_ranges  0x0000000000002578       0x10 /usr/lib/gcc/arm-none-eabi/4.9.3/../../../arm-none-eabi/lib/armv7e-m/libm.a(lib_a-s_fabs.o)
 .debug_ranges  0x0000000000002588       0x40 /usr/lib/gcc/arm-none-eabi/4.9.3/../../../arm-none-eabi/lib/armv7e-m/libm.a(lib_a-s_floor.o)
 .debug_ranges  0x00000000000025c8       0x10 /usr/lib/gcc/arm-none-eabi/4.9.3/../../../arm-none-eabi/lib/armv7e-m/libm.a(lib_a-s_matherr.o)
 .debug_ranges  0x00000000000025d8       0x28 /usr/lib/gcc/arm-none-eabi/4.9.3/../../../arm-none-eabi/lib/armv7e-m/libm.a(lib_a-s_scalbn.o)
 .debug_ranges  0x0000000000002600       0x10 /usr/lib/gcc/arm-none-eabi/4.9.3/../../../arm-none-eabi/lib/armv7e-m/libm.a(lib_a-sf_fabs.o)
 .debug_ranges  0x0000000000002610       0x10 /usr/lib/gcc/arm-none-eabi/4.9.3/../../../arm-none-eabi/lib/armv7e-m/libm.a(lib_a-sf_floor.o)
 .debug_ranges  0x0000000000002620       0x10 /usr/lib/gcc/arm-none-eabi/4.9.3/../../../arm-none-eabi/lib/armv7e-m/libm.a(lib_a-sf_fpclassify.o)
 .debug_ranges  0x0000000000002630       0x10 /usr/lib/gcc/arm-none-eabi/4.9.3/../../../arm-none-eabi/lib/armv7e-m/libm.a(lib_a-sf_scalbn.o)
 .debug_ranges  0x0000000000002640       0x10 /usr/lib/gcc/arm-none-eabi/4.9.3/../../../arm-none-eabi/lib/armv7e-m/libm.a(lib_a-s_copysign.o)
 .debug_ranges  0x0000000000002650       0x10 /usr/lib/gcc/arm-none-eabi/4.9.3/../../../arm-none-eabi/lib/armv7e-m/libm.a(lib_a-sf_copysign.o)
 .debug_ranges  0x0000000000002660       0x10 /usr/lib/gcc/arm-none-eabi/4.9.3/../../../arm-none-eabi/lib/armv7e-m/libc_nano.a(lib_a-errno.o)
 .debug_ranges  0x0000000000002670       0x10 /usr/lib/gcc/arm-none-eabi/4.9.3/../../../arm-none-eabi/lib/armv7e-m/libc_nano.a(lib_a-init.o)
 .debug_ranges  0x0000000000002680       0x10 /usr/lib/gcc/arm-none-eabi/4.9.3/../../../arm-none-eabi/lib/armv7e-m/libc_nano.a(lib_a-memset.o)

.debug_macro    0x0000000000000000    0x23461
 .debug_macro   0x0000000000000000      0x2a3 obj/lcd.o
 .debug_macro   0x00000000000002a3      0x886 obj/lcd.o
 .debug_macro   0x0000000000000b29      0x17f obj/lcd.o
 .debug_macro   0x0000000000000ca8       0x33 obj/lcd.o
 .debug_macro   0x0000000000000cdb       0x28 obj/lcd.o
 .debug_macro   0x0000000000000d03       0x22 obj/lcd.o
 .debug_macro   0x0000000000000d25       0x44 obj/lcd.o
 .debug_macro   0x0000000000000d69       0xe3 obj/lcd.o
 .debug_macro   0x0000000000000e4c       0x22 obj/lcd.o
 .debug_macro   0x0000000000000e6e      0x1df obj/lcd.o
 .debug_macro   0x000000000000104d       0x35 obj/lcd.o
 .debug_macro   0x0000000000001082       0x50 obj/lcd.o
 .debug_macro   0x00000000000010d2      0xe66 obj/lcd.o
 .debug_macro   0x0000000000001f38    0x16703 obj/lcd.o
 .debug_macro   0x000000000001863b       0x43 obj/lcd.o
 .debug_macro   0x000000000001867e     0x3574 obj/lcd.o
 .debug_macro   0x000000000001bbf2       0x58 obj/lcd.o
 .debug_macro   0x000000000001bc4a       0x35 obj/lcd.o
 .debug_macro   0x000000000001bc7f       0x9c obj/lcd.o
 .debug_macro   0x000000000001bd1b       0x16 obj/lcd.o
 .debug_macro   0x000000000001bd31       0x97 obj/lcd.o
 .debug_macro   0x000000000001bdc8      0x29d obj/lcd.o
 .debug_macro   0x000000000001c065       0xef obj/lcd.o
 .debug_macro   0x000000000001c154       0x10 obj/lcd.o
 .debug_macro   0x000000000001c164       0x52 obj/lcd.o
 .debug_macro   0x000000000001c1b6       0x16 obj/lcd.o
 .debug_macro   0x000000000001c1cc       0x43 obj/lcd.o
 .debug_macro   0x000000000001c20f      0x180 obj/lcd.o
 .debug_macro   0x000000000001c38f       0x10 obj/lcd.o
 .debug_macro   0x000000000001c39f       0x22 obj/lcd.o
 .debug_macro   0x000000000001c3c1       0xbe obj/lcd.o
 .debug_macro   0x000000000001c47f       0x16 obj/lcd.o
 .debug_macro   0x000000000001c495      0x197 obj/lcd.o
 .debug_macro   0x000000000001c62c       0x57 obj/lcd.o
 .debug_macro   0x000000000001c683      0xc90 obj/lcd.o
 .debug_macro   0x000000000001d313      0x9e1 obj/lcd.o
 .debug_macro   0x000000000001dcf4      0x11e obj/lcd.o
 .debug_macro   0x000000000001de12      0x1a0 obj/lcd.o
 .debug_macro   0x000000000001dfb2       0x27 obj/lcd.o
 .debug_macro   0x000000000001dfd9      0x287 obj/lcd.o
 .debug_macro   0x000000000001e260       0x5f obj/lcd.o
 .debug_macro   0x000000000001e2bf      0x23a obj/lcd.o
 .debug_macro   0x000000000001e4f9      0x13a obj/lcd.o
 .debug_macro   0x000000000001e633      0x29c obj/lcd.o
 .debug_macro   0x000000000001e8cf       0x2e obj/lcd.o
 .debug_macro   0x000000000001e8fd      0x11e obj/lcd.o
 .debug_macro   0x000000000001ea1b       0xe8 obj/lcd.o
 .debug_macro   0x000000000001eb03       0x89 obj/lcd.o
 .debug_macro   0x000000000001eb8c      0x202 obj/lcd.o
 .debug_macro   0x000000000001ed8e      0x11e obj/lcd.o
 .debug_macro   0x000000000001eeac       0x7c obj/lcd.o
 .debug_macro   0x000000000001ef28      0x270 obj/stm32f4xx_hal_msp.o
 .debug_macro   0x000000000001f198      0x27f obj/main.o
 .debug_macro   0x000000000001f417      0x27a obj/stm32f4xx_it.o
 .debug_macro   0x000000000001f691       0xcd obj/system_stm32f4xx.o
 .debug_macro   0x000000000001f75e      0x270 obj/stm32f4xx_hal_rcc_ex.o
 .debug_macro   0x000000000001f9ce      0x2d0 obj/stm32f4xx_hal.o
 .debug_macro   0x000000000001fc9e      0x278 obj/stm32f4xx_hal_spi.o
 .debug_macro   0x000000000001ff16      0x2a8 obj/stm32f4xx_hal_gpio.o
 .debug_macro   0x00000000000201be      0x270 obj/stm32f4xx_hal_cortex.o
 .debug_macro   0x000000000002042e      0x277 obj/stm32f4xx_hal_dma.o
 .debug_macro   0x00000000000206a5      0x29a obj/stm32f4xx_hal_rcc.o
 .debug_macro   0x000000000002093f      0x288 obj/stm32f4xx_hal_pwr_ex.o
 .debug_macro   0x0000000000020bc7       0xe9 obj/fvector3.o
 .debug_macro   0x0000000000020cb0      0x89e obj/fvector3.o
 .debug_macro   0x000000000002154e       0x9c obj/fvector3.o
 .debug_macro   0x00000000000215ea      0x166 obj/fvector3.o
 .debug_macro   0x0000000000021750       0x43 obj/fvector3.o
 .debug_macro   0x0000000000021793      0x1da obj/fvector3.o
 .debug_macro   0x000000000002196d      0x164 obj/matrix4.o
 .debug_macro   0x0000000000021ad1       0x1c obj/matrix4.o
 .debug_macro   0x0000000000021aed       0x35 obj/matrix4.o
 .debug_macro   0x0000000000021b22      0x2b2 obj/matrix4.o
 .debug_macro   0x0000000000021dd4       0xc9 obj/triangle.o
 .debug_macro   0x0000000000021e9d       0x16 obj/triangle.o
 .debug_macro   0x0000000000021eb3       0x16 obj/triangle.o
 .debug_macro   0x0000000000021ec9      0x1eb obj/3dmain.o
 .debug_macro   0x00000000000220b4       0x10 obj/3dmain.o
 .debug_macro   0x00000000000220c4       0x10 obj/3dmain.o
 .debug_macro   0x00000000000220d4       0xdd obj/texturepoly.o
 .debug_macro   0x00000000000221b1       0x1b obj/vector2.o
 .debug_macro   0x00000000000221cc      0x26e obj/test.o
 .debug_macro   0x000000000002243a       0x3b obj/test.o
 .debug_macro   0x0000000000022475      0xe66 obj/test.o
 .debug_macro   0x00000000000232db       0x97 obj/test.o
 .debug_macro   0x0000000000023372       0xef obj/test.o

.debug_line     0x0000000000000000     0xc1da
 .debug_line    0x0000000000000000      0xab6 obj/lcd.o
 .debug_line    0x0000000000000ab6      0x626 obj/stm32f4xx_hal_msp.o
 .debug_line    0x00000000000010dc      0x65e obj/main.o
 .debug_line    0x000000000000173a      0x5c1 obj/stm32f4xx_it.o
 .debug_line    0x0000000000001cfb      0x28d obj/system_stm32f4xx.o
 .debug_line    0x0000000000001f88      0xc96 obj/stm32f4xx_hal_rcc_ex.o
 .debug_line    0x0000000000002c1e      0x75a obj/stm32f4xx_hal.o
 .debug_line    0x0000000000003378     0x136a obj/stm32f4xx_hal_spi.o
 .debug_line    0x00000000000046e2      0x7a5 obj/stm32f4xx_hal_gpio.o
 .debug_line    0x0000000000004e87      0x7fc obj/stm32f4xx_hal_cortex.o
 .debug_line    0x0000000000005683      0xa5b obj/stm32f4xx_hal_dma.o
 .debug_line    0x00000000000060de      0x989 obj/stm32f4xx_hal_rcc.o
 .debug_line    0x0000000000006a67      0x729 obj/stm32f4xx_hal_pwr_ex.o
 .debug_line    0x0000000000007190      0x1cd obj/fvector3.o
 .debug_line    0x000000000000735d      0x4df obj/matrix4.o
 .debug_line    0x000000000000783c      0x39d obj/triangle.o
 .debug_line    0x0000000000007bd9      0x8ee obj/3dmain.o
 .debug_line    0x00000000000084c7      0x6ba obj/texturepoly.o
 .debug_line    0x0000000000008b81      0x18d obj/vector2.o
 .debug_line    0x0000000000008d0e      0x5ae obj/test.o
 .debug_line    0x00000000000092bc      0x176 /usr/lib/gcc/arm-none-eabi/4.9.3/armv7e-m/libgcc.a(_arm_addsubdf3.o)
 .debug_line    0x0000000000009432      0x19a /usr/lib/gcc/arm-none-eabi/4.9.3/armv7e-m/libgcc.a(_arm_muldivdf3.o)
 .debug_line    0x00000000000095cc       0x8b /usr/lib/gcc/arm-none-eabi/4.9.3/armv7e-m/libgcc.a(_arm_truncdfsf2.o)
 .debug_line    0x0000000000009657      0x17b /usr/lib/gcc/arm-none-eabi/4.9.3/../../../arm-none-eabi/lib/armv7e-m/libm.a(lib_a-s_cos.o)
 .debug_line    0x00000000000097d2      0x17a /usr/lib/gcc/arm-none-eabi/4.9.3/../../../arm-none-eabi/lib/armv7e-m/libm.a(lib_a-s_sin.o)
 .debug_line    0x000000000000994c      0x174 /usr/lib/gcc/arm-none-eabi/4.9.3/../../../arm-none-eabi/lib/armv7e-m/libm.a(lib_a-sf_tan.o)
 .debug_line    0x0000000000009ac0      0x171 /usr/lib/gcc/arm-none-eabi/4.9.3/../../../arm-none-eabi/lib/armv7e-m/libm.a(lib_a-wf_sqrt.o)
 .debug_line    0x0000000000009c31      0x1fc /usr/lib/gcc/arm-none-eabi/4.9.3/../../../arm-none-eabi/lib/armv7e-m/libm.a(lib_a-e_rem_pio2.o)
 .debug_line    0x0000000000009e2d      0x1fb /usr/lib/gcc/arm-none-eabi/4.9.3/../../../arm-none-eabi/lib/armv7e-m/libm.a(lib_a-ef_rem_pio2.o)
 .debug_line    0x000000000000a028      0x143 /usr/lib/gcc/arm-none-eabi/4.9.3/../../../arm-none-eabi/lib/armv7e-m/libm.a(lib_a-ef_sqrt.o)
 .debug_line    0x000000000000a16b      0x128 /usr/lib/gcc/arm-none-eabi/4.9.3/../../../arm-none-eabi/lib/armv7e-m/libm.a(lib_a-k_cos.o)
 .debug_line    0x000000000000a293      0x396 /usr/lib/gcc/arm-none-eabi/4.9.3/../../../arm-none-eabi/lib/armv7e-m/libm.a(lib_a-k_rem_pio2.o)
 .debug_line    0x000000000000a629       0xe6 /usr/lib/gcc/arm-none-eabi/4.9.3/../../../arm-none-eabi/lib/armv7e-m/libm.a(lib_a-k_sin.o)
 .debug_line    0x000000000000a70f      0x37d /usr/lib/gcc/arm-none-eabi/4.9.3/../../../arm-none-eabi/lib/armv7e-m/libm.a(lib_a-kf_rem_pio2.o)
 .debug_line    0x000000000000aa8c      0x1ac /usr/lib/gcc/arm-none-eabi/4.9.3/../../../arm-none-eabi/lib/armv7e-m/libm.a(lib_a-kf_tan.o)
 .debug_line    0x000000000000ac38      0x151 /usr/lib/gcc/arm-none-eabi/4.9.3/../../../arm-none-eabi/lib/armv7e-m/libm.a(lib_a-s_fabs.o)
 .debug_line    0x000000000000ad89      0x1c6 /usr/lib/gcc/arm-none-eabi/4.9.3/../../../arm-none-eabi/lib/armv7e-m/libm.a(lib_a-s_floor.o)
 .debug_line    0x000000000000af4f       0xa5 /usr/lib/gcc/arm-none-eabi/4.9.3/../../../arm-none-eabi/lib/armv7e-m/libm.a(lib_a-s_lib_ver.o)
 .debug_line    0x000000000000aff4       0xb6 /usr/lib/gcc/arm-none-eabi/4.9.3/../../../arm-none-eabi/lib/armv7e-m/libm.a(lib_a-s_matherr.o)
 .debug_line    0x000000000000b0aa      0x158 /usr/lib/gcc/arm-none-eabi/4.9.3/../../../arm-none-eabi/lib/armv7e-m/libm.a(lib_a-s_scalbn.o)
 .debug_line    0x000000000000b202      0x118 /usr/lib/gcc/arm-none-eabi/4.9.3/../../../arm-none-eabi/lib/armv7e-m/libm.a(lib_a-sf_fabs.o)
 .debug_line    0x000000000000b31a      0x1af /usr/lib/gcc/arm-none-eabi/4.9.3/../../../arm-none-eabi/lib/armv7e-m/libm.a(lib_a-sf_floor.o)
 .debug_line    0x000000000000b4c9      0x126 /usr/lib/gcc/arm-none-eabi/4.9.3/../../../arm-none-eabi/lib/armv7e-m/libm.a(lib_a-sf_fpclassify.o)
 .debug_line    0x000000000000b5ef      0x155 /usr/lib/gcc/arm-none-eabi/4.9.3/../../../arm-none-eabi/lib/armv7e-m/libm.a(lib_a-sf_scalbn.o)
 .debug_line    0x000000000000b744      0x12a /usr/lib/gcc/arm-none-eabi/4.9.3/../../../arm-none-eabi/lib/armv7e-m/libm.a(lib_a-s_copysign.o)
 .debug_line    0x000000000000b86e      0x12b /usr/lib/gcc/arm-none-eabi/4.9.3/../../../arm-none-eabi/lib/armv7e-m/libm.a(lib_a-sf_copysign.o)
 .debug_line    0x000000000000b999      0x10b /usr/lib/gcc/arm-none-eabi/4.9.3/../../../arm-none-eabi/lib/armv7e-m/libc_nano.a(lib_a-errno.o)
 .debug_line    0x000000000000baa4       0xf1 /usr/lib/gcc/arm-none-eabi/4.9.3/../../../arm-none-eabi/lib/armv7e-m/libc_nano.a(lib_a-impure.o)
 .debug_line    0x000000000000bb95       0xb6 /usr/lib/gcc/arm-none-eabi/4.9.3/../../../arm-none-eabi/lib/armv7e-m/libc_nano.a(lib_a-init.o)
 .debug_line    0x000000000000bc4b       0xee /usr/lib/gcc/arm-none-eabi/4.9.3/../../../arm-none-eabi/lib/armv7e-m/libc_nano.a(lib_a-memset.o)
 .debug_line    0x000000000000bd39       0xb7 /usr/lib/gcc/arm-none-eabi/4.9.3/armv7e-m/libgcc.a(_arm_cmpdf2.o)
 .debug_line    0x000000000000bdf0       0x77 /usr/lib/gcc/arm-none-eabi/4.9.3/armv7e-m/libgcc.a(_arm_fixdfsi.o)
 .debug_line    0x000000000000be67      0x117 /usr/lib/gcc/arm-none-eabi/4.9.3/armv7e-m/libgcc.a(_arm_addsubsf3.o)
 .debug_line    0x000000000000bf7e      0x13a /usr/lib/gcc/arm-none-eabi/4.9.3/armv7e-m/libgcc.a(_arm_muldivsf3.o)
 .debug_line    0x000000000000c0b8       0xab /usr/lib/gcc/arm-none-eabi/4.9.3/armv7e-m/libgcc.a(_arm_cmpsf2.o)
 .debug_line    0x000000000000c163       0x77 /usr/lib/gcc/arm-none-eabi/4.9.3/armv7e-m/libgcc.a(_arm_fixsfsi.o)

.debug_str      0x0000000000000000    0xc31e1
 .debug_str     0x0000000000000000    0xbe2a0 obj/lcd.o
                                      0xbe5a0 (size before relaxing)
 .debug_str     0x00000000000be2a0      0x703 obj/stm32f4xx_hal_msp.o
                                      0xbe878 (size before relaxing)
 .debug_str     0x00000000000be9a3      0x1ef obj/main.o
                                      0xbec00 (size before relaxing)
 .debug_str     0x00000000000beb92       0x83 obj/stm32f4xx_it.o
                                      0xbdf52 (size before relaxing)
 .debug_str     0x00000000000bec15      0x126 obj/system_stm32f4xx.o
                                      0x8694c (size before relaxing)
 .debug_str     0x00000000000bed3b      0x321 obj/stm32f4xx_hal_rcc_ex.o
                                      0xbe232 (size before relaxing)
 .debug_str     0x00000000000bf05c      0x50f obj/stm32f4xx_hal.o
                                      0xbe98e (size before relaxing)
 .debug_str     0x00000000000bf56b      0x4f2 obj/stm32f4xx_hal_spi.o
                                      0xbe66f (size before relaxing)
 .debug_str     0x00000000000bfa5d      0x1b8 obj/stm32f4xx_hal_gpio.o
                                      0xbe09e (size before relaxing)
 .debug_str     0x00000000000bfc15      0x31a obj/stm32f4xx_hal_cortex.o
                                      0xbe727 (size before relaxing)
 .debug_str     0x00000000000bff2f      0x2bb obj/stm32f4xx_hal_dma.o
                                      0xbe26b (size before relaxing)
 .debug_str     0x00000000000c01ea      0x1c4 obj/stm32f4xx_hal_rcc.o
                                      0xbe2a0 (size before relaxing)
 .debug_str     0x00000000000c03ae      0x136 obj/stm32f4xx_hal_pwr_ex.o
                                      0xbe06e (size before relaxing)
 .debug_str     0x00000000000c04e4      0xe01 obj/fvector3.o
                                       0x527e (size before relaxing)
 .debug_str     0x00000000000c12e5      0x3c4 obj/matrix4.o
                                       0x70e4 (size before relaxing)
 .debug_str     0x00000000000c16a9      0x79a obj/triangle.o
                                       0x3fbf (size before relaxing)
 .debug_str     0x00000000000c1e43      0x38c obj/3dmain.o
                                       0x7b13 (size before relaxing)
 .debug_str     0x00000000000c21cf       0xaf obj/texturepoly.o
                                       0x41d6 (size before relaxing)
 .debug_str     0x00000000000c227e       0x78 obj/vector2.o
                                       0x268b (size before relaxing)
 .debug_str     0x00000000000c22f6       0x1a obj/test.o
                                      0xbdd66 (size before relaxing)
 .debug_str     0x00000000000c2310      0x146 /usr/lib/gcc/arm-none-eabi/4.9.3/../../../arm-none-eabi/lib/armv7e-m/libm.a(lib_a-s_cos.o)
                                        0x1fb (size before relaxing)