Archive member included to satisfy reference by file (symbol)

/usr/lib/gcc/arm-none-eabi/4.9.3/armv7e-m/libgcc.a(_arm_addsubdf3.o)
                              obj/3dmain.o (__aeabi_i2d)
/usr/lib/gcc/arm-none-eabi/4.9.3/armv7e-m/libgcc.a(_arm_muldivdf3.o)
                              obj/3dmain.o (__aeabi_dmul)
/usr/lib/gcc/arm-none-eabi/4.9.3/armv7e-m/libgcc.a(_arm_truncdfsf2.o)
                              obj/3dmain.o (__aeabi_d2f)
/usr/lib/gcc/arm-none-eabi/4.9.3/../../../arm-none-eabi/lib/armv7e-m/libm.a(lib_a-s_cos.o)
                              obj/3dmain.o (cos)
/usr/lib/gcc/arm-none-eabi/4.9.3/../../../arm-none-eabi/lib/armv7e-m/libm.a(lib_a-s_sin.o)
                              obj/3dmain.o (sin)
/usr/lib/gcc/arm-none-eabi/4.9.3/../../../arm-none-eabi/lib/armv7e-m/libm.a(lib_a-sf_sin.o)
                              obj/matrix4.o (sinf)
/usr/lib/gcc/arm-none-eabi/4.9.3/../../../arm-none-eabi/lib/armv7e-m/libm.a(lib_a-sf_tan.o)
                              obj/matrix4.o (tanf)
/usr/lib/gcc/arm-none-eabi/4.9.3/../../../arm-none-eabi/lib/armv7e-m/libm.a(lib_a-wf_sqrt.o)
                              obj/fvector3.o (sqrtf)
/usr/lib/gcc/arm-none-eabi/4.9.3/../../../arm-none-eabi/lib/armv7e-m/libm.a(lib_a-e_rem_pio2.o)
                              /usr/lib/gcc/arm-none-eabi/4.9.3/../../../arm-none-eabi/lib/armv7e-m/libm.a(lib_a-s_cos.o) (__ieee754_rem_pio2)
/usr/lib/gcc/arm-none-eabi/4.9.3/../../../arm-none-eabi/lib/armv7e-m/libm.a(lib_a-ef_rem_pio2.o)
                              /usr/lib/gcc/arm-none-eabi/4.9.3/../../../arm-none-eabi/lib/armv7e-m/libm.a(lib_a-sf_sin.o) (__ieee754_rem_pio2f)
/usr/lib/gcc/arm-none-eabi/4.9.3/../../../arm-none-eabi/lib/armv7e-m/libm.a(lib_a-ef_sqrt.o)
                              /usr/lib/gcc/arm-none-eabi/4.9.3/../../../arm-none-eabi/lib/armv7e-m/libm.a(lib_a-wf_sqrt.o) (__ieee754_sqrtf)
/usr/lib/gcc/arm-none-eabi/4.9.3/../../../arm-none-eabi/lib/armv7e-m/libm.a(lib_a-k_cos.o)
                              /usr/lib/gcc/arm-none-eabi/4.9.3/../../../arm-none-eabi/lib/armv7e-m/libm.a(lib_a-s_cos.o) (__kernel_cos)
/usr/lib/gcc/arm-none-eabi/4.9.3/../../../arm-none-eabi/lib/armv7e-m/libm.a(lib_a-k_rem_pio2.o)
                              /usr/lib/gcc/arm-none-eabi/4.9.3/../../../arm-none-eabi/lib/armv7e-m/libm.a(lib_a-e_rem_pio2.o) (__kernel_rem_pio2)
/usr/lib/gcc/arm-none-eabi/4.9.3/../../../arm-none-eabi/lib/armv7e-m/libm.a(lib_a-k_sin.o)
                              /usr/lib/gcc/arm-none-eabi/4.9.3/../../../arm-none-eabi/lib/armv7e-m/libm.a(lib_a-s_cos.o) (__kernel_sin)
/usr/lib/gcc/arm-none-eabi/4.9.3/../../../arm-none-eabi/lib/armv7e-m/libm.a(lib_a-kf_cos.o)
                              /usr/lib/gcc/arm-none-eabi/4.9.3/../../../arm-none-eabi/lib/armv7e-m/libm.a(lib_a-sf_sin.o) (__kernel_cosf)
/usr/lib/gcc/arm-none-eabi/4.9.3/../../../arm-none-eabi/lib/armv7e-m/libm.a(lib_a-kf_rem_pio2.o)
                              /usr/lib/gcc/arm-none-eabi/4.9.3/../../../arm-none-eabi/lib/armv7e-m/libm.a(lib_a-ef_rem_pio2.o) (__kernel_rem_pio2f)
/usr/lib/gcc/arm-none-eabi/4.9.3/../../../arm-none-eabi/lib/armv7e-m/libm.a(lib_a-kf_sin.o)
                              /usr/lib/gcc/arm-none-eabi/4.9.3/../../../arm-none-eabi/lib/armv7e-m/libm.a(lib_a-sf_sin.o) (__kernel_sinf)
/usr/lib/gcc/arm-none-eabi/4.9.3/../../../arm-none-eabi/lib/armv7e-m/libm.a(lib_a-kf_tan.o)
                              /usr/lib/gcc/arm-none-eabi/4.9.3/../../../arm-none-eabi/lib/armv7e-m/libm.a(lib_a-sf_tan.o) (__kernel_tanf)
/usr/lib/gcc/arm-none-eabi/4.9.3/../../../arm-none-eabi/lib/armv7e-m/libm.a(lib_a-s_fabs.o)
                              /usr/lib/gcc/arm-none-eabi/4.9.3/../../../arm-none-eabi/lib/armv7e-m/libm.a(lib_a-e_rem_pio2.o) (fabs)
/usr/lib/gcc/arm-none-eabi/4.9.3/../../../arm-none-eabi/lib/armv7e-m/libm.a(lib_a-s_floor.o)
                              /usr/lib/gcc/arm-none-eabi/4.9.3/../../../arm-none-eabi/lib/armv7e-m/libm.a(lib_a-k_rem_pio2.o) (floor)
/usr/lib/gcc/arm-none-eabi/4.9.3/../../../arm-none-eabi/lib/armv7e-m/libm.a(lib_a-s_lib_ver.o)
                              /usr/lib/gcc/arm-none-eabi/4.9.3/../../../arm-none-eabi/lib/armv7e-m/libm.a(lib_a-wf_sqrt.o) (__fdlib_version)
/usr/lib/gcc/arm-none-eabi/4.9.3/../../../arm-none-eabi/lib/armv7e-m/libm.a(lib_a-s_matherr.o)
                              /usr/lib/gcc/arm-none-eabi/4.9.3/../../../arm-none-eabi/lib/armv7e-m/libm.a(lib_a-wf_sqrt.o) (matherr)
/usr/lib/gcc/arm-none-eabi/4.9.3/../../../arm-none-eabi/lib/armv7e-m/libm.a(lib_a-s_scalbn.o)
                              /usr/lib/gcc/arm-none-eabi/4.9.3/../../../arm-none-eabi/lib/armv7e-m/libm.a(lib_a-k_rem_pio2.o) (scalbn)
/usr/lib/gcc/arm-none-eabi/4.9.3/../../../arm-none-eabi/lib/armv7e-m/libm.a(lib_a-sf_fabs.o)
                              /usr/lib/gcc/arm-none-eabi/4.9.3/../../../arm-none-eabi/lib/armv7e-m/libm.a(lib_a-ef_rem_pio2.o) (fabsf)
/usr/lib/gcc/arm-none-eabi/4.9.3/../../../arm-none-eabi/lib/armv7e-m/libm.a(lib_a-sf_floor.o)
[...]
Memory Configuration

Name             Origin             Length             Attributes
RAM              0x0000000020000000 0x0000000000020000 xrw
FLASH            0x0000000008000000 0x0000000000080000 xr
*default*        0x0000000000000000 0xffffffffffffffff

Linker script and memory map

LOAD /usr/lib/gcc/arm-none-eabi/4.9.3/armv7e-m/crti.o
LOAD /usr/lib/gcc/arm-none-eabi/4.9.3/armv7e-m/crtbegin.o
LOAD /usr/lib/gcc/arm-none-eabi/4.9.3/../../../arm-none-eabi/lib/armv7e-m/crt0.o
LOAD obj/lcd.o
LOAD obj/stm32f4xx_hal_msp.o
LOAD obj/main.o
LOAD obj/stm32f4xx_it.o
LOAD obj/system_stm32f4xx.o
LOAD obj/stm32f4xx_hal_rcc_ex.o
LOAD obj/stm32f4xx_hal.o
LOAD obj/stm32f4xx_hal_flash_ex.o
LOAD obj/stm32f4xx_hal_flash_ramfunc.o
LOAD obj/stm32f4xx_hal_spi.o
LOAD obj/stm32f4xx_hal_gpio.o
LOAD obj/stm32f4xx_hal_cortex.o
LOAD obj/stm32f4xx_hal_tim_ex.o
LOAD obj/stm32f4xx_hal_dma.o
LOAD obj/stm32f4xx_hal_pwr.o
LOAD obj/stm32f4xx_hal_tim.o
LOAD obj/stm32f4xx_hal_dma_ex.o
LOAD obj/stm32f4xx_hal_rcc.o
LOAD obj/stm32f4xx_hal_flash.o
LOAD obj/stm32f4xx_hal_pwr_ex.o
LOAD obj/fvector3.o
LOAD obj/matrix4.o
LOAD obj/triangle.o
LOAD obj/fvector2.o
LOAD obj/3dmain.o
LOAD obj/texturepoly.o
LOAD obj/vector2.o
LOAD obj/vector3.o
LOAD obj/test.o
LOAD obj/graphicdraw.o
LOAD obj/startup.o
START GROUP
LOAD /usr/lib/gcc/arm-none-eabi/4.9.3/armv7e-m/libgcc.a
LOAD /usr/lib/gcc/arm-none-eabi/4.9.3/../../../arm-none-eabi/lib/armv7e-m/libm.a
LOAD /usr/lib/gcc/arm-none-eabi/4.9.3/../../../arm-none-eabi/lib/armv7e-m/libc_nano.a
END GROUP
START GROUP
LOAD /usr/lib/gcc/arm-none-eabi/4.9.3/armv7e-m/libgcc.a
LOAD /usr/lib/gcc/arm-none-eabi/4.9.3/../../../arm-none-eabi/lib/armv7e-m/libc_nano.a
END GROUP
START GROUP
LOAD /usr/lib/gcc/arm-none-eabi/4.9.3/armv7e-m/libgcc.a
LOAD /usr/lib/gcc/arm-none-eabi/4.9.3/../../../arm-none-eabi/lib/armv7e-m/libc_nano.a
END GROUP
LOAD /usr/lib/gcc/arm-none-eabi/4.9.3/armv7e-m/crtend.o
LOAD /usr/lib/gcc/arm-none-eabi/4.9.3/armv7e-m/crtn.o
                0x0000000020020000                _estack = 0x20020000
                0x0000000000000200                _Min_Heap_Size = 0x200
                0x0000000000000400                _Min_Stack_Size = 0x400

.isr_vector     0x0000000008000000      0x1c4
                0x0000000008000000                . = ALIGN (0x4)
 *(.isr_vector)
 .isr_vector    0x0000000008000000      0x1c4 obj/startup.o
                0x0000000008000000                g_pfnVectors
                0x00000000080001c4                . = ALIGN (0x4)

.text           0x00000000080001c8     0x6cc4
                0x00000000080001c8                . = ALIGN (0x4)
 *(.text)
 .text          0x00000000080001c8       0xa4 /usr/lib/gcc/arm-none-eabi/4.9.3/armv7e-m/crtbegin.o
 .text          0x000000000800026c      0x370 /usr/lib/gcc/arm-none-eabi/4.9.3/armv7e-m/libgcc.a(_arm_addsubdf3.o)
                0x000000000800026c                __aeabi_drsub
                0x0000000008000274                __aeabi_dsub
                0x0000000008000274                __subdf3
                0x0000000008000278                __adddf3
                0x0000000008000278                __aeabi_dadd
                0x00000000080004f0                __aeabi_ui2d
                0x00000000080004f0                __floatunsidf
                0x0000000008000510                __floatsidf
                0x0000000008000510                __aeabi_i2d
                0x0000000008000534                __extendsfdf2
                0x0000000008000534                __aeabi_f2d
                0x0000000008000570                __aeabi_ul2d
                0x0000000008000570                __floatundidf
                0x0000000008000580                __floatdidf
                0x0000000008000580                __aeabi_l2d
 .text          0x00000000080005dc      0x424 /usr/lib/gcc/arm-none-eabi/4.9.3/armv7e-m/libgcc.a(_arm_muldivdf3.o)
                0x00000000080005dc                __aeabi_dmul
                0x00000000080005dc                __muldf3
                0x0000000008000830                __aeabi_ddiv
                0x0000000008000830                __divdf3
 .text          0x0000000008000a00       0xa0 /usr/lib/gcc/arm-none-eabi/4.9.3/armv7e-m/libgcc.a(_arm_truncdfsf2.o)
                0x0000000008000a00                __aeabi_d2f
                0x0000000008000a00                __truncdfsf2
 .text          0x0000000008000aa0      0x110 /usr/lib/gcc/arm-none-eabi/4.9.3/armv7e-m/libgcc.a(_arm_cmpdf2.o)
                0x0000000008000aa0                __gtdf2
                0x0000000008000aa0                __gedf2
                0x0000000008000aa8                __ltdf2
                0x0000000008000aa8                __ledf2
                0x0000000008000ab0                __cmpdf2
                0x0000000008000ab0                __eqdf2
                0x0000000008000ab0                __nedf2
                0x0000000008000b2c                __aeabi_cdrcmple
                0x0000000008000b3c                __aeabi_cdcmple
                0x0000000008000b3c                __aeabi_cdcmpeq
                0x0000000008000b4c                __aeabi_dcmpeq
                0x0000000008000b60                __aeabi_dcmplt
                0x0000000008000b74                __aeabi_dcmple
                0x0000000008000b88                __aeabi_dcmpge
                0x0000000008000b9c                __aeabi_dcmpgt
 .text          0x0000000008000bb0       0x50 /usr/lib/gcc/arm-none-eabi/4.9.3/armv7e-m/libgcc.a(_arm_fixdfsi.o)
                0x0000000008000bb0                __fixdfsi
                0x0000000008000bb0                __aeabi_d2iz
 .text          0x0000000008000c00      0x21c /usr/lib/gcc/arm-none-eabi/4.9.3/armv7e-m/libgcc.a(_arm_addsubsf3.o)
                0x0000000008000c00                __aeabi_frsub
                0x0000000008000c08                __subsf3
                0x0000000008000c08                __aeabi_fsub
                0x0000000008000c0c                __aeabi_fadd
                0x0000000008000c0c                __addsf3
                0x0000000008000d6c                __aeabi_ui2f
                0x0000000008000d6c                __floatunsisf
                0x0000000008000d74                __aeabi_i2f
                0x0000000008000d74                __floatsisf
                0x0000000008000d90                __floatundisf
                0x0000000008000d90                __aeabi_ul2f
                0x0000000008000da0                __floatdisf
                0x0000000008000da0                __aeabi_l2f
 .text          0x0000000008000e1c      0x2a0 /usr/lib/gcc/arm-none-eabi/4.9.3/armv7e-m/libgcc.a(_arm_muldivsf3.o)
                0x0000000008000e1c                __mulsf3
                0x0000000008000e1c                __aeabi_fmul
                0x0000000008000f84                __divsf3
                0x0000000008000f84                __aeabi_fdiv
 .text          0x00000000080010bc       0xec /usr/lib/gcc/arm-none-eabi/4.9.3/armv7e-m/libgcc.a(_arm_cmpsf2.o)
                0x00000000080010bc                __gtsf2
                0x00000000080010bc                __gesf2
                0x00000000080010c4                __lesf2
                0x00000000080010c4                __ltsf2
                0x00000000080010cc                __nesf2
                0x00000000080010cc                __eqsf2
                0x00000000080010cc                __cmpsf2
                0x000000000800112c                __aeabi_cfrcmple
                0x0000000008001134                __aeabi_cfcmple
                0x0000000008001134                __aeabi_cfcmpeq
                0x0000000008001144                __aeabi_fcmpeq
                0x0000000008001158                __aeabi_fcmplt
                0x000000000800116c                __aeabi_fcmple
                0x0000000008001180                __aeabi_fcmpge
                0x0000000008001194                __aeabi_fcmpgt
 .text          0x00000000080011a8       0x4c /usr/lib/gcc/arm-none-eabi/4.9.3/armv7e-m/libgcc.a(_arm_fixsfsi.o)
                0x00000000080011a8                __fixsfsi
                0x00000000080011a8                __aeabi_f2iz
 *(.text*)
 .text.LCD_Init
                0x00000000080011f4      0x578 obj/lcd.o
                0x00000000080011f4                LCD_Init
 .text.LCD_out  0x000000000800176c      0x25c obj/lcd.o
                0x000000000800176c                LCD_out
 .text.HAL_MspInit
                0x00000000080019c8       0x60 obj/stm32f4xx_hal_msp.o
                0x00000000080019c8                HAL_MspInit
 .text.HAL_SPI_MspInit
                0x0000000008001a28       0xd8 obj/stm32f4xx_hal_msp.o
                0x0000000008001a28                HAL_SPI_MspInit
 .text.SystemClock_Config
                0x0000000008001b00       0xb8 obj/main.o
                0x0000000008001b00                SystemClock_Config
 .text.startup.main
                0x0000000008001bb8      0x128 obj/main.o
                0x0000000008001bb8                main
 .text.Error_Handler
                0x0000000008001ce0        0x4 obj/main.o
                0x0000000008001ce0                Error_Handler
 .text.SysTick_Handler
                0x0000000008001ce4       0x10 obj/stm32f4xx_it.o
                0x0000000008001ce4                SysTick_Handler
 .text.DMA1_Stream4_IRQHandler
                0x0000000008001cf4        0xc obj/stm32f4xx_it.o
                0x0000000008001cf4                DMA1_Stream4_IRQHandler
 .text.SystemInit
                0x0000000008001d00       0x50 obj/system_stm32f4xx.o
                0x0000000008001d00                SystemInit
 .text.HAL_RCC_GetSysClockFreq
                0x0000000008001d50       0xe0 obj/stm32f4xx_hal_rcc_ex.o
                0x0000000008001d50                HAL_RCC_GetSysClockFreq
 .text.HAL_RCC_OscConfig
                0x0000000008001e30      0x3c0 obj/stm32f4xx_hal_rcc_ex.o
                0x0000000008001e30                HAL_RCC_OscConfig
 .text.HAL_InitTick
                0x00000000080021f0       0x2c obj/stm32f4xx_hal.o
                0x00000000080021f0                HAL_InitTick
 .text.HAL_Init
                0x000000000800221c       0x34 obj/stm32f4xx_hal.o
                0x000000000800221c                HAL_Init
 .text.HAL_IncTick
                0x0000000008002250       0x10 obj/stm32f4xx_hal.o
                0x0000000008002250                HAL_IncTick
 .text.HAL_GetTick
                0x0000000008002260        0xc obj/stm32f4xx_hal.o
                0x0000000008002260                HAL_GetTick
 .text.HAL_Delay
                0x000000000800226c       0x24 obj/stm32f4xx_hal.o
                0x000000000800226c                HAL_Delay
 .text.SPI_WaitFlagStateUntilTimeout.part.0
                0x0000000008002290       0x54 obj/stm32f4xx_hal_spi.o
 .text.HAL_SPI_Init
                0x00000000080022e4       0xac obj/stm32f4xx_hal_spi.o
                0x00000000080022e4                HAL_SPI_Init
 .text.HAL_SPI_Transmit
                0x0000000008002390      0x2bc obj/stm32f4xx_hal_spi.o
                0x0000000008002390                HAL_SPI_Transmit
 .text.HAL_GPIO_Init
                0x000000000800264c      0x234 obj/stm32f4xx_hal_gpio.o
                0x000000000800264c                HAL_GPIO_Init
 .text.HAL_GPIO_WritePin
                0x0000000008002880        0x8 obj/stm32f4xx_hal_gpio.o
                0x0000000008002880                HAL_GPIO_WritePin
 .text.HAL_NVIC_SetPriorityGrouping
                0x0000000008002888       0x24 obj/stm32f4xx_hal_cortex.o
                0x0000000008002888                HAL_NVIC_SetPriorityGrouping
 .text.HAL_NVIC_SetPriority
                0x00000000080028ac       0x6c obj/stm32f4xx_hal_cortex.o
                0x00000000080028ac                HAL_NVIC_SetPriority
 .text.HAL_NVIC_EnableIRQ
                0x0000000008002918       0x18 obj/stm32f4xx_hal_cortex.o
                0x0000000008002918                HAL_NVIC_EnableIRQ
 .text.HAL_SYSTICK_Config
                0x0000000008002930       0x34 obj/stm32f4xx_hal_cortex.o
                0x0000000008002930                HAL_SYSTICK_Config
 .text.HAL_SYSTICK_CLKSourceConfig
                0x0000000008002964       0x18 obj/stm32f4xx_hal_cortex.o
                0x0000000008002964                HAL_SYSTICK_CLKSourceConfig
 .text.HAL_SYSTICK_Callback
                0x000000000800297c        0x4 obj/stm32f4xx_hal_cortex.o
                0x000000000800297c                HAL_SYSTICK_Callback
 .text.HAL_SYSTICK_IRQHandler
                0x0000000008002980        0x8 obj/stm32f4xx_hal_cortex.o
                0x0000000008002980                HAL_SYSTICK_IRQHandler
 .text.HAL_DMA_Init
                0x0000000008002988      0x158 obj/stm32f4xx_hal_dma.o
                0x0000000008002988                HAL_DMA_Init
 .text.HAL_DMA_IRQHandler
                0x0000000008002ae0      0x1a8 obj/stm32f4xx_hal_dma.o
                0x0000000008002ae0                HAL_DMA_IRQHandler
 .text.HAL_RCC_ClockConfig
                0x0000000008002c88      0x16c obj/stm32f4xx_hal_rcc.o
                0x0000000008002c88                HAL_RCC_ClockConfig
 .text.HAL_RCC_GetHCLKFreq
                0x0000000008002df4        0xc obj/stm32f4xx_hal_rcc.o
                0x0000000008002df4                HAL_RCC_GetHCLKFreq
 .text.HAL_PWREx_EnableOverDrive
                0x0000000008002e00       0x9c obj/stm32f4xx_hal_pwr_ex.o
                0x0000000008002e00                HAL_PWREx_EnableOverDrive
 .text._ZN8fvector33absEv
                0x0000000008002e9c       0x38 obj/fvector3.o
                0x0000000008002e9c                fvector3::abs()
 .text._Z15loadPerspectiveffffii
                0x0000000008002ed4       0xa0 obj/matrix4.o
                0x0000000008002ed4                loadPerspective(float, float, float, float, int, int)
 .text._Z6lookat8fvector3S_
                0x0000000008002f74      0x28c obj/matrix4.o
                0x0000000008002f74                lookat(fvector3, fvector3)
 .text._Z7magnifyf
                0x0000000008003200       0x30 obj/matrix4.o
                0x0000000008003200                magnify(float)
 .text._ZN8triangle5cyminEv
                0x0000000008003230       0x10 obj/triangle.o
                0x0000000008003230                triangle::cymin()
 .text._ZN8triangle5cymaxEv
                0x0000000008003240       0x10 obj/triangle.o
                0x0000000008003240                triangle::cymax()
 .text._ZmlRK7Matrix4S1_
                0x0000000008003250      0x210 obj/3dmain.o
 .text._Z6main3dv
                0x0000000008003460      0xac4 obj/3dmain.o
                0x0000000008003460                main3d()
 .text.startup._GLOBAL__sub_I_pv
                0x0000000008003f24      0x17c obj/3dmain.o
 .text._ZN15texturetriangle4drawEPfPt
                0x00000000080040a0      0x360 obj/texturepoly.o
                0x00000000080040a0                texturetriangle::draw(float*, unsigned short*)
 .text._ZN15texturetriangle12triangle_setEP8fvector4fPK9texture_tPK8fvector2
                0x0000000008004400      0x704 obj/texturepoly.o
                0x0000000008004400                texturetriangle::triangle_set(fvector4*, float, texture_t const*, fvector2 const*)
 .text._ZN7vector2C2Ev
                0x0000000008004b04        0x8 obj/vector2.o
                0x0000000008004b04                vector2::vector2()
                0x0000000008004b04                vector2::vector2()
 .text._ZN7vector2C2Eii
                0x0000000008004b0c        0x8 obj/vector2.o
                0x0000000008004b0c                vector2::vector2(int, int)
                0x0000000008004b0c                vector2::vector2(int, int)
 .text._ZN7vector2aSERKS_
                0x0000000008004b14       0x10 obj/vector2.o
                0x0000000008004b14                vector2::operator=(vector2 const&)
 .text.appmain  0x0000000008004b24       0x50 obj/test.o
                0x0000000008004b24                appmain
 .text.Reset_Handler
                0x0000000008004b74       0x50 obj/startup.o
                0x0000000008004b74                Reset_Handler
 .text.Default_Handler
                0x0000000008004bc4        0x2 obj/startup.o
                0x0000000008004bc4                RTC_Alarm_IRQHandler
                0x0000000008004bc4                EXTI2_IRQHandler
                0x0000000008004bc4                TIM8_CC_IRQHandler
                0x0000000008004bc4                DebugMon_Handler
                0x0000000008004bc4                SPI4_IRQHandler
                0x0000000008004bc4                TIM1_CC_IRQHandler
                0x0000000008004bc4                DMA2_Stream5_IRQHandler
                0x0000000008004bc4                HardFault_Handler
                0x0000000008004bc4                DMA1_Stream5_IRQHandler
                0x0000000008004bc4                PVD_IRQHandler
                0x0000000008004bc4                SDIO_IRQHandler
                0x0000000008004bc4                TAMP_STAMP_IRQHandler
                0x0000000008004bc4                PendSV_Handler
                0x0000000008004bc4                NMI_Handler
                0x0000000008004bc4                CAN2_RX1_IRQHandler
                0x0000000008004bc4                EXTI3_IRQHandler
                0x0000000008004bc4                TIM8_TRG_COM_TIM14_IRQHandler
                0x0000000008004bc4                TIM1_UP_TIM10_IRQHandler
                0x0000000008004bc4                TIM8_UP_TIM13_IRQHandler
                0x0000000008004bc4                I2C3_ER_IRQHandler
                0x0000000008004bc4                FMPI2C1_Event_IRQHandler
                0x0000000008004bc4                EXTI0_IRQHandler
                0x0000000008004bc4                I2C2_EV_IRQHandler
                0x0000000008004bc4                DMA1_Stream2_IRQHandler
                0x0000000008004bc4                CAN1_RX0_IRQHandler
                0x0000000008004bc4                FPU_IRQHandler
                0x0000000008004bc4                OTG_HS_WKUP_IRQHandler
                0x0000000008004bc4                UsageFault_Handler
                0x0000000008004bc4                CAN2_SCE_IRQHandler
                0x0000000008004bc4                DMA2_Stream2_IRQHandler
                0x0000000008004bc4                SPI1_IRQHandler
                0x0000000008004bc4                TIM6_DAC_IRQHandler
                0x0000000008004bc4                TIM1_BRK_TIM9_IRQHandler
                0x0000000008004bc4                DCMI_IRQHandler
                0x0000000008004bc4                CAN2_RX0_IRQHandler
                0x0000000008004bc4                DMA2_Stream3_IRQHandler
                0x0000000008004bc4                SAI2_IRQHandler
                0x0000000008004bc4                USART6_IRQHandler
                0x0000000008004bc4                USART3_IRQHandler
                0x0000000008004bc4                CAN1_RX1_IRQHandler
                0x0000000008004bc4                UART5_IRQHandler
                0x0000000008004bc4                DMA2_Stream0_IRQHandler
                0x0000000008004bc4                TIM4_IRQHandler
                0x0000000008004bc4                QUADSPI_IRQHandler
                0x0000000008004bc4                I2C1_EV_IRQHandler
                0x0000000008004bc4                DMA1_Stream6_IRQHandler
                0x0000000008004bc4                DMA1_Stream1_IRQHandler
                0x0000000008004bc4                UART4_IRQHandler
                0x0000000008004bc4                TIM3_IRQHandler
                0x0000000008004bc4                RCC_IRQHandler
                0x0000000008004bc4                TIM8_BRK_TIM12_IRQHandler
                0x0000000008004bc4                Default_Handler
                0x0000000008004bc4                CEC_IRQHandler
                0x0000000008004bc4                EXTI15_10_IRQHandler
                0x0000000008004bc4                ADC_IRQHandler
                0x0000000008004bc4                DMA1_Stream7_IRQHandler
                0x0000000008004bc4                TIM7_IRQHandler
                0x0000000008004bc4                CAN2_TX_IRQHandler
                0x0000000008004bc4                TIM5_IRQHandler
                0x0000000008004bc4                DMA2_Stream7_IRQHandler
                0x0000000008004bc4                I2C3_EV_IRQHandler
                0x0000000008004bc4                EXTI9_5_IRQHandler
                0x0000000008004bc4                RTC_WKUP_IRQHandler
                0x0000000008004bc4                SPDIF_RX_IRQHandler
                0x0000000008004bc4                SPI2_IRQHandler
                0x0000000008004bc4                OTG_HS_EP1_IN_IRQHandler
                0x0000000008004bc4                MemManage_Handler
                0x0000000008004bc4                DMA1_Stream0_IRQHandler
                0x0000000008004bc4                CAN1_TX_IRQHandler
                0x0000000008004bc4                SVC_Handler
                0x0000000008004bc4                EXTI4_IRQHandler
                0x0000000008004bc4                OTG_HS_EP1_OUT_IRQHandler
                0x0000000008004bc4                WWDG_IRQHandler
                0x0000000008004bc4                TIM2_IRQHandler
                0x0000000008004bc4                OTG_FS_WKUP_IRQHandler
                0x0000000008004bc4                TIM1_TRG_COM_TIM11_IRQHandler
                0x0000000008004bc4                OTG_HS_IRQHandler
                0x0000000008004bc4                EXTI1_IRQHandler
                0x0000000008004bc4                USART2_IRQHandler
                0x0000000008004bc4                I2C2_ER_IRQHandler
                0x0000000008004bc4                DMA2_Stream1_IRQHandler
                0x0000000008004bc4                CAN1_SCE_IRQHandler
                0x0000000008004bc4                FLASH_IRQHandler
                0x0000000008004bc4                DMA2_Stream4_IRQHandler
                0x0000000008004bc4                BusFault_Handler
                0x0000000008004bc4                USART1_IRQHandler
                0x0000000008004bc4                OTG_FS_IRQHandler
                0x0000000008004bc4                SPI3_IRQHandler
                0x0000000008004bc4                I2C1_ER_IRQHandler
                0x0000000008004bc4                FMC_IRQHandler
                0x0000000008004bc4                DMA2_Stream6_IRQHandler
                0x0000000008004bc4                SAI1_IRQHandler
                0x0000000008004bc4                DMA1_Stream3_IRQHandler
                0x0000000008004bc4                FMPI2C1_Error_IRQHandler
 *fill*         0x0000000008004bc6        0x2 
 .text.cos      0x0000000008004bc8       0x88 /usr/lib/gcc/arm-none-eabi/4.9.3/../../../arm-none-eabi/lib/armv7e-m/libm.a(lib_a-s_cos.o)
                0x0000000008004bc8                cos
 .text.sin      0x0000000008004c50       0x94 /usr/lib/gcc/arm-none-eabi/4.9.3/../../../arm-none-eabi/lib/armv7e-m/libm.a(lib_a-s_sin.o)
                0x0000000008004c50                sin
 .text.tanf     0x0000000008004ce4       0x50 /usr/lib/gcc/arm-none-eabi/4.9.3/../../../arm-none-eabi/lib/armv7e-m/libm.a(lib_a-sf_tan.o)
                0x0000000008004ce4                tanf
 .text.sqrtf    0x0000000008004d34       0x9c /usr/lib/gcc/arm-none-eabi/4.9.3/../../../arm-none-eabi/lib/armv7e-m/libm.a(lib_a-wf_sqrt.o)
                0x0000000008004d34                sqrtf
 .text.__ieee754_rem_pio2
                0x0000000008004dd0      0x448 /usr/lib/gcc/arm-none-eabi/4.9.3/../../../arm-none-eabi/lib/armv7e-m/libm.a(lib_a-e_rem_pio2.o)
                0x0000000008004dd0                __ieee754_rem_pio2
 .text.__ieee754_rem_pio2f
                0x0000000008005218      0x2e4 /usr/lib/gcc/arm-none-eabi/4.9.3/../../../arm-none-eabi/lib/armv7e-m/libm.a(lib_a-ef_rem_pio2.o)
                0x0000000008005218                __ieee754_rem_pio2f
 .text.__ieee754_sqrtf
                0x00000000080054fc       0xa8 /usr/lib/gcc/arm-none-eabi/4.9.3/../../../arm-none-eabi/lib/armv7e-m/libm.a(lib_a-ef_sqrt.o)
                0x00000000080054fc                __ieee754_sqrtf
 *fill*         0x00000000080055a4        0x4 
 .text.__kernel_cos
                0x00000000080055a8      0x248 /usr/lib/gcc/arm-none-eabi/4.9.3/../../../arm-none-eabi/lib/armv7e-m/libm.a(lib_a-k_cos.o)
                0x00000000080055a8                __kernel_cos
 .text.__kernel_rem_pio2
                0x00000000080057f0      0x808 /usr/lib/gcc/arm-none-eabi/4.9.3/../../../arm-none-eabi/lib/armv7e-m/libm.a(lib_a-k_rem_pio2.o)
                0x00000000080057f0                __kernel_rem_pio2
 .text.__kernel_sin
                0x0000000008005ff8      0x170 /usr/lib/gcc/arm-none-eabi/4.9.3/../../../arm-none-eabi/lib/armv7e-m/libm.a(lib_a-k_sin.o)
                0x0000000008005ff8                __kernel_sin
 .text.__kernel_rem_pio2f
                0x0000000008006168      0x670 /usr/lib/gcc/arm-none-eabi/4.9.3/../../../arm-none-eabi/lib/armv7e-m/libm.a(lib_a-kf_rem_pio2.o)
                0x0000000008006168                __kernel_rem_pio2f
 .text.__kernel_tanf
                0x00000000080067d8      0x270 /usr/lib/gcc/arm-none-eabi/4.9.3/../../../arm-none-eabi/lib/armv7e-m/libm.a(lib_a-kf_tan.o)
                0x00000000080067d8                __kernel_tanf
 .text.fabs     0x0000000008006a48        0x8 /usr/lib/gcc/arm-none-eabi/4.9.3/../../../arm-none-eabi/lib/armv7e-m/libm.a(lib_a-s_fabs.o)
                0x0000000008006a48                fabs
 .text.floor    0x0000000008006a50      0x118 /usr/lib/gcc/arm-none-eabi/4.9.3/../../../arm-none-eabi/lib/armv7e-m/libm.a(lib_a-s_floor.o)
                0x0000000008006a50                floor
 .text.matherr  0x0000000008006b68        0x4 /usr/lib/gcc/arm-none-eabi/4.9.3/../../../arm-none-eabi/lib/armv7e-m/libm.a(lib_a-s_matherr.o)
                0x0000000008006b68                matherr
 *fill*         0x0000000008006b6c        0x4 
 .text.scalbn   0x0000000008006b70      0x108 /usr/lib/gcc/arm-none-eabi/4.9.3/../../../arm-none-eabi/lib/armv7e-m/libm.a(lib_a-s_scalbn.o)
                0x0000000008006b70                scalbn
 .text.fabsf    0x0000000008006c78        0x8 /usr/lib/gcc/arm-none-eabi/4.9.3/../../../arm-none-eabi/lib/armv7e-m/libm.a(lib_a-sf_fabs.o)
                0x0000000008006c78                fabsf
 .text.floorf   0x0000000008006c80       0x8c /usr/lib/gcc/arm-none-eabi/4.9.3/../../../arm-none-eabi/lib/armv7e-m/libm.a(lib_a-sf_floor.o)
                0x0000000008006c80                floorf
 .text.__fpclassifyf
                0x0000000008006d0c       0x34 /usr/lib/gcc/arm-none-eabi/4.9.3/../../../arm-none-eabi/lib/armv7e-m/libm.a(lib_a-sf_fpclassify.o)
                0x0000000008006d0c                __fpclassifyf
 .text.scalbnf  0x0000000008006d40       0xb0 /usr/lib/gcc/arm-none-eabi/4.9.3/../../../arm-none-eabi/lib/armv7e-m/libm.a(lib_a-sf_scalbn.o)
                0x0000000008006d40                scalbnf
 .text.copysign
                0x0000000008006df0       0x10 /usr/lib/gcc/arm-none-eabi/4.9.3/../../../arm-none-eabi/lib/armv7e-m/libm.a(lib_a-s_copysign.o)
                0x0000000008006df0                copysign
 .text.copysignf
                0x0000000008006e00        0xc /usr/lib/gcc/arm-none-eabi/4.9.3/../../../arm-none-eabi/lib/armv7e-m/libm.a(lib_a-sf_copysign.o)
                0x0000000008006e00                copysignf
 .text.__errno  0x0000000008006e0c        0xc /usr/lib/gcc/arm-none-eabi/4.9.3/../../../arm-none-eabi/lib/armv7e-m/libc_nano.a(lib_a-errno.o)
                0x0000000008006e0c                __errno
 .text.__libc_init_array
                0x0000000008006e18       0x4c /usr/lib/gcc/arm-none-eabi/4.9.3/../../../arm-none-eabi/lib/armv7e-m/libc_nano.a(lib_a-init.o)
                0x0000000008006e18                __libc_init_array
 .text.memset   0x0000000008006e64       0x10 /usr/lib/gcc/arm-none-eabi/4.9.3/../../../arm-none-eabi/lib/armv7e-m/libc_nano.a(lib_a-memset.o)
                0x0000000008006e64                memset
 *(.glue_7)
 .glue_7        0x0000000008006e74        0x0 linker stubs
 *(.glue_7t)
 .glue_7t       0x0000000008006e74        0x0 linker stubs
 *(.eh_frame)
 .eh_frame      0x0000000008006e74        0x0 /usr/lib/gcc/arm-none-eabi/4.9.3/armv7e-m/crtbegin.o
 *(.init)
 .init          0x0000000008006e74        0x4 /usr/lib/gcc/arm-none-eabi/4.9.3/armv7e-m/crti.o
                0x0000000008006e74                _init
 .init          0x0000000008006e78        0x8 /usr/lib/gcc/arm-none-eabi/4.9.3/armv7e-m/crtn.o
 *(.fini)
 .fini          0x0000000008006e80        0x4 /usr/lib/gcc/arm-none-eabi/4.9.3/armv7e-m/crti.o
                0x0000000008006e80                _fini
 .fini          0x0000000008006e84        0x8 /usr/lib/gcc/arm-none-eabi/4.9.3/armv7e-m/crtn.o
                0x0000000008006e8c                . = ALIGN (0x4)
                0x0000000008006e8c                _etext = .

.vfp11_veneer   0x0000000008006e8c        0x0
 .vfp11_veneer  0x0000000008006e8c        0x0 linker stubs

.v4_bx          0x0000000008006e8c        0x0
 .v4_bx         0x0000000008006e8c        0x0 linker stubs

.iplt           0x0000000008006e8c        0x0
 .iplt          0x0000000008006e8c        0x0 /usr/lib/gcc/arm-none-eabi/4.9.3/armv7e-m/crtbegin.o

.rodata         0x0000000008006e90    0x2273c
                0x0000000008006e90                . = ALIGN (0x4)
 *(.rodata)
 *(.rodata*)
 .rodata.AHBPrescTable
                0x0000000008006e90       0x10 obj/system_stm32f4xx.o
                0x0000000008006e90                AHBPrescTable
 .rodata.flagBitshiftOffset.7180
                0x0000000008006ea0        0x8 obj/stm32f4xx_hal_dma.o
 .rodata._ZL8point_uv
                0x0000000008006ea8      0x7c0 obj/3dmain.o
 .rodata._ZL7polyvec
                0x0000000008007668      0xe10 obj/3dmain.o
 .rodata._ZL8pointvec
                0x0000000008008478      0xba0 obj/3dmain.o
 .rodata._ZL8stonetex
                0x0000000008009018    0x20000 obj/3dmain.o
 .rodata.str1.4
                0x0000000008029018        0x8 /usr/lib/gcc/arm-none-eabi/4.9.3/../../../arm-none-eabi/lib/armv7e-m/libm.a(lib_a-wf_sqrt.o)
 .rodata.npio2_hw
                0x0000000008029020       0x80 /usr/lib/gcc/arm-none-eabi/4.9.3/../../../arm-none-eabi/lib/armv7e-m/libm.a(lib_a-e_rem_pio2.o)
 .rodata.two_over_pi
                0x00000000080290a0      0x108 /usr/lib/gcc/arm-none-eabi/4.9.3/../../../arm-none-eabi/lib/armv7e-m/libm.a(lib_a-e_rem_pio2.o)
 .rodata.npio2_hw
                0x00000000080291a8       0x80 /usr/lib/gcc/arm-none-eabi/4.9.3/../../../arm-none-eabi/lib/armv7e-m/libm.a(lib_a-ef_rem_pio2.o)
 .rodata.two_over_pi
                0x0000000008029228      0x318 /usr/lib/gcc/arm-none-eabi/4.9.3/../../../arm-none-eabi/lib/armv7e-m/libm.a(lib_a-ef_rem_pio2.o)
 .rodata.init_jk
                0x0000000008029540       0x10 /usr/lib/gcc/arm-none-eabi/4.9.3/../../../arm-none-eabi/lib/armv7e-m/libm.a(lib_a-k_rem_pio2.o)
 .rodata.PIo2   0x0000000008029550       0x40 /usr/lib/gcc/arm-none-eabi/4.9.3/../../../arm-none-eabi/lib/armv7e-m/libm.a(lib_a-k_rem_pio2.o)
 .rodata.init_jk
                0x0000000008029590        0xc /usr/lib/gcc/arm-none-eabi/4.9.3/../../../arm-none-eabi/lib/armv7e-m/libm.a(lib_a-kf_rem_pio2.o)
 .rodata.PIo2   0x000000000802959c       0x2c /usr/lib/gcc/arm-none-eabi/4.9.3/../../../arm-none-eabi/lib/armv7e-m/libm.a(lib_a-kf_rem_pio2.o)
 .rodata.str1.1
                0x00000000080295c8        0x2 /usr/lib/gcc/arm-none-eabi/4.9.3/../../../arm-none-eabi/lib/armv7e-m/libc_nano.a(lib_a-impure.o)
                0x00000000080295cc                . = ALIGN (0x4)
 *fill*         0x00000000080295ca        0x2 

.rel.dyn        0x00000000080295cc        0x0
 .rel.iplt      0x00000000080295cc        0x0 /usr/lib/gcc/arm-none-eabi/4.9.3/armv7e-m/crtbegin.o

.ARM.extab
 *(.ARM.extab* .gnu.linkonce.armextab.*)

.ARM            0x00000000080295cc        0x0
                0x00000000080295cc                __exidx_start = .
 *(.ARM.exidx*)
                0x00000000080295cc                __exidx_end = .

.preinit_array  0x00000000080295cc        0x0
                0x00000000080295cc                PROVIDE (__preinit_array_start, .)
 *(.preinit_array*)
                0x00000000080295cc                PROVIDE (__preinit_array_end, .)

.init_array     0x00000000080295cc        0x8
                0x00000000080295cc                PROVIDE (__init_array_start, .)
 *(SORT(.init_array.*))
 *(.init_array*)
 .init_array    0x00000000080295cc        0x4 /usr/lib/gcc/arm-none-eabi/4.9.3/armv7e-m/crtbegin.o
 .init_array    0x00000000080295d0        0x4 obj/3dmain.o
                0x00000000080295d4                PROVIDE (__init_array_end, .)

.fini_array     0x00000000080295d4        0x4
                0x00000000080295d4                PROVIDE (__fini_array_start, .)
 *(SORT(.fini_array.*))
 *(.fini_array*)
 .fini_array    0x00000000080295d4        0x4 /usr/lib/gcc/arm-none-eabi/4.9.3/armv7e-m/crtbegin.o
                0x00000000080295d8                PROVIDE (__fini_array_end, .)
                0x00000000080295d8                _sidata = LOADADDR (.data)

.data           0x0000000020000000       0x6c load address 0x00000000080295d8
                0x0000000020000000                . = ALIGN (0x4)
                0x0000000020000000                _sdata = .
 *(.data)
 *(.data*)
 .data.SystemCoreClock
                0x0000000020000000        0x4 obj/system_stm32f4xx.o
                0x0000000020000000                SystemCoreClock
 .data.__fdlib_version
                0x0000000020000004        0x1 /usr/lib/gcc/arm-none-eabi/4.9.3/../../../arm-none-eabi/lib/armv7e-m/libm.a(lib_a-s_lib_ver.o)
                0x0000000020000004                __fdlib_version
 *fill*         0x0000000020000005        0x3 
 .data.impure_data
                0x0000000020000008       0x60 /usr/lib/gcc/arm-none-eabi/4.9.3/../../../arm-none-eabi/lib/armv7e-m/libc_nano.a(lib_a-impure.o)
 .data._impure_ptr
                0x0000000020000068        0x4 /usr/lib/gcc/arm-none-eabi/4.9.3/../../../arm-none-eabi/lib/armv7e-m/libc_nano.a(lib_a-impure.o)
                0x0000000020000068                _impure_ptr
                0x000000002000006c                . = ALIGN (0x4)
                0x000000002000006c                _edata = .

.jcr            0x000000002000006c        0x0 load address 0x0000000008029644
 .jcr           0x000000002000006c        0x0 /usr/lib/gcc/arm-none-eabi/4.9.3/armv7e-m/crtbegin.o

.tm_clone_table
                0x000000002000006c        0x0 load address 0x0000000008029644
 .tm_clone_table
                0x000000002000006c        0x0 /usr/lib/gcc/arm-none-eabi/4.9.3/armv7e-m/crtbegin.o
 .tm_clone_table
                0x000000002000006c        0x0 /usr/lib/gcc/arm-none-eabi/4.9.3/armv7e-m/crtend.o

.igot.plt       0x000000002000006c        0x0 load address 0x0000000008029644
 .igot.plt      0x000000002000006c        0x0 /usr/lib/gcc/arm-none-eabi/4.9.3/armv7e-m/crtbegin.o
                0x000000002000006c                . = ALIGN (0x4)

.bss            0x000000002000006c      0x288 load address 0x0000000008029644
                0x000000002000006c                _sbss = .
                0x000000002000006c                __bss_start__ = _sbss
 *(.bss)
 .bss           0x000000002000006c       0x1c /usr/lib/gcc/arm-none-eabi/4.9.3/armv7e-m/crtbegin.o
 *(.bss*)
 .bss.hspi2     0x0000000020000088       0x58 obj/main.o
                0x0000000020000088                hspi2
 .bss.hdma_spi2_tx
                0x00000000200000e0       0x60 obj/main.o
                0x00000000200000e0                hdma_spi2_tx
 .bss.uwTick    0x0000000020000140        0x4 obj/stm32f4xx_hal.o
                0x0000000020000140                uwTick
 .bss.pv        0x0000000020000144      0x1b0 obj/3dmain.o
                0x0000000020000144                pv
 *(COMMON)
                0x00000000200002f4                . = ALIGN (0x4)
                0x00000000200002f4                _ebss = .
                0x00000000200002f4                __bss_end__ = _ebss

._user_heap_stack
                0x00000000200002f4      0x604 load address 0x0000000008029644
                0x00000000200002f8                . = ALIGN (0x8)
 *fill*         0x00000000200002f4        0x4 
                [!provide]                        PROVIDE (end, .)
                [!provide]                        PROVIDE (_end, .)
                0x00000000200004f8                . = (. + _Min_Heap_Size)
 *fill*         0x00000000200002f8      0x200 
                0x00000000200008f8                . = (. + _Min_Stack_Size)
 *fill*         0x00000000200004f8      0x400 
                0x00000000200008f8                . = ALIGN (0x8)

/DISCARD/
 libc.a(*)
 libm.a(*)
 libgcc.a(*)

.ARM.attributes
                0x0000000000000000       0x2e
 *(.ARM.attributes)
 .ARM.attributes
                0x0000000000000000       0x1e /usr/lib/gcc/arm-none-eabi/4.9.3/armv7e-m/crti.o
 .ARM.attributes
                0x000000000000001e       0x2e /usr/lib/gcc/arm-none-eabi/4.9.3/armv7e-m/crtbegin.o
 .ARM.attributes
                0x000000000000004c       0x37 obj/lcd.o
 .ARM.attributes
                0x0000000000000083       0x37 obj/stm32f4xx_hal_msp.o
 .ARM.attributes
                0x00000000000000ba       0x37 obj/main.o
 .ARM.attributes
                0x00000000000000f1       0x37 obj/stm32f4xx_it.o
 .ARM.attributes
                0x0000000000000128       0x37 obj/system_stm32f4xx.o
 .ARM.attributes
                0x000000000000015f       0x37 obj/stm32f4xx_hal_rcc_ex.o
 .ARM.attributes
                0x0000000000000196       0x37 obj/stm32f4xx_hal.o
 .ARM.attributes
                0x00000000000001cd       0x37 obj/stm32f4xx_hal_spi.o
 .ARM.attributes
                0x0000000000000204       0x37 obj/stm32f4xx_hal_gpio.o
 .ARM.attributes
                0x000000000000023b       0x37 obj/stm32f4xx_hal_cortex.o
 .ARM.attributes
                0x0000000000000272       0x37 obj/stm32f4xx_hal_dma.o
 .ARM.attributes
                0x00000000000002a9       0x37 obj/stm32f4xx_hal_rcc.o
 .ARM.attributes
                0x00000000000002e0       0x37 obj/stm32f4xx_hal_pwr_ex.o
 .ARM.attributes
                0x0000000000000317       0x37 obj/fvector3.o
 .ARM.attributes
                0x000000000000034e       0x37 obj/matrix4.o
 .ARM.attributes
                0x0000000000000385       0x37 obj/triangle.o
 .ARM.attributes
                0x00000000000003bc       0x37 obj/3dmain.o
 .ARM.attributes
                0x00000000000003f3       0x37 obj/texturepoly.o
 .ARM.attributes
                0x000000000000042a       0x37 obj/vector2.o
 .ARM.attributes
                0x0000000000000461       0x37 obj/test.o
 .ARM.attributes
                0x0000000000000498       0x21 obj/startup.o
 .ARM.attributes
                0x00000000000004b9       0x1e /usr/lib/gcc/arm-none-eabi/4.9.3/armv7e-m/libgcc.a(_arm_addsubdf3.o)
 .ARM.attributes
                0x00000000000004d7       0x1e /usr/lib/gcc/arm-none-eabi/4.9.3/armv7e-m/libgcc.a(_arm_muldivdf3.o)
 .ARM.attributes
                0x00000000000004f5       0x1e /usr/lib/gcc/arm-none-eabi/4.9.3/armv7e-m/libgcc.a(_arm_truncdfsf2.o)
 .ARM.attributes
                0x0000000000000513       0x2e /usr/lib/gcc/arm-none-eabi/4.9.3/../../../arm-none-eabi/lib/armv7e-m/libm.a(lib_a-s_cos.o)
 .ARM.attributes
                0x0000000000000541       0x2e /usr/lib/gcc/arm-none-eabi/4.9.3/../../../arm-none-eabi/lib/armv7e-m/libm.a(lib_a-s_sin.o)
 .ARM.attributes
                0x000000000000056f       0x2e /usr/lib/gcc/arm-none-eabi/4.9.3/../../../arm-none-eabi/lib/armv7e-m/libm.a(lib_a-sf_tan.o)
 .ARM.attributes
                0x000000000000059d       0x2e /usr/lib/gcc/arm-none-eabi/4.9.3/../../../arm-none-eabi/lib/armv7e-m/libm.a(lib_a-wf_sqrt.o)
 .ARM.attributes
                0x00000000000005cb       0x2e /usr/lib/gcc/arm-none-eabi/4.9.3/../../../arm-none-eabi/lib/armv7e-m/libm.a(lib_a-e_rem_pio2.o)
 .ARM.attributes
                0x00000000000005f9       0x2e /usr/lib/gcc/arm-none-eabi/4.9.3/../../../arm-none-eabi/lib/armv7e-m/libm.a(lib_a-ef_rem_pio2.o)
 .ARM.attributes
                0x0000000000000627       0x2e /usr/lib/gcc/arm-none-eabi/4.9.3/../../../arm-none-eabi/lib/armv7e-m/libm.a(lib_a-ef_sqrt.o)
 .ARM.attributes
                0x0000000000000655       0x2e /usr/lib/gcc/arm-none-eabi/4.9.3/../../../arm-none-eabi/lib/armv7e-m/libm.a(lib_a-k_cos.o)
 .ARM.attributes
                0x0000000000000683       0x2e /usr/lib/gcc/arm-none-eabi/4.9.3/../../../arm-none-eabi/lib/armv7e-m/libm.a(lib_a-k_rem_pio2.o)
 .ARM.attributes
                0x00000000000006b1       0x2e /usr/lib/gcc/arm-none-eabi/4.9.3/../../../arm-none-eabi/lib/armv7e-m/libm.a(lib_a-k_sin.o)
 .ARM.attributes
                0x00000000000006df       0x2e /usr/lib/gcc/arm-none-eabi/4.9.3/../../../arm-none-eabi/lib/armv7e-m/libm.a(lib_a-kf_rem_pio2.o)
 .ARM.attributes
                0x000000000000070d       0x2e /usr/lib/gcc/arm-none-eabi/4.9.3/../../../arm-none-eabi/lib/armv7e-m/libm.a(lib_a-kf_tan.o)
 .ARM.attributes
                0x000000000000073b       0x2e /usr/lib/gcc/arm-none-eabi/4.9.3/../../../arm-none-eabi/lib/armv7e-m/libm.a(lib_a-s_fabs.o)
 .ARM.attributes
                0x0000000000000769       0x2e /usr/lib/gcc/arm-none-eabi/4.9.3/../../../arm-none-eabi/lib/armv7e-m/libm.a(lib_a-s_floor.o)
 .ARM.attributes
                0x0000000000000797       0x2e /usr/lib/gcc/arm-none-eabi/4.9.3/../../../arm-none-eabi/lib/armv7e-m/libm.a(lib_a-s_lib_ver.o)
 .ARM.attributes
                0x00000000000007c5       0x2e /usr/lib/gcc/arm-none-eabi/4.9.3/../../../arm-none-eabi/lib/armv7e-m/libm.a(lib_a-s_matherr.o)
 .ARM.attributes
                0x00000000000007f3       0x2e /usr/lib/gcc/arm-none-eabi/4.9.3/../../../arm-none-eabi/lib/armv7e-m/libm.a(lib_a-s_scalbn.o)
 .ARM.attributes
                0x0000000000000821       0x2e /usr/lib/gcc/arm-none-eabi/4.9.3/../../../arm-none-eabi/lib/armv7e-m/libm.a(lib_a-sf_fabs.o)
 .ARM.attributes
                0x000000000000084f       0x2e /usr/lib/gcc/arm-none-eabi/4.9.3/../../../arm-none-eabi/lib/armv7e-m/libm.a(lib_a-sf_floor.o)
 .ARM.attributes
                0x000000000000087d       0x2e /usr/lib/gcc/arm-none-eabi/4.9.3/../../../arm-none-eabi/lib/armv7e-m/libm.a(lib_a-sf_fpclassify.o)
 .ARM.attributes
                0x00000000000008ab       0x2e /usr/lib/gcc/arm-none-eabi/4.9.3/../../../arm-none-eabi/lib/armv7e-m/libm.a(lib_a-sf_scalbn.o)
 .ARM.attributes
                0x00000000000008d9       0x2e /usr/lib/gcc/arm-none-eabi/4.9.3/../../../arm-none-eabi/lib/armv7e-m/libm.a(lib_a-s_copysign.o)
 .ARM.attributes
                0x0000000000000907       0x2e /usr/lib/gcc/arm-none-eabi/4.9.3/../../../arm-none-eabi/lib/armv7e-m/libm.a(lib_a-sf_copysign.o)
 .ARM.attributes
                0x0000000000000935       0x2e /usr/lib/gcc/arm-none-eabi/4.9.3/../../../arm-none-eabi/lib/armv7e-m/libc_nano.a(lib_a-errno.o)
 .ARM.attributes
                0x0000000000000963       0x2e /usr/lib/gcc/arm-none-eabi/4.9.3/../../../arm-none-eabi/lib/armv7e-m/libc_nano.a(lib_a-impure.o)
 .ARM.attributes
                0x0000000000000991       0x2e /usr/lib/gcc/arm-none-eabi/4.9.3/../../../arm-none-eabi/lib/armv7e-m/libc_nano.a(lib_a-init.o)
 .ARM.attributes
                0x00000000000009bf       0x2e /usr/lib/gcc/arm-none-eabi/4.9.3/../../../arm-none-eabi/lib/armv7e-m/libc_nano.a(lib_a-memset.o)
 .ARM.attributes
                0x00000000000009ed       0x1e /usr/lib/gcc/arm-none-eabi/4.9.3/armv7e-m/libgcc.a(_arm_cmpdf2.o)
 .ARM.attributes
                0x0000000000000a0b       0x1e /usr/lib/gcc/arm-none-eabi/4.9.3/armv7e-m/libgcc.a(_arm_fixdfsi.o)
 .ARM.attributes
                0x0000000000000a29       0x1e /usr/lib/gcc/arm-none-eabi/4.9.3/armv7e-m/libgcc.a(_arm_addsubsf3.o)
 .ARM.attributes
                0x0000000000000a47       0x1e /usr/lib/gcc/arm-none-eabi/4.9.3/armv7e-m/libgcc.a(_arm_muldivsf3.o)
 .ARM.attributes
                0x0000000000000a65       0x1e /usr/lib/gcc/arm-none-eabi/4.9.3/armv7e-m/libgcc.a(_arm_cmpsf2.o)
 .ARM.attributes
                0x0000000000000a83       0x1e /usr/lib/gcc/arm-none-eabi/4.9.3/armv7e-m/libgcc.a(_arm_fixsfsi.o)
 .ARM.attributes
                0x0000000000000aa1       0x2e /usr/lib/gcc/arm-none-eabi/4.9.3/armv7e-m/crtend.o
 .ARM.attributes
                0x0000000000000acf       0x1e /usr/lib/gcc/arm-none-eabi/4.9.3/armv7e-m/crtn.o
OUTPUT(bin/Test.elf elf32-littlearm)

.comment        0x0000000000000000       0x70
 .comment       0x0000000000000000       0x38 /usr/lib/gcc/arm-none-eabi/4.9.3/armv7e-m/crtbegin.o
                                         0x39 (size before relaxing)
 .comment       0x0000000000000038       0x39 obj/lcd.o
 .comment       0x0000000000000038       0x39 obj/stm32f4xx_hal_msp.o
 .comment       0x0000000000000038       0x39 obj/main.o
 .comment       0x0000000000000038       0x39 obj/stm32f4xx_it.o
 .comment       0x0000000000000038       0x39 obj/system_stm32f4xx.o
 .comment       0x0000000000000038       0x39 obj/stm32f4xx_hal_rcc_ex.o
 .comment       0x0000000000000038       0x39 obj/stm32f4xx_hal.o
 .comment       0x0000000000000038       0x39 obj/stm32f4xx_hal_spi.o
 .comment       0x0000000000000038       0x39 obj/stm32f4xx_hal_gpio.o
 .comment       0x0000000000000038       0x39 obj/stm32f4xx_hal_cortex.o
 .comment       0x0000000000000038       0x39 obj/stm32f4xx_hal_dma.o
 .comment       0x0000000000000038       0x39 obj/stm32f4xx_hal_rcc.o
 .comment       0x0000000000000038       0x39 obj/stm32f4xx_hal_pwr_ex.o
 .comment       0x0000000000000038       0x39 obj/fvector3.o
 .comment       0x0000000000000038       0x39 obj/matrix4.o
 .comment       0x0000000000000038       0x39 obj/triangle.o
 .comment       0x0000000000000038       0x39 obj/3dmain.o
 .comment       0x0000000000000038       0x39 obj/texturepoly.o
 .comment       0x0000000000000038       0x39 obj/vector2.o
 .comment       0x0000000000000038       0x39 obj/test.o
 .comment       0x0000000000000038       0x38 /usr/lib/gcc/arm-none-eabi/4.9.3/../../../arm-none-eabi/lib/armv7e-m/libm.a(lib_a-s_cos.o)
                                         0x39 (size before relaxing)
 .comment       0x0000000000000070       0x39 /usr/lib/gcc/arm-none-eabi/4.9.3/../../../arm-none-eabi/lib/armv7e-m/libm.a(lib_a-s_sin.o)
 .comment       0x0000000000000070       0x39 /usr/lib/gcc/arm-none-eabi/4.9.3/../../../arm-none-eabi/lib/armv7e-m/libm.a(lib_a-sf_tan.o)
 .comment       0x0000000000000070       0x39 /usr/lib/gcc/arm-none-eabi/4.9.3/../../../arm-none-eabi/lib/armv7e-m/libm.a(lib_a-wf_sqrt.o)
 .comment       0x0000000000000070       0x39 /usr/lib/gcc/arm-none-eabi/4.9.3/../../../arm-none-eabi/lib/armv7e-m/libm.a(lib_a-e_rem_pio2.o)
 .comment       0x0000000000000070       0x39 /usr/lib/gcc/arm-none-eabi/4.9.3/../../../arm-none-eabi/lib/armv7e-m/libm.a(lib_a-ef_rem_pio2.o)
 .comment       0x0000000000000070       0x39 /usr/lib/gcc/arm-none-eabi/4.9.3/../../../arm-none-eabi/lib/armv7e-m/libm.a(lib_a-ef_sqrt.o)
 .comment       0x0000000000000070       0x39 /usr/lib/gcc/arm-none-eabi/4.9.3/../../../arm-none-eabi/lib/armv7e-m/libm.a(lib_a-k_cos.o)
 .comment       0x0000000000000070       0x39 /usr/lib/gcc/arm-none-eabi/4.9.3/../../../arm-none-eabi/lib/armv7e-m/libm.a(lib_a-k_rem_pio2.o)
 .comment       0x0000000000000070       0x39 /usr/lib/gcc/arm-none-eabi/4.9.3/../../../arm-none-eabi/lib/armv7e-m/libm.a(lib_a-k_sin.o)
 .comment       0x0000000000000070       0x39 /usr/lib/gcc/arm-none-eabi/4.9.3/../../../arm-none-eabi/lib/armv7e-m/libm.a(lib_a-kf_rem_pio2.o)
 .comment       0x0000000000000070       0x39 /usr/lib/gcc/arm-none-eabi/4.9.3/../../../arm-none-eabi/lib/armv7e-m/libm.a(lib_a-kf_tan.o)
 .comment       0x0000000000000070       0x39 /usr/lib/gcc/arm-none-eabi/4.9.3/../../../arm-none-eabi/lib/armv7e-m/libm.a(lib_a-s_fabs.o)
 .comment       0x0000000000000070       0x39 /usr/lib/gcc/arm-none-eabi/4.9.3/../../../arm-none-eabi/lib/armv7e-m/libm.a(lib_a-s_floor.o)
 .comment       0x0000000000000070       0x39 /usr/lib/gcc/arm-none-eabi/4.9.3/../../../arm-none-eabi/lib/armv7e-m/libm.a(lib_a-s_lib_ver.o)
 .comment       0x0000000000000070       0x39 /usr/lib/gcc/arm-none-eabi/4.9.3/../../../arm-none-eabi/lib/armv7e-m/libm.a(lib_a-s_matherr.o)
 .comment       0x0000000000000070       0x39 /usr/lib/gcc/arm-none-eabi/4.9.3/../../../arm-none-eabi/lib/armv7e-m/libm.a(lib_a-s_scalbn.o)
 .comment       0x0000000000000070       0x39 /usr/lib/gcc/arm-none-eabi/4.9.3/../../../arm-none-eabi/lib/armv7e-m/libm.a(lib_a-sf_fabs.o)
 .comment       0x0000000000000070       0x39 /usr/lib/gcc/arm-none-eabi/4.9.3/../../../arm-none-eabi/lib/armv7e-m/libm.a(lib_a-sf_floor.o)
 .comment       0x0000000000000070       0x39 /usr/lib/gcc/arm-none-eabi/4.9.3/../../../arm-none-eabi/lib/armv7e-m/libm.a(lib_a-sf_fpclassify.o)
 .comment       0x0000000000000070       0x39 /usr/lib/gcc/arm-none-eabi/4.9.3/../../../arm-none-eabi/lib/armv7e-m/libm.a(lib_a-sf_scalbn.o)
 .comment       0x0000000000000070       0x39 /usr/lib/gcc/arm-none-eabi/4.9.3/../../../arm-none-eabi/lib/armv7e-m/libm.a(lib_a-s_copysign.o)
 .comment       0x0000000000000070       0x39 /usr/lib/gcc/arm-none-eabi/4.9.3/../../../arm-none-eabi/lib/armv7e-m/libm.a(lib_a-sf_copysign.o)
 .comment       0x0000000000000070       0x39 /usr/lib/gcc/arm-none-eabi/4.9.3/../../../arm-none-eabi/lib/armv7e-m/libc_nano.a(lib_a-errno.o)
 .comment       0x0000000000000070       0x39 /usr/lib/gcc/arm-none-eabi/4.9.3/../../../arm-none-eabi/lib/armv7e-m/libc_nano.a(lib_a-impure.o)
 .comment       0x0000000000000070       0x39 /usr/lib/gcc/arm-none-eabi/4.9.3/../../../arm-none-eabi/lib/armv7e-m/libc_nano.a(lib_a-init.o)
 .comment       0x0000000000000070       0x39 /usr/lib/gcc/arm-none-eabi/4.9.3/../../../arm-none-eabi/lib/armv7e-m/libc_nano.a(lib_a-memset.o)
 .comment       0x0000000000000070       0x39 /usr/lib/gcc/arm-none-eabi/4.9.3/armv7e-m/crtend.o

.debug_info     0x0000000000000000    0x1aa81
 .debug_info    0x0000000000000000     0x4ace obj/lcd.o
 .debug_info    0x0000000000004ace      0xd9c obj/stm32f4xx_hal_msp.o
 .debug_info    0x000000000000586a     0x10fa obj/main.o
 .debug_info    0x0000000000006964      0x378 obj/stm32f4xx_it.o
 .debug_info    0x0000000000006cdc      0x4fc obj/system_stm32f4xx.o
 .debug_info    0x00000000000071d8     0x13c8 obj/stm32f4xx_hal_rcc_ex.o
 .debug_info    0x00000000000085a0      0x9a8 obj/stm32f4xx_hal.o
 .debug_info    0x0000000000008f48     0x21f6 obj/stm32f4xx_hal_spi.o
 .debug_info    0x000000000000b13e      0x75c obj/stm32f4xx_hal_gpio.o
 .debug_info    0x000000000000b89a      0xf1d obj/stm32f4xx_hal_cortex.o
 .debug_info    0x000000000000c7b7      0xaa8 obj/stm32f4xx_hal_dma.o
 .debug_info    0x000000000000d25f      0xd49 obj/stm32f4xx_hal_rcc.o
 .debug_info    0x000000000000dfa8      0x92c obj/stm32f4xx_hal_pwr_ex.o
 .debug_info    0x000000000000e8d4      0x2d7 obj/fvector3.o
 .debug_info    0x000000000000ebab     0x16d3 obj/matrix4.o
 .debug_info    0x000000000001027e     0x10bf obj/triangle.o
 .debug_info    0x000000000001133d     0x2e7d obj/3dmain.o
 .debug_info    0x00000000000141ba     0x1e2c obj/texturepoly.o
 .debug_info    0x0000000000015fe6      0x540 obj/vector2.o
 .debug_info    0x0000000000016526      0x1b4 obj/test.o
 .debug_info    0x00000000000166da       0xbb /usr/lib/gcc/arm-none-eabi/4.9.3/armv7e-m/libgcc.a(_arm_addsubdf3.o)
 .debug_info    0x0000000000016795       0xbb /usr/lib/gcc/arm-none-eabi/4.9.3/armv7e-m/libgcc.a(_arm_muldivdf3.o)
 .debug_info    0x0000000000016850       0xbb /usr/lib/gcc/arm-none-eabi/4.9.3/armv7e-m/libgcc.a(_arm_truncdfsf2.o)
 .debug_info    0x000000000001690b      0x1ac /usr/lib/gcc/arm-none-eabi/4.9.3/../../../arm-none-eabi/lib/armv7e-m/libm.a(lib_a-s_cos.o)
 .debug_info    0x0000000000016ab7      0x1bf /usr/lib/gcc/arm-none-eabi/4.9.3/../../../arm-none-eabi/lib/armv7e-m/libm.a(lib_a-s_sin.o)
 .debug_info    0x0000000000016c76      0x16e /usr/lib/gcc/arm-none-eabi/4.9.3/../../../arm-none-eabi/lib/armv7e-m/libm.a(lib_a-sf_tan.o)
 .debug_info    0x0000000000016de4      0x20d /usr/lib/gcc/arm-none-eabi/4.9.3/../../../arm-none-eabi/lib/armv7e-m/libm.a(lib_a-wf_sqrt.o)
 .debug_info    0x0000000000016ff1      0x3e5 /usr/lib/gcc/arm-none-eabi/4.9.3/../../../arm-none-eabi/lib/armv7e-m/libm.a(lib_a-e_rem_pio2.o)
 .debug_info    0x00000000000173d6      0x393 /usr/lib/gcc/arm-none-eabi/4.9.3/../../../arm-none-eabi/lib/armv7e-m/libm.a(lib_a-ef_rem_pio2.o)
 .debug_info    0x0000000000017769      0x1cc /usr/lib/gcc/arm-none-eabi/4.9.3/../../../arm-none-eabi/lib/armv7e-m/libm.a(lib_a-ef_sqrt.o)
 .debug_info    0x0000000000017935      0x220 /usr/lib/gcc/arm-none-eabi/4.9.3/../../../arm-none-eabi/lib/armv7e-m/libm.a(lib_a-k_cos.o)
 .debug_info    0x0000000000017b55      0x36c /usr/lib/gcc/arm-none-eabi/4.9.3/../../../arm-none-eabi/lib/armv7e-m/libm.a(lib_a-k_rem_pio2.o)
 .debug_info    0x0000000000017ec1      0x19c /usr/lib/gcc/arm-none-eabi/4.9.3/../../../arm-none-eabi/lib/armv7e-m/libm.a(lib_a-k_sin.o)
 .debug_info    0x000000000001805d      0x367 /usr/lib/gcc/arm-none-eabi/4.9.3/../../../arm-none-eabi/lib/armv7e-m/libm.a(lib_a-kf_rem_pio2.o)
 .debug_info    0x00000000000183c4      0x29b /usr/lib/gcc/arm-none-eabi/4.9.3/../../../arm-none-eabi/lib/armv7e-m/libm.a(lib_a-kf_tan.o)
 .debug_info    0x000000000001865f      0x13a /usr/lib/gcc/arm-none-eabi/4.9.3/../../../arm-none-eabi/lib/armv7e-m/libm.a(lib_a-s_fabs.o)
 .debug_info    0x0000000000018799      0x1a3 /usr/lib/gcc/arm-none-eabi/4.9.3/../../../arm-none-eabi/lib/armv7e-m/libm.a(lib_a-s_floor.o)
 .debug_info    0x000000000001893c       0xbe /usr/lib/gcc/arm-none-eabi/4.9.3/../../../arm-none-eabi/lib/armv7e-m/libm.a(lib_a-s_lib_ver.o)
 .debug_info    0x00000000000189fa      0x129 /usr/lib/gcc/arm-none-eabi/4.9.3/../../../arm-none-eabi/lib/armv7e-m/libm.a(lib_a-s_matherr.o)
 .debug_info    0x0000000000018b23      0x28b /usr/lib/gcc/arm-none-eabi/4.9.3/../../../arm-none-eabi/lib/armv7e-m/libm.a(lib_a-s_scalbn.o)
 .debug_info    0x0000000000018dae       0xcc /usr/lib/gcc/arm-none-eabi/4.9.3/../../../arm-none-eabi/lib/armv7e-m/libm.a(lib_a-sf_fabs.o)
 .debug_info    0x0000000000018e7a      0x160 /usr/lib/gcc/arm-none-eabi/4.9.3/../../../arm-none-eabi/lib/armv7e-m/libm.a(lib_a-sf_floor.o)
 .debug_info    0x0000000000018fda       0xca /usr/lib/gcc/arm-none-eabi/4.9.3/../../../arm-none-eabi/lib/armv7e-m/libm.a(lib_a-sf_fpclassify.o)
 .debug_info    0x00000000000190a4      0x21c /usr/lib/gcc/arm-none-eabi/4.9.3/../../../arm-none-eabi/lib/armv7e-m/libm.a(lib_a-sf_scalbn.o)
 .debug_info    0x00000000000192c0      0x151 /usr/lib/gcc/arm-none-eabi/4.9.3/../../../arm-none-eabi/lib/armv7e-m/libm.a(lib_a-s_copysign.o)
 .debug_info    0x0000000000019411      0x12e /usr/lib/gcc/arm-none-eabi/4.9.3/../../../arm-none-eabi/lib/armv7e-m/libm.a(lib_a-sf_copysign.o)
 .debug_info    0x000000000001953f      0x735 /usr/lib/gcc/arm-none-eabi/4.9.3/../../../arm-none-eabi/lib/armv7e-m/libc_nano.a(lib_a-errno.o)
 .debug_info    0x0000000000019c74      0x7d3 /usr/lib/gcc/arm-none-eabi/4.9.3/../../../arm-none-eabi/lib/armv7e-m/libc_nano.a(lib_a-impure.o)
 .debug_info    0x000000000001a447      0x105 /usr/lib/gcc/arm-none-eabi/4.9.3/../../../arm-none-eabi/lib/armv7e-m/libc_nano.a(lib_a-init.o)
 .debug_info    0x000000000001a54c       0xd3 /usr/lib/gcc/arm-none-eabi/4.9.3/../../../arm-none-eabi/lib/armv7e-m/libc_nano.a(lib_a-memset.o)
 .debug_info    0x000000000001a61f       0xbb /usr/lib/gcc/arm-none-eabi/4.9.3/armv7e-m/libgcc.a(_arm_cmpdf2.o)
 .debug_info    0x000000000001a6da       0xbb /usr/lib/gcc/arm-none-eabi/4.9.3/armv7e-m/libgcc.a(_arm_fixdfsi.o)
 .debug_info    0x000000000001a795       0xbb /usr/lib/gcc/arm-none-eabi/4.9.3/armv7e-m/libgcc.a(_arm_addsubsf3.o)
 .debug_info    0x000000000001a850       0xbb /usr/lib/gcc/arm-none-eabi/4.9.3/armv7e-m/libgcc.a(_arm_muldivsf3.o)
 .debug_info    0x000000000001a90b       0xbb /usr/lib/gcc/arm-none-eabi/4.9.3/armv7e-m/libgcc.a(_arm_cmpsf2.o)
 .debug_info    0x000000000001a9c6       0xbb /usr/lib/gcc/arm-none-eabi/4.9.3/armv7e-m/libgcc.a(_arm_fixsfsi.o)

.debug_abbrev   0x0000000000000000     0x4cd6
 .debug_abbrev  0x0000000000000000      0x2b7 obj/lcd.o
 .debug_abbrev  0x00000000000002b7      0x1fd obj/stm32f4xx_hal_msp.o
 .debug_abbrev  0x00000000000004b4      0x2c9 obj/main.o
 .debug_abbrev  0x000000000000077d      0x162 obj/stm32f4xx_it.o
 .debug_abbrev  0x00000000000008df      0x104 obj/system_stm32f4xx.o
 .debug_abbrev  0x00000000000009e3      0x2ad obj/stm32f4xx_hal_rcc_ex.o
 .debug_abbrev  0x0000000000000c90      0x282 obj/stm32f4xx_hal.o
 .debug_abbrev  0x0000000000000f12      0x344 obj/stm32f4xx_hal_spi.o
 .debug_abbrev  0x0000000000001256      0x1c9 obj/stm32f4xx_hal_gpio.o
 .debug_abbrev  0x000000000000141f      0x2e9 obj/stm32f4xx_hal_cortex.o
 .debug_abbrev  0x0000000000001708      0x301 obj/stm32f4xx_hal_dma.o
 .debug_abbrev  0x0000000000001a09      0x35c obj/stm32f4xx_hal_rcc.o
 .debug_abbrev  0x0000000000001d65      0x254 obj/stm32f4xx_hal_pwr_ex.o
 .debug_abbrev  0x0000000000001fb9      0x14c obj/fvector3.o
 .debug_abbrev  0x0000000000002105      0x352 obj/matrix4.o
 .debug_abbrev  0x0000000000002457      0x2fc obj/triangle.o
 .debug_abbrev  0x0000000000002753      0x55f obj/3dmain.o
 .debug_abbrev  0x0000000000002cb2      0x390 obj/texturepoly.o
 .debug_abbrev  0x0000000000003042      0x19b obj/vector2.o
 .debug_abbrev  0x00000000000031dd      0x115 obj/test.o
 .debug_abbrev  0x00000000000032f2       0x14 /usr/lib/gcc/arm-none-eabi/4.9.3/armv7e-m/libgcc.a(_arm_addsubdf3.o)
 .debug_abbrev  0x0000000000003306       0x14 /usr/lib/gcc/arm-none-eabi/4.9.3/armv7e-m/libgcc.a(_arm_muldivdf3.o)
 .debug_abbrev  0x000000000000331a       0x14 /usr/lib/gcc/arm-none-eabi/4.9.3/armv7e-m/libgcc.a(_arm_truncdfsf2.o)
 .debug_abbrev  0x000000000000332e       0xfd /usr/lib/gcc/arm-none-eabi/4.9.3/../../../arm-none-eabi/lib/armv7e-m/libm.a(lib_a-s_cos.o)
 .debug_abbrev  0x000000000000342b      0x108 /usr/lib/gcc/arm-none-eabi/4.9.3/../../../arm-none-eabi/lib/armv7e-m/libm.a(lib_a-s_sin.o)
 .debug_abbrev  0x0000000000003533      0x108 /usr/lib/gcc/arm-none-eabi/4.9.3/../../../arm-none-eabi/lib/armv7e-m/libm.a(lib_a-sf_tan.o)
 .debug_abbrev  0x000000000000363b      0x13a /usr/lib/gcc/arm-none-eabi/4.9.3/../../../arm-none-eabi/lib/armv7e-m/libm.a(lib_a-wf_sqrt.o)
 .debug_abbrev  0x0000000000003775      0x186 /usr/lib/gcc/arm-none-eabi/4.9.3/../../../arm-none-eabi/lib/armv7e-m/libm.a(lib_a-e_rem_pio2.o)
 .debug_abbrev  0x00000000000038fb      0x15d /usr/lib/gcc/arm-none-eabi/4.9.3/../../../arm-none-eabi/lib/armv7e-m/libm.a(lib_a-ef_rem_pio2.o)
 .debug_abbrev  0x0000000000003a58       0xe0 /usr/lib/gcc/arm-none-eabi/4.9.3/../../../arm-none-eabi/lib/armv7e-m/libm.a(lib_a-ef_sqrt.o)
 .debug_abbrev  0x0000000000003b38       0xe2 /usr/lib/gcc/arm-none-eabi/4.9.3/../../../arm-none-eabi/lib/armv7e-m/libm.a(lib_a-k_cos.o)
 .debug_abbrev  0x0000000000003c1a      0x156 /usr/lib/gcc/arm-none-eabi/4.9.3/../../../arm-none-eabi/lib/armv7e-m/libm.a(lib_a-k_rem_pio2.o)
 .debug_abbrev  0x0000000000003d70       0x96 /usr/lib/gcc/arm-none-eabi/4.9.3/../../../arm-none-eabi/lib/armv7e-m/libm.a(lib_a-k_sin.o)
 .debug_abbrev  0x0000000000003e06      0x163 /usr/lib/gcc/arm-none-eabi/4.9.3/../../../arm-none-eabi/lib/armv7e-m/libm.a(lib_a-kf_rem_pio2.o)
 .debug_abbrev  0x0000000000003f69      0x13d /usr/lib/gcc/arm-none-eabi/4.9.3/../../../arm-none-eabi/lib/armv7e-m/libm.a(lib_a-kf_tan.o)
 .debug_abbrev  0x00000000000040a6       0xbb /usr/lib/gcc/arm-none-eabi/4.9.3/../../../arm-none-eabi/lib/armv7e-m/libm.a(lib_a-s_fabs.o)
 .debug_abbrev  0x0000000000004161      0x105 /usr/lib/gcc/arm-none-eabi/4.9.3/../../../arm-none-eabi/lib/armv7e-m/libm.a(lib_a-s_floor.o)
 .debug_abbrev  0x0000000000004266       0x4f /usr/lib/gcc/arm-none-eabi/4.9.3/../../../arm-none-eabi/lib/armv7e-m/libm.a(lib_a-s_lib_ver.o)
 .debug_abbrev  0x00000000000042b5       0x9a /usr/lib/gcc/arm-none-eabi/4.9.3/../../../arm-none-eabi/lib/armv7e-m/libm.a(lib_a-s_matherr.o)
 .debug_abbrev  0x000000000000434f      0x138 /usr/lib/gcc/arm-none-eabi/4.9.3/../../../arm-none-eabi/lib/armv7e-m/libm.a(lib_a-s_scalbn.o)
 .debug_abbrev  0x0000000000004487       0x6f /usr/lib/gcc/arm-none-eabi/4.9.3/../../../arm-none-eabi/lib/armv7e-m/libm.a(lib_a-sf_fabs.o)
 .debug_abbrev  0x00000000000044f6       0xc6 /usr/lib/gcc/arm-none-eabi/4.9.3/../../../arm-none-eabi/lib/armv7e-m/libm.a(lib_a-sf_floor.o)
 .debug_abbrev  0x00000000000045bc       0x6f /usr/lib/gcc/arm-none-eabi/4.9.3/../../../arm-none-eabi/lib/armv7e-m/libm.a(lib_a-sf_fpclassify.o)
 .debug_abbrev  0x000000000000462b       0xed /usr/lib/gcc/arm-none-eabi/4.9.3/../../../arm-none-eabi/lib/armv7e-m/libm.a(lib_a-sf_scalbn.o)
 .debug_abbrev  0x0000000000004718       0xe6 /usr/lib/gcc/arm-none-eabi/4.9.3/../../../arm-none-eabi/lib/armv7e-m/libm.a(lib_a-s_copysign.o)
 .debug_abbrev  0x00000000000047fe       0xae /usr/lib/gcc/arm-none-eabi/4.9.3/../../../arm-none-eabi/lib/armv7e-m/libm.a(lib_a-sf_copysign.o)
 .debug_abbrev  0x00000000000048ac      0x134 /usr/lib/gcc/arm-none-eabi/4.9.3/../../../arm-none-eabi/lib/armv7e-m/libc_nano.a(lib_a-errno.o)
 .debug_abbrev  0x00000000000049e0      0x136 /usr/lib/gcc/arm-none-eabi/4.9.3/../../../arm-none-eabi/lib/armv7e-m/libc_nano.a(lib_a-impure.o)
 .debug_abbrev  0x0000000000004b16       0xba /usr/lib/gcc/arm-none-eabi/4.9.3/../../../arm-none-eabi/lib/armv7e-m/libc_nano.a(lib_a-init.o)
 .debug_abbrev  0x0000000000004bd0       0x8e /usr/lib/gcc/arm-none-eabi/4.9.3/../../../arm-none-eabi/lib/armv7e-m/libc_nano.a(lib_a-memset.o)
 .debug_abbrev  0x0000000000004c5e       0x14 /usr/lib/gcc/arm-none-eabi/4.9.3/armv7e-m/libgcc.a(_arm_cmpdf2.o)
 .debug_abbrev  0x0000000000004c72       0x14 /usr/lib/gcc/arm-none-eabi/4.9.3/armv7e-m/libgcc.a(_arm_fixdfsi.o)
 .debug_abbrev  0x0000000000004c86       0x14 /usr/lib/gcc/arm-none-eabi/4.9.3/armv7e-m/libgcc.a(_arm_addsubsf3.o)
 .debug_abbrev  0x0000000000004c9a       0x14 /usr/lib/gcc/arm-none-eabi/4.9.3/armv7e-m/libgcc.a(_arm_muldivsf3.o)
 .debug_abbrev  0x0000000000004cae       0x14 /usr/lib/gcc/arm-none-eabi/4.9.3/armv7e-m/libgcc.a(_arm_cmpsf2.o)
 .debug_abbrev  0x0000000000004cc2       0x14 /usr/lib/gcc/arm-none-eabi/4.9.3/armv7e-m/libgcc.a(_arm_fixsfsi.o)

.debug_loc      0x0000000000000000     0xde52
 .debug_loc     0x0000000000000000      0xe65 obj/lcd.o
 .debug_loc     0x0000000000000e65       0x4a obj/stm32f4xx_hal_msp.o
 .debug_loc     0x0000000000000eaf      0x151 obj/system_stm32f4xx.o
 .debug_loc     0x0000000000001000     0x11fb obj/stm32f4xx_hal_rcc_ex.o
 .debug_loc     0x00000000000021fb       0x8f obj/stm32f4xx_hal.o
 .debug_loc     0x000000000000228a     0x2830 obj/stm32f4xx_hal_spi.o
 .debug_loc     0x0000000000004aba      0x451 obj/stm32f4xx_hal_gpio.o
 .debug_loc     0x0000000000004f0b      0x55a obj/stm32f4xx_hal_cortex.o
 .debug_loc     0x0000000000005465      0x8c3 obj/stm32f4xx_hal_dma.o
 .debug_loc     0x0000000000005d28      0x602 obj/stm32f4xx_hal_rcc.o
 .debug_loc     0x000000000000632a      0x2a0 obj/stm32f4xx_hal_pwr_ex.o
 .debug_loc     0x00000000000065ca       0x3a obj/fvector3.o
 .debug_loc     0x0000000000006604      0x9a8 obj/matrix4.o
 .debug_loc     0x0000000000006fac      0x6a0 obj/triangle.o
 .debug_loc     0x000000000000764c      0xe2a obj/3dmain.o
 .debug_loc     0x0000000000008476     0x1b29 obj/texturepoly.o
 .debug_loc     0x0000000000009f9f      0x129 obj/vector2.o
 .debug_loc     0x000000000000a0c8       0x4b obj/test.o
 .debug_loc     0x000000000000a113       0xd5 /usr/lib/gcc/arm-none-eabi/4.9.3/../../../arm-none-eabi/lib/armv7e-m/libm.a(lib_a-s_cos.o)
 .debug_loc     0x000000000000a1e8       0xd5 /usr/lib/gcc/arm-none-eabi/4.9.3/../../../arm-none-eabi/lib/armv7e-m/libm.a(lib_a-s_sin.o)
 .debug_loc     0x000000000000a2bd       0x95 /usr/lib/gcc/arm-none-eabi/4.9.3/../../../arm-none-eabi/lib/armv7e-m/libm.a(lib_a-sf_tan.o)
 .debug_loc     0x000000000000a352       0x3c /usr/lib/gcc/arm-none-eabi/4.9.3/../../../arm-none-eabi/lib/armv7e-m/libm.a(lib_a-wf_sqrt.o)
 .debug_loc     0x000000000000a38e      0x608 /usr/lib/gcc/arm-none-eabi/4.9.3/../../../arm-none-eabi/lib/armv7e-m/libm.a(lib_a-e_rem_pio2.o)
 .debug_loc     0x000000000000a996      0x792 /usr/lib/gcc/arm-none-eabi/4.9.3/../../../arm-none-eabi/lib/armv7e-m/libm.a(lib_a-ef_rem_pio2.o)
 .debug_loc     0x000000000000b128      0x2c6 /usr/lib/gcc/arm-none-eabi/4.9.3/../../../arm-none-eabi/lib/armv7e-m/libm.a(lib_a-ef_sqrt.o)
 .debug_loc     0x000000000000b3ee      0x227 /usr/lib/gcc/arm-none-eabi/4.9.3/../../../arm-none-eabi/lib/armv7e-m/libm.a(lib_a-k_cos.o)
 .debug_loc     0x000000000000b615      0xb50 /usr/lib/gcc/arm-none-eabi/4.9.3/../../../arm-none-eabi/lib/armv7e-m/libm.a(lib_a-k_rem_pio2.o)
 .debug_loc     0x000000000000c165      0x158 /usr/lib/gcc/arm-none-eabi/4.9.3/../../../arm-none-eabi/lib/armv7e-m/libm.a(lib_a-k_sin.o)
 .debug_loc     0x000000000000c2bd      0xae3 /usr/lib/gcc/arm-none-eabi/4.9.3/../../../arm-none-eabi/lib/armv7e-m/libm.a(lib_a-kf_rem_pio2.o)
 .debug_loc     0x000000000000cda0      0x494 /usr/lib/gcc/arm-none-eabi/4.9.3/../../../arm-none-eabi/lib/armv7e-m/libm.a(lib_a-kf_tan.o)
 .debug_loc     0x000000000000d234       0x2b /usr/lib/gcc/arm-none-eabi/4.9.3/../../../arm-none-eabi/lib/armv7e-m/libm.a(lib_a-s_fabs.o)
 .debug_loc     0x000000000000d25f      0x299 /usr/lib/gcc/arm-none-eabi/4.9.3/../../../arm-none-eabi/lib/armv7e-m/libm.a(lib_a-s_floor.o)
 .debug_loc     0x000000000000d4f8       0x21 /usr/lib/gcc/arm-none-eabi/4.9.3/../../../arm-none-eabi/lib/armv7e-m/libm.a(lib_a-s_matherr.o)
 .debug_loc     0x000000000000d519      0x1f9 /usr/lib/gcc/arm-none-eabi/4.9.3/../../../arm-none-eabi/lib/armv7e-m/libm.a(lib_a-s_scalbn.o)
 .debug_loc     0x000000000000d712       0x3b /usr/lib/gcc/arm-none-eabi/4.9.3/../../../arm-none-eabi/lib/armv7e-m/libm.a(lib_a-sf_fabs.o)
 .debug_loc     0x000000000000d74d      0x1ca /usr/lib/gcc/arm-none-eabi/4.9.3/../../../arm-none-eabi/lib/armv7e-m/libm.a(lib_a-sf_floor.o)
 .debug_loc     0x000000000000d917       0x36 /usr/lib/gcc/arm-none-eabi/4.9.3/../../../arm-none-eabi/lib/armv7e-m/libm.a(lib_a-sf_fpclassify.o)
 .debug_loc     0x000000000000d94d      0x367 /usr/lib/gcc/arm-none-eabi/4.9.3/../../../arm-none-eabi/lib/armv7e-m/libm.a(lib_a-sf_scalbn.o)
 .debug_loc     0x000000000000dcb4       0x53 /usr/lib/gcc/arm-none-eabi/4.9.3/../../../arm-none-eabi/lib/armv7e-m/libm.a(lib_a-s_copysign.o)
 .debug_loc     0x000000000000dd07       0xa0 /usr/lib/gcc/arm-none-eabi/4.9.3/../../../arm-none-eabi/lib/armv7e-m/libm.a(lib_a-sf_copysign.o)
 .debug_loc     0x000000000000dda7       0x54 /usr/lib/gcc/arm-none-eabi/4.9.3/../../../arm-none-eabi/lib/armv7e-m/libc_nano.a(lib_a-init.o)
 .debug_loc     0x000000000000ddfb       0x57 /usr/lib/gcc/arm-none-eabi/4.9.3/../../../arm-none-eabi/lib/armv7e-m/libc_nano.a(lib_a-memset.o)

.debug_aranges  0x0000000000000000      0xc90
 .debug_aranges
                0x0000000000000000       0x70 obj/lcd.o
 .debug_aranges
                0x0000000000000070       0x30 obj/stm32f4xx_hal_msp.o
 .debug_aranges
                0x00000000000000a0       0x38 obj/main.o
 .debug_aranges
                0x00000000000000d8       0x28 obj/stm32f4xx_it.o
 .debug_aranges
                0x0000000000000100       0x28 obj/system_stm32f4xx.o
 .debug_aranges
                0x0000000000000128       0x58 obj/stm32f4xx_hal_rcc_ex.o
 .debug_aranges
                0x0000000000000180       0xc8 obj/stm32f4xx_hal.o
 .debug_aranges
                0x0000000000000248      0x1b8 obj/stm32f4xx_hal_spi.o
 .debug_aranges
                0x0000000000000400       0x58 obj/stm32f4xx_hal_gpio.o
 .debug_aranges
                0x0000000000000458       0xa8 obj/stm32f4xx_hal_cortex.o
 .debug_aranges
                0x0000000000000500       0x78 obj/stm32f4xx_hal_dma.o
 .debug_aranges
                0x0000000000000578       0x88 obj/stm32f4xx_hal_rcc.o
 .debug_aranges
                0x0000000000000600       0x60 obj/stm32f4xx_hal_pwr_ex.o
 .debug_aranges
                0x0000000000000660       0x20 obj/fvector3.o
 .debug_aranges
                0x0000000000000680       0x70 obj/matrix4.o
 .debug_aranges
                0x00000000000006f0       0x38 obj/triangle.o
 .debug_aranges
                0x0000000000000728       0x38 obj/3dmain.o
 .debug_aranges
                0x0000000000000760       0x28 obj/texturepoly.o
 .debug_aranges
                0x0000000000000788       0x78 obj/vector2.o
 .debug_aranges
                0x0000000000000800       0x20 obj/test.o
 .debug_aranges
                0x0000000000000820       0x20 /usr/lib/gcc/arm-none-eabi/4.9.3/armv7e-m/libgcc.a(_arm_addsubdf3.o)
 .debug_aranges
                0x0000000000000840       0x20 /usr/lib/gcc/arm-none-eabi/4.9.3/armv7e-m/libgcc.a(_arm_muldivdf3.o)
 .debug_aranges
                0x0000000000000860       0x20 /usr/lib/gcc/arm-none-eabi/4.9.3/armv7e-m/libgcc.a(_arm_truncdfsf2.o)
 .debug_aranges
                0x0000000000000880       0x20 /usr/lib/gcc/arm-none-eabi/4.9.3/../../../arm-none-eabi/lib/armv7e-m/libm.a(lib_a-s_cos.o)
 .debug_aranges
                0x00000000000008a0       0x20 /usr/lib/gcc/arm-none-eabi/4.9.3/../../../arm-none-eabi/lib/armv7e-m/libm.a(lib_a-s_sin.o)
 .debug_aranges
                0x00000000000008c0       0x20 /usr/lib/gcc/arm-none-eabi/4.9.3/../../../arm-none-eabi/lib/armv7e-m/libm.a(lib_a-sf_tan.o)
 .debug_aranges
                0x00000000000008e0       0x20 /usr/lib/gcc/arm-none-eabi/4.9.3/../../../arm-none-eabi/lib/armv7e-m/libm.a(lib_a-wf_sqrt.o)
 .debug_aranges
                0x0000000000000900       0x20 /usr/lib/gcc/arm-none-eabi/4.9.3/../../../arm-none-eabi/lib/armv7e-m/libm.a(lib_a-e_rem_pio2.o)
 .debug_aranges
                0x0000000000000920       0x20 /usr/lib/gcc/arm-none-eabi/4.9.3/../../../arm-none-eabi/lib/armv7e-m/libm.a(lib_a-ef_rem_pio2.o)
 .debug_aranges
                0x0000000000000940       0x20 /usr/lib/gcc/arm-none-eabi/4.9.3/../../../arm-none-eabi/lib/armv7e-m/libm.a(lib_a-ef_sqrt.o)
 .debug_aranges
                0x0000000000000960       0x20 /usr/lib/gcc/arm-none-eabi/4.9.3/../../../arm-none-eabi/lib/armv7e-m/libm.a(lib_a-k_cos.o)
 .debug_aranges
                0x0000000000000980       0x20 /usr/lib/gcc/arm-none-eabi/4.9.3/../../../arm-none-eabi/lib/armv7e-m/libm.a(lib_a-k_rem_pio2.o)
 .debug_aranges
                0x00000000000009a0       0x20 /usr/lib/gcc/arm-none-eabi/4.9.3/../../../arm-none-eabi/lib/armv7e-m/libm.a(lib_a-k_sin.o)
 .debug_aranges
                0x00000000000009c0       0x20 /usr/lib/gcc/arm-none-eabi/4.9.3/../../../arm-none-eabi/lib/armv7e-m/libm.a(lib_a-kf_rem_pio2.o)
 .debug_aranges
                0x00000000000009e0       0x20 /usr/lib/gcc/arm-none-eabi/4.9.3/../../../arm-none-eabi/lib/armv7e-m/libm.a(lib_a-kf_tan.o)
 .debug_aranges
                0x0000000000000a00       0x20 /usr/lib/gcc/arm-none-eabi/4.9.3/../../../arm-none-eabi/lib/armv7e-m/libm.a(lib_a-s_fabs.o)
 .debug_aranges
                0x0000000000000a20       0x20 /usr/lib/gcc/arm-none-eabi/4.9.3/../../../arm-none-eabi/lib/armv7e-m/libm.a(lib_a-s_floor.o)
 .debug_aranges
                0x0000000000000a40       0x18 /usr/lib/gcc/arm-none-eabi/4.9.3/../../../arm-none-eabi/lib/armv7e-m/libm.a(lib_a-s_lib_ver.o)
 .debug_aranges
                0x0000000000000a58       0x20 /usr/lib/gcc/arm-none-eabi/4.9.3/../../../arm-none-eabi/lib/armv7e-m/libm.a(lib_a-s_matherr.o)
 .debug_aranges
                0x0000000000000a78       0x20 /usr/lib/gcc/arm-none-eabi/4.9.3/../../../arm-none-eabi/lib/armv7e-m/libm.a(lib_a-s_scalbn.o)
 .debug_aranges
                0x0000000000000a98       0x20 /usr/lib/gcc/arm-none-eabi/4.9.3/../../../arm-none-eabi/lib/armv7e-m/libm.a(lib_a-sf_fabs.o)
 .debug_aranges
                0x0000000000000ab8       0x20 /usr/lib/gcc/arm-none-eabi/4.9.3/../../../arm-none-eabi/lib/armv7e-m/libm.a(lib_a-sf_floor.o)
 .debug_aranges
                0x0000000000000ad8       0x20 /usr/lib/gcc/arm-none-eabi/4.9.3/../../../arm-none-eabi/lib/armv7e-m/libm.a(lib_a-sf_fpclassify.o)
 .debug_aranges
                0x0000000000000af8       0x20 /usr/lib/gcc/arm-none-eabi/4.9.3/../../../arm-none-eabi/lib/armv7e-m/libm.a(lib_a-sf_scalbn.o)
 .debug_aranges
                0x0000000000000b18       0x20 /usr/lib/gcc/arm-none-eabi/4.9.3/../../../arm-none-eabi/lib/armv7e-m/libm.a(lib_a-s_copysign.o)
 .debug_aranges
                0x0000000000000b38       0x20 /usr/lib/gcc/arm-none-eabi/4.9.3/../../../arm-none-eabi/lib/armv7e-m/libm.a(lib_a-sf_copysign.o)
 .debug_aranges
                0x0000000000000b58       0x20 /usr/lib/gcc/arm-none-eabi/4.9.3/../../../arm-none-eabi/lib/armv7e-m/libc_nano.a(lib_a-errno.o)
 .debug_aranges
                0x0000000000000b78       0x18 /usr/lib/gcc/arm-none-eabi/4.9.3/../../../arm-none-eabi/lib/armv7e-m/libc_nano.a(lib_a-impure.o)
 .debug_aranges
                0x0000000000000b90       0x20 /usr/lib/gcc/arm-none-eabi/4.9.3/../../../arm-none-eabi/lib/armv7e-m/libc_nano.a(lib_a-init.o)
 .debug_aranges
                0x0000000000000bb0       0x20 /usr/lib/gcc/arm-none-eabi/4.9.3/../../../arm-none-eabi/lib/armv7e-m/libc_nano.a(lib_a-memset.o)
 .debug_aranges
                0x0000000000000bd0       0x20 /usr/lib/gcc/arm-none-eabi/4.9.3/armv7e-m/libgcc.a(_arm_cmpdf2.o)
 .debug_aranges
                0x0000000000000bf0       0x20 /usr/lib/gcc/arm-none-eabi/4.9.3/armv7e-m/libgcc.a(_arm_fixdfsi.o)
 .debug_aranges
                0x0000000000000c10       0x20 /usr/lib/gcc/arm-none-eabi/4.9.3/armv7e-m/libgcc.a(_arm_addsubsf3.o)
 .debug_aranges
                0x0000000000000c30       0x20 /usr/lib/gcc/arm-none-eabi/4.9.3/armv7e-m/libgcc.a(_arm_muldivsf3.o)
 .debug_aranges
                0x0000000000000c50       0x20 /usr/lib/gcc/arm-none-eabi/4.9.3/armv7e-m/libgcc.a(_arm_cmpsf2.o)
 .debug_aranges
                0x0000000000000c70       0x20 /usr/lib/gcc/arm-none-eabi/4.9.3/armv7e-m/libgcc.a(_arm_fixsfsi.o)

.debug_ranges   0x0000000000000000     0x26f0
 .debug_ranges  0x0000000000000000      0x470 obj/lcd.o
 .debug_ranges  0x0000000000000470       0x50 obj/stm32f4xx_hal_msp.o
 .debug_ranges  0x00000000000004c0       0xe0 obj/main.o
 .debug_ranges  0x00000000000005a0       0x18 obj/stm32f4xx_it.o
 .debug_ranges  0x00000000000005b8       0x18 obj/system_stm32f4xx.o
 .debug_ranges  0x00000000000005d0      0x330 obj/stm32f4xx_hal_rcc_ex.o
 .debug_ranges  0x0000000000000900       0xb8 obj/stm32f4xx_hal.o
 .debug_ranges  0x00000000000009b8      0x790 obj/stm32f4xx_hal_spi.o
 .debug_ranges  0x0000000000001148       0x68 obj/stm32f4xx_hal_gpio.o
 .debug_ranges  0x00000000000011b0      0x148 obj/stm32f4xx_hal_cortex.o
 .debug_ranges  0x00000000000012f8      0x110 obj/stm32f4xx_hal_dma.o
 .debug_ranges  0x0000000000001408      0x1c0 obj/stm32f4xx_hal_rcc.o
 .debug_ranges  0x00000000000015c8       0x90 obj/stm32f4xx_hal_pwr_ex.o
 .debug_ranges  0x0000000000001658       0x10 obj/fvector3.o
 .debug_ranges  0x0000000000001668      0x3a0 obj/matrix4.o
 .debug_ranges  0x0000000000001a08      0x140 obj/triangle.o
 .debug_ranges  0x0000000000001b48      0x548 obj/3dmain.o
 .debug_ranges  0x0000000000002090      0x3a0 obj/texturepoly.o
 .debug_ranges  0x0000000000002430       0x68 obj/vector2.o
 .debug_ranges  0x0000000000002498       0x10 obj/test.o
 .debug_ranges  0x00000000000024a8       0x10 /usr/lib/gcc/arm-none-eabi/4.9.3/../../../arm-none-eabi/lib/armv7e-m/libm.a(lib_a-s_cos.o)
 .debug_ranges  0x00000000000024b8       0x10 /usr/lib/gcc/arm-none-eabi/4.9.3/../../../arm-none-eabi/lib/armv7e-m/libm.a(lib_a-s_sin.o)
 .debug_ranges  0x00000000000024c8       0x10 /usr/lib/gcc/arm-none-eabi/4.9.3/../../../arm-none-eabi/lib/armv7e-m/libm.a(lib_a-sf_tan.o)
 .debug_ranges  0x00000000000024d8       0x10 /usr/lib/gcc/arm-none-eabi/4.9.3/../../../arm-none-eabi/lib/armv7e-m/libm.a(lib_a-wf_sqrt.o)
 .debug_ranges  0x00000000000024e8       0x48 /usr/lib/gcc/arm-none-eabi/4.9.3/../../../arm-none-eabi/lib/armv7e-m/libm.a(lib_a-e_rem_pio2.o)
 .debug_ranges  0x0000000000002530       0x30 /usr/lib/gcc/arm-none-eabi/4.9.3/../../../arm-none-eabi/lib/armv7e-m/libm.a(lib_a-ef_rem_pio2.o)
 .debug_ranges  0x0000000000002560       0x10 /usr/lib/gcc/arm-none-eabi/4.9.3/../../../arm-none-eabi/lib/armv7e-m/libm.a(lib_a-ef_sqrt.o)
 .debug_ranges  0x0000000000002570       0x10 /usr/lib/gcc/arm-none-eabi/4.9.3/../../../arm-none-eabi/lib/armv7e-m/libm.a(lib_a-k_cos.o)
 .debug_ranges  0x0000000000002580       0x10 /usr/lib/gcc/arm-none-eabi/4.9.3/../../../arm-none-eabi/lib/armv7e-m/libm.a(lib_a-k_rem_pio2.o)
 .debug_ranges  0x0000000000002590       0x10 /usr/lib/gcc/arm-none-eabi/4.9.3/../../../arm-none-eabi/lib/armv7e-m/libm.a(lib_a-k_sin.o)
 .debug_ranges  0x00000000000025a0       0x10 /usr/lib/gcc/arm-none-eabi/4.9.3/../../../arm-none-eabi/lib/armv7e-m/libm.a(lib_a-kf_rem_pio2.o)
 .debug_ranges  0x00000000000025b0       0x28 /usr/lib/gcc/arm-none-eabi/4.9.3/../../../arm-none-eabi/lib/armv7e-m/libm.a(lib_a-kf_tan.o)
 .debug_ranges  0x00000000000025d8       0x10 /usr/lib/gcc/arm-none-eabi/4.9.3/../../../arm-none-eabi/lib/armv7e-m/libm.a(lib_a-s_fabs.o)
 .debug_ranges  0x00000000000025e8       0x40 /usr/lib/gcc/arm-none-eabi/4.9.3/../../../arm-none-eabi/lib/armv7e-m/libm.a(lib_a-s_floor.o)
 .debug_ranges  0x0000000000002628       0x10 /usr/lib/gcc/arm-none-eabi/4.9.3/../../../arm-none-eabi/lib/armv7e-m/libm.a(lib_a-s_matherr.o)
 .debug_ranges  0x0000000000002638       0x28 /usr/lib/gcc/arm-none-eabi/4.9.3/../../../arm-none-eabi/lib/armv7e-m/libm.a(lib_a-s_scalbn.o)
 .debug_ranges  0x0000000000002660       0x10 /usr/lib/gcc/arm-none-eabi/4.9.3/../../../arm-none-eabi/lib/armv7e-m/libm.a(lib_a-sf_fabs.o)
 .debug_ranges  0x0000000000002670       0x10 /usr/lib/gcc/arm-none-eabi/4.9.3/../../../arm-none-eabi/lib/armv7e-m/libm.a(lib_a-sf_floor.o)
 .debug_ranges  0x0000000000002680       0x10 /usr/lib/gcc/arm-none-eabi/4.9.3/../../../arm-none-eabi/lib/armv7e-m/libm.a(lib_a-sf_fpclassify.o)
 .debug_ranges  0x0000000000002690       0x10 /usr/lib/gcc/arm-none-eabi/4.9.3/../../../arm-none-eabi/lib/armv7e-m/libm.a(lib_a-sf_scalbn.o)
 .debug_ranges  0x00000000000026a0       0x10 /usr/lib/gcc/arm-none-eabi/4.9.3/../../../arm-none-eabi/lib/armv7e-m/libm.a(lib_a-s_copysign.o)
 .debug_ranges  0x00000000000026b0       0x10 /usr/lib/gcc/arm-none-eabi/4.9.3/../../../arm-none-eabi/lib/armv7e-m/libm.a(lib_a-sf_copysign.o)
 .debug_ranges  0x00000000000026c0       0x10 /usr/lib/gcc/arm-none-eabi/4.9.3/../../../arm-none-eabi/lib/armv7e-m/libc_nano.a(lib_a-errno.o)
 .debug_ranges  0x00000000000026d0       0x10 /usr/lib/gcc/arm-none-eabi/4.9.3/../../../arm-none-eabi/lib/armv7e-m/libc_nano.a(lib_a-init.o)
 .debug_ranges  0x00000000000026e0       0x10 /usr/lib/gcc/arm-none-eabi/4.9.3/../../../arm-none-eabi/lib/armv7e-m/libc_nano.a(lib_a-memset.o)

.debug_macro    0x0000000000000000    0x23461
 .debug_macro   0x0000000000000000      0x2a3 obj/lcd.o
 .debug_macro   0x00000000000002a3      0x886 obj/lcd.o
 .debug_macro   0x0000000000000b29      0x17f obj/lcd.o
 .debug_macro   0x0000000000000ca8       0x33 obj/lcd.o
 .debug_macro   0x0000000000000cdb       0x28 obj/lcd.o
 .debug_macro   0x0000000000000d03       0x22 obj/lcd.o
 .debug_macro   0x0000000000000d25       0x44 obj/lcd.o
 .debug_macro   0x0000000000000d69       0xe3 obj/lcd.o
 .debug_macro   0x0000000000000e4c       0x22 obj/lcd.o
 .debug_macro   0x0000000000000e6e      0x1df obj/lcd.o
 .debug_macro   0x000000000000104d       0x35 obj/lcd.o
 .debug_macro   0x0000000000001082       0x50 obj/lcd.o
 .debug_macro   0x00000000000010d2      0xe66 obj/lcd.o
 .debug_macro   0x0000000000001f38    0x16703 obj/lcd.o
 .debug_macro   0x000000000001863b       0x43 obj/lcd.o
 .debug_macro   0x000000000001867e     0x3574 obj/lcd.o
 .debug_macro   0x000000000001bbf2       0x58 obj/lcd.o
 .debug_macro   0x000000000001bc4a       0x35 obj/lcd.o
 .debug_macro   0x000000000001bc7f       0x9c obj/lcd.o
 .debug_macro   0x000000000001bd1b       0x16 obj/lcd.o
 .debug_macro   0x000000000001bd31       0x97 obj/lcd.o
 .debug_macro   0x000000000001bdc8      0x29d obj/lcd.o
 .debug_macro   0x000000000001c065       0xef obj/lcd.o
 .debug_macro   0x000000000001c154       0x10 obj/lcd.o
 .debug_macro   0x000000000001c164       0x52 obj/lcd.o
 .debug_macro   0x000000000001c1b6       0x16 obj/lcd.o
 .debug_macro   0x000000000001c1cc       0x43 obj/lcd.o
 .debug_macro   0x000000000001c20f      0x180 obj/lcd.o
 .debug_macro   0x000000000001c38f       0x10 obj/lcd.o
 .debug_macro   0x000000000001c39f       0x22 obj/lcd.o
 .debug_macro   0x000000000001c3c1       0xbe obj/lcd.o
 .debug_macro   0x000000000001c47f       0x16 obj/lcd.o
 .debug_macro   0x000000000001c495      0x197 obj/lcd.o
 .debug_macro   0x000000000001c62c       0x57 obj/lcd.o
 .debug_macro   0x000000000001c683      0xc90 obj/lcd.o
 .debug_macro   0x000000000001d313      0x9e1 obj/lcd.o
 .debug_macro   0x000000000001dcf4      0x11e obj/lcd.o
 .debug_macro   0x000000000001de12      0x1a0 obj/lcd.o
 .debug_macro   0x000000000001dfb2       0x27 obj/lcd.o
 .debug_macro   0x000000000001dfd9      0x287 obj/lcd.o
 .debug_macro   0x000000000001e260       0x5f obj/lcd.o
 .debug_macro   0x000000000001e2bf      0x23a obj/lcd.o
 .debug_macro   0x000000000001e4f9      0x13a obj/lcd.o
 .debug_macro   0x000000000001e633      0x29c obj/lcd.o
 .debug_macro   0x000000000001e8cf       0x2e obj/lcd.o
 .debug_macro   0x000000000001e8fd      0x11e obj/lcd.o
 .debug_macro   0x000000000001ea1b       0xe8 obj/lcd.o
 .debug_macro   0x000000000001eb03       0x89 obj/lcd.o
 .debug_macro   0x000000000001eb8c      0x202 obj/lcd.o
 .debug_macro   0x000000000001ed8e      0x11e obj/lcd.o
 .debug_macro   0x000000000001eeac       0x7c obj/lcd.o
 .debug_macro   0x000000000001ef28      0x270 obj/stm32f4xx_hal_msp.o
 .debug_macro   0x000000000001f198      0x27f obj/main.o
 .debug_macro   0x000000000001f417      0x27a obj/stm32f4xx_it.o
 .debug_macro   0x000000000001f691       0xcd obj/system_stm32f4xx.o
 .debug_macro   0x000000000001f75e      0x270 obj/stm32f4xx_hal_rcc_ex.o
 .debug_macro   0x000000000001f9ce      0x2d0 obj/stm32f4xx_hal.o
 .debug_macro   0x000000000001fc9e      0x278 obj/stm32f4xx_hal_spi.o
 .debug_macro   0x000000000001ff16      0x2a8 obj/stm32f4xx_hal_gpio.o
 .debug_macro   0x00000000000201be      0x270 obj/stm32f4xx_hal_cortex.o
 .debug_macro   0x000000000002042e      0x277 obj/stm32f4xx_hal_dma.o
 .debug_macro   0x00000000000206a5      0x29a obj/stm32f4xx_hal_rcc.o
 .debug_macro   0x000000000002093f      0x288 obj/stm32f4xx_hal_pwr_ex.o
 .debug_macro   0x0000000000020bc7       0xe9 obj/fvector3.o
 .debug_macro   0x0000000000020cb0      0x89e obj/fvector3.o
 .debug_macro   0x000000000002154e       0x9c obj/fvector3.o
 .debug_macro   0x00000000000215ea      0x166 obj/fvector3.o
 .debug_macro   0x0000000000021750       0x43 obj/fvector3.o
 .debug_macro   0x0000000000021793      0x1da obj/fvector3.o
 .debug_macro   0x000000000002196d      0x164 obj/matrix4.o
 .debug_macro   0x0000000000021ad1       0x1c obj/matrix4.o
 .debug_macro   0x0000000000021aed       0x35 obj/matrix4.o
 .debug_macro   0x0000000000021b22      0x2b2 obj/matrix4.o
 .debug_macro   0x0000000000021dd4       0xc9 obj/triangle.o
 .debug_macro   0x0000000000021e9d       0x16 obj/triangle.o
 .debug_macro   0x0000000000021eb3       0x16 obj/triangle.o
 .debug_macro   0x0000000000021ec9      0x1eb obj/3dmain.o
 .debug_macro   0x00000000000220b4       0x10 obj/3dmain.o
 .debug_macro   0x00000000000220c4       0x10 obj/3dmain.o
 .debug_macro   0x00000000000220d4       0xdd obj/texturepoly.o
 .debug_macro   0x00000000000221b1       0x1b obj/vector2.o
 .debug_macro   0x00000000000221cc      0x26e obj/test.o
 .debug_macro   0x000000000002243a       0x3b obj/test.o
 .debug_macro   0x0000000000022475      0xe66 obj/test.o
 .debug_macro   0x00000000000232db       0x97 obj/test.o
 .debug_macro   0x0000000000023372       0xef obj/test.o

.debug_line     0x0000000000000000     0xc1eb
 .debug_line    0x0000000000000000      0xab7 obj/lcd.o
 .debug_line    0x0000000000000ab7      0x628 obj/stm32f4xx_hal_msp.o
 .debug_line    0x00000000000010df      0x65e obj/main.o
 .debug_line    0x000000000000173d      0x5bf obj/stm32f4xx_it.o
 .debug_line    0x0000000000001cfc      0x28d obj/system_stm32f4xx.o
 .debug_line    0x0000000000001f89      0xc96 obj/stm32f4xx_hal_rcc_ex.o
 .debug_line    0x0000000000002c1f      0x75a obj/stm32f4xx_hal.o
 .debug_line    0x0000000000003379     0x136a obj/stm32f4xx_hal_spi.o
 .debug_line    0x00000000000046e3      0x7a5 obj/stm32f4xx_hal_gpio.o
 .debug_line    0x0000000000004e88      0x7fc obj/stm32f4xx_hal_cortex.o
 .debug_line    0x0000000000005684      0xa5b obj/stm32f4xx_hal_dma.o
 .debug_line    0x00000000000060df      0x989 obj/stm32f4xx_hal_rcc.o
 .debug_line    0x0000000000006a68      0x729 obj/stm32f4xx_hal_pwr_ex.o
 .debug_line    0x0000000000007191      0x1cd obj/fvector3.o
 .debug_line    0x000000000000735e      0x4df obj/matrix4.o
 .debug_line    0x000000000000783d      0x39d obj/triangle.o
 .debug_line    0x0000000000007bda      0x900 obj/3dmain.o
 .debug_line    0x00000000000084da      0x6b8 obj/texturepoly.o
 .debug_line    0x0000000000008b92      0x18d obj/vector2.o
 .debug_line    0x0000000000008d1f      0x5ae obj/test.o
 .debug_line    0x00000000000092cd      0x176 /usr/lib/gcc/arm-none-eabi/4.9.3/armv7e-m/libgcc.a(_arm_addsubdf3.o)
 .debug_line    0x0000000000009443      0x19a /usr/lib/gcc/arm-none-eabi/4.9.3/armv7e-m/libgcc.a(_arm_muldivdf3.o)
 .debug_line    0x00000000000095dd       0x8b /usr/lib/gcc/arm-none-eabi/4.9.3/armv7e-m/libgcc.a(_arm_truncdfsf2.o)
 .debug_line    0x0000000000009668      0x17b /usr/lib/gcc/arm-none-eabi/4.9.3/../../../arm-none-eabi/lib/armv7e-m/libm.a(lib_a-s_cos.o)
 .debug_line    0x00000000000097e3      0x17a /usr/lib/gcc/arm-none-eabi/4.9.3/../../../arm-none-eabi/lib/armv7e-m/libm.a(lib_a-s_sin.o)
 .debug_line    0x000000000000995d      0x174 /usr/lib/gcc/arm-none-eabi/4.9.3/../../../arm-none-eabi/lib/armv7e-m/libm.a(lib_a-sf_tan.o)
 .debug_line    0x0000000000009ad1      0x171 /usr/lib/gcc/arm-none-eabi/4.9.3/../../../arm-none-eabi/lib/armv7e-m/libm.a(lib_a-wf_sqrt.o)
 .debug_line    0x0000000000009c42      0x1fc /usr/lib/gcc/arm-none-eabi/4.9.3/../../../arm-none-eabi/lib/armv7e-m/libm.a(lib_a-e_rem_pio2.o)
 .debug_line    0x0000000000009e3e      0x1fb /usr/lib/gcc/arm-none-eabi/4.9.3/../../../arm-none-eabi/lib/armv7e-m/libm.a(lib_a-ef_rem_pio2.o)
 .debug_line    0x000000000000a039      0x143 /usr/lib/gcc/arm-none-eabi/4.9.3/../../../arm-none-eabi/lib/armv7e-m/libm.a(lib_a-ef_sqrt.o)
 .debug_line    0x000000000000a17c      0x128 /usr/lib/gcc/arm-none-eabi/4.9.3/../../../arm-none-eabi/lib/armv7e-m/libm.a(lib_a-k_cos.o)
 .debug_line    0x000000000000a2a4      0x396 /usr/lib/gcc/arm-none-eabi/4.9.3/../../../arm-none-eabi/lib/armv7e-m/libm.a(lib_a-k_rem_pio2.o)
 .debug_line    0x000000000000a63a       0xe6 /usr/lib/gcc/arm-none-eabi/4.9.3/../../../arm-none-eabi/lib/armv7e-m/libm.a(lib_a-k_sin.o)
 .debug_line    0x000000000000a720      0x37d /usr/lib/gcc/arm-none-eabi/4.9.3/../../../arm-none-eabi/lib/armv7e-m/libm.a(lib_a-kf_rem_pio2.o)
 .debug_line    0x000000000000aa9d      0x1ac /usr/lib/gcc/arm-none-eabi/4.9.3/../../../arm-none-eabi/lib/armv7e-m/libm.a(lib_a-kf_tan.o)
 .debug_line    0x000000000000ac49      0x151 /usr/lib/gcc/arm-none-eabi/4.9.3/../../../arm-none-eabi/lib/armv7e-m/libm.a(lib_a-s_fabs.o)
 .debug_line    0x000000000000ad9a      0x1c6 /usr/lib/gcc/arm-none-eabi/4.9.3/../../../arm-none-eabi/lib/armv7e-m/libm.a(lib_a-s_floor.o)
 .debug_line    0x000000000000af60       0xa5 /usr/lib/gcc/arm-none-eabi/4.9.3/../../../arm-none-eabi/lib/armv7e-m/libm.a(lib_a-s_lib_ver.o)
 .debug_line    0x000000000000b005       0xb6 /usr/lib/gcc/arm-none-eabi/4.9.3/../../../arm-none-eabi/lib/armv7e-m/libm.a(lib_a-s_matherr.o)
 .debug_line    0x000000000000b0bb      0x158 /usr/lib/gcc/arm-none-eabi/4.9.3/../../../arm-none-eabi/lib/armv7e-m/libm.a(lib_a-s_scalbn.o)
 .debug_line    0x000000000000b213      0x118 /usr/lib/gcc/arm-none-eabi/4.9.3/../../../arm-none-eabi/lib/armv7e-m/libm.a(lib_a-sf_fabs.o)
 .debug_line    0x000000000000b32b      0x1af /usr/lib/gcc/arm-none-eabi/4.9.3/../../../arm-none-eabi/lib/armv7e-m/libm.a(lib_a-sf_floor.o)
 .debug_line    0x000000000000b4da      0x126 /usr/lib/gcc/arm-none-eabi/4.9.3/../../../arm-none-eabi/lib/armv7e-m/libm.a(lib_a-sf_fpclassify.o)
 .debug_line    0x000000000000b600      0x155 /usr/lib/gcc/arm-none-eabi/4.9.3/../../../arm-none-eabi/lib/armv7e-m/libm.a(lib_a-sf_scalbn.o)
 .debug_line    0x000000000000b755      0x12a /usr/lib/gcc/arm-none-eabi/4.9.3/../../../arm-none-eabi/lib/armv7e-m/libm.a(lib_a-s_copysign.o)
 .debug_line    0x000000000000b87f      0x12b /usr/lib/gcc/arm-none-eabi/4.9.3/../../../arm-none-eabi/lib/armv7e-m/libm.a(lib_a-sf_copysign.o)
 .debug_line    0x000000000000b9aa      0x10b /usr/lib/gcc/arm-none-eabi/4.9.3/../../../arm-none-eabi/lib/armv7e-m/libc_nano.a(lib_a-errno.o)
 .debug_line    0x000000000000bab5       0xf1 /usr/lib/gcc/arm-none-eabi/4.9.3/../../../arm-none-eabi/lib/armv7e-m/libc_nano.a(lib_a-impure.o)
 .debug_line    0x000000000000bba6       0xb6 /usr/lib/gcc/arm-none-eabi/4.9.3/../../../arm-none-eabi/lib/armv7e-m/libc_nano.a(lib_a-init.o)
 .debug_line    0x000000000000bc5c       0xee /usr/lib/gcc/arm-none-eabi/4.9.3/../../../arm-none-eabi/lib/armv7e-m/libc_nano.a(lib_a-memset.o)
 .debug_line    0x000000000000bd4a       0xb7 /usr/lib/gcc/arm-none-eabi/4.9.3/armv7e-m/libgcc.a(_arm_cmpdf2.o)
 .debug_line    0x000000000000be01       0x77 /usr/lib/gcc/arm-none-eabi/4.9.3/armv7e-m/libgcc.a(_arm_fixdfsi.o)
 .debug_line    0x000000000000be78      0x117 /usr/lib/gcc/arm-none-eabi/4.9.3/armv7e-m/libgcc.a(_arm_addsubsf3.o)
 .debug_line    0x000000000000bf8f      0x13a /usr/lib/gcc/arm-none-eabi/4.9.3/armv7e-m/libgcc.a(_arm_muldivsf3.o)
 .debug_line    0x000000000000c0c9       0xab /usr/lib/gcc/arm-none-eabi/4.9.3/armv7e-m/libgcc.a(_arm_cmpsf2.o)
 .debug_line    0x000000000000c174       0x77 /usr/lib/gcc/arm-none-eabi/4.9.3/armv7e-m/libgcc.a(_arm_fixsfsi.o)

.debug_str      0x0000000000000000    0xc31e1
 .debug_str     0x0000000000000000    0xbe281 obj/lcd.o
                                      0xbe581 (size before relaxing)
 .debug_str     0x00000000000be281      0x703 obj/stm32f4xx_hal_msp.o
                                      0xbe878 (size before relaxing)
 .debug_str     0x00000000000be984      0x1f9 obj/main.o
                                      0xbec00 (size before relaxing)
 .debug_str     0x00000000000beb7d       0x83 obj/stm32f4xx_it.o
                                      0xbdf47 (size before relaxing)
 .debug_str     0x00000000000bec00      0x126 obj/system_stm32f4xx.o
                                      0x8694c (size before relaxing)
 .debug_str     0x00000000000bed26      0x321 obj/stm32f4xx_hal_rcc_ex.o
                                      0xbe232 (size before relaxing)
 .debug_str     0x00000000000bf047      0x50f obj/stm32f4xx_hal.o
                                      0xbe98e (size before relaxing)
 .debug_str     0x00000000000bf556      0x507 obj/stm32f4xx_hal_spi.o
                                      0xbe66f (size before relaxing)
 .debug_str     0x00000000000bfa5d      0x1b8 obj/stm32f4xx_hal_gpio.o
                                      0xbe09e (size before relaxing)
 .debug_str     0x00000000000bfc15      0x31a obj/stm32f4xx_hal_cortex.o
                                      0xbe727 (size before relaxing)
 .debug_str     0x00000000000bff2f      0x2bb obj/stm32f4xx_hal_dma.o
                                      0xbe26b (size before relaxing)
 .debug_str     0x00000000000c01ea      0x1c4 obj/stm32f4xx_hal_rcc.o
                                      0xbe2a0 (size before relaxing)
 .debug_str     0x00000000000c03ae      0x136 obj/stm32f4xx_hal_pwr_ex.o
                                      0xbe06e (size before relaxing)
 .debug_str     0x00000000000c04e4      0xe01 obj/fvector3.o
                                       0x527e (size before relaxing)
 .debug_str     0x00000000000c12e5      0x3c4 obj/matrix4.o
                                       0x70e4 (size before relaxing)
 .debug_str     0x00000000000c16a9      0x79a obj/triangle.o
                                       0x3fbf (size before relaxing)
 .debug_str     0x00000000000c1e43      0x38c obj/3dmain.o
                                       0x7b13 (size before relaxing)
 .debug_str     0x00000000000c21cf       0xaf obj/texturepoly.o
                                       0x41d6 (size before relaxing)
 .debug_str     0x00000000000c227e       0x78 obj/vector2.o
                                       0x268b (size before relaxing)
 .debug_str     0x00000000000c22f6       0x1a obj/test.o
                                      0xbdd66 (size before relaxing)
 .debug_str     0x00000000000c2310      0x146 /usr/lib/gcc/arm-none-eabi/4.9.3/../../../arm-none-eabi/lib/armv7e-m/libm.a(lib_a-s_cos.o)
                                        0x1fb (size before relaxing)
 .debug_str     0x00000000000c2456       0x2b /usr/lib/gcc/arm-none-eabi/4.9.3/../../../arm-none-eabi/lib/armv7e-m/libm.a(lib_a-s_sin.o)
                                        0x1fb (size before relaxing)
 .debug_str     0x00000000000c2481       0x4e /usr/lib/gcc/arm-none-eabi/4.9.3/../../../arm-none-eabi/lib/armv7e-m/libm.a(lib_a-sf_tan.o)
                                        0x1f6 (size before relaxing)
 .debug_str     0x00000000000c24cf       0x76 /usr/lib/gcc/arm-none-eabi/4.9.3/../../../arm-none-eabi/lib/armv7e-m/libm.a(lib_a-wf_sqrt.o)
                                        0x27a (size before relaxing)
 .debug_str     0x00000000000c2545       0xcd /usr/lib/gcc/arm-none-eabi/4.9.3/../../../arm-none-eabi/lib/armv7e-m/libm.a(lib_a-e_rem_pio2.o)
                                        0x294 (size before relaxing)
 .debug_str     0x00000000000c2612       0x74 /usr/lib/gcc/arm-none-eabi/4.9.3/../../../arm-none-eabi/lib/armv7e-m/libm.a(lib_a-ef_rem_pio2.o)
                                        0x295 (size before relaxing)
 .debug_str     0x00000000000c2686       0x32 /usr/lib/gcc/arm-none-eabi/4.9.3/../../../arm-none-eabi/lib/armv7e-m/libm.a(lib_a-ef_sqrt.o)
                                        0x21b (size before relaxing)
 .debug_str     0x00000000000c26b8       0x30 /usr/lib/gcc/arm-none-eabi/4.9.3/../../../arm-none-eabi/lib/armv7e-m/libm.a(lib_a-k_cos.o)
                                        0x20e (size before relaxing)
 .debug_str     0x00000000000c26e8       0x67 /usr/lib/gcc/arm-none-eabi/4.9.3/../../../arm-none-eabi/lib/armv7e-m/libm.a(lib_a-k_rem_pio2.o)
                                        0x22c (size before relaxing)